-- Found ament_cmake: 1.3.14 (/opt/ros/humble/share/ament_cmake/cmake)
-- Override CMake install command with custom implementation using symlinks instead of copying resources
-- Found rclcpp: 16.0.19 (/opt/ros/humble/share/rclcpp/cmake)
-- Found rosidl_generator_c: 3.1.8 (/opt/ros/humble/share/rosidl_generator_c/cmake)
-- Found rosidl_adapter: 3.1.8 (/opt/ros/humble/share/rosidl_adapter/cmake)
-- Found rosidl_generator_cpp: 3.1.8 (/opt/ros/humble/share/rosidl_generator_cpp/cmake)
-- Using all available rosidl_typesupport_c: rosidl_typesupport_fastrtps_c;rosidl_typesupport_introspection_c
-- Using all available rosidl_typesupport_cpp: rosidl_typesupport_fastrtps_cpp;rosidl_typesupport_introspection_cpp
-- Found rmw_implementation_cmake: 6.1.2 (/opt/ros/humble/share/rmw_implementation_cmake/cmake)
-- Found rmw_cyclonedds_cpp: 1.3.4 (/opt/ros/humble/share/rmw_cyclonedds_cpp/cmake)
-- Using RMW implementation 'rmw_cyclonedds_cpp' as default
-- Found nav2_costmap_2d: 1.1.20 (/opt/ros/humble/share/nav2_costmap_2d/cmake)
-- Ensuring Eigen3 include directory is part of orocos-kdl CMake target
-- Found ament_lint_auto: 0.12.15 (/opt/ros/humble/share/ament_lint_auto/cmake)
-- Added test 'copyright' to check source files copyright and LICENSE
-- Added test 'cppcheck' to perform static code analysis on C / C++ code
-- Configured cppcheck include dirs: /home/huyjetson/mobile_robot/ros2_ws/src/amr_costmap_plugins/include
-- Configured cppcheck exclude dirs and/or files: 
-- Added test 'cpplint' to check C / C++ code against the Google style
-- Configured cpplint exclude dirs and/or files: 
-- Added test 'lint_cmake' to check CMake code style
-- Added test 'uncrustify' to check C / C++ code style
-- Configured uncrustify additional arguments: 
-- Added test 'xmllint' to check XML markup files
-- Configuring done
-- Generating done
-- Build files have been written to: /home/huyjetson/mobile_robot/ros2_ws/build/amr_costmap_plugins
[35m[1mConsolidate compiler generated dependencies of target amr_costmap_plugins[0m
[ 50%] [32mBuilding CXX object CMakeFiles/amr_costmap_plugins.dir/src/ghrf_layer.cpp.o[0m
[100%] [32m[1mLinking CXX shared library libamr_costmap_plugins.so[0m
[100%] Built target amr_costmap_plugins
-- Install configuration: ""
-- Execute custom install script
-- Up-to-date symlink: /home/huyjetson/mobile_robot/ros2_ws/install/amr_costmap_plugins/share/amr_costmap_plugins//costmap_plugins.xml
-- Up-to-date symlink: /home/huyjetson/mobile_robot/ros2_ws/install/amr_costmap_plugins/lib/libamr_costmap_plugins.so
-- Up-to-date symlink: /home/huyjetson/mobile_robot/ros2_ws/install/amr_costmap_plugins/include/amr_costmap_plugins/ghrf_layer.hpp
-- Up-to-date symlink: /home/huyjetson/mobile_robot/ros2_ws/install/amr_costmap_plugins/share/amr_costmap_plugins/costmap_plugins.xml
-- Up-to-date symlink: /home/huyjetson/mobile_robot/ros2_ws/install/amr_costmap_plugins/share/amr_costmap_plugins/environment/library_path.sh
-- Up-to-date symlink: /home/huyjetson/mobile_robot/ros2_ws/install/amr_costmap_plugins/share/amr_costmap_plugins/environment/library_path.dsv
-- Up-to-date symlink: /home/huyjetson/mobile_robot/ros2_ws/install/amr_costmap_plugins/share/ament_index/resource_index/package_run_dependencies/amr_costmap_plugins
-- Up-to-date symlink: /home/huyjetson/mobile_robot/ros2_ws/install/amr_costmap_plugins/share/ament_index/resource_index/parent_prefix_path/amr_costmap_plugins
-- Up-to-date symlink: /home/huyjetson/mobile_robot/ros2_ws/install/amr_costmap_plugins/share/amr_costmap_plugins/environment/ament_prefix_path.sh
-- Up-to-date symlink: /home/huyjetson/mobile_robot/ros2_ws/install/amr_costmap_plugins/share/amr_costmap_plugins/environment/ament_prefix_path.dsv
-- Up-to-date symlink: /home/huyjetson/mobile_robot/ros2_ws/install/amr_costmap_plugins/share/amr_costmap_plugins/environment/path.sh
-- Up-to-date symlink: /home/huyjetson/mobile_robot/ros2_ws/install/amr_costmap_plugins/share/amr_costmap_plugins/environment/path.dsv
-- Up-to-date symlink: /home/huyjetson/mobile_robot/ros2_ws/install/amr_costmap_plugins/share/amr_costmap_plugins/local_setup.bash
-- Up-to-date symlink: /home/huyjetson/mobile_robot/ros2_ws/install/amr_costmap_plugins/share/amr_costmap_plugins/local_setup.sh
-- Up-to-date symlink: /home/huyjetson/mobile_robot/ros2_ws/install/amr_costmap_plugins/share/amr_costmap_plugins/local_setup.zsh
-- Up-to-date symlink: /home/huyjetson/mobile_robot/ros2_ws/install/amr_costmap_plugins/share/amr_costmap_plugins/local_setup.dsv
-- Symlinking: /home/huyjetson/mobile_robot/ros2_ws/install/amr_costmap_plugins/share/amr_costmap_plugins/package.dsv
-- Up-to-date symlink: /home/huyjetson/mobile_robot/ros2_ws/install/amr_costmap_plugins/share/ament_index/resource_index/packages/amr_costmap_plugins
-- Up-to-date symlink: /home/huyjetson/mobile_robot/ros2_ws/install/amr_costmap_plugins/share/ament_index/resource_index/nav2_costmap_2d__pluginlib__plugin/amr_costmap_plugins
-- Up-to-date symlink: /home/huyjetson/mobile_robot/ros2_ws/install/amr_costmap_plugins/share/amr_costmap_plugins/cmake/ament_cmake_export_include_directories-extras.cmake
-- Up-to-date symlink: /home/huyjetson/mobile_robot/ros2_ws/install/amr_costmap_plugins/share/amr_costmap_plugins/cmake/ament_cmake_export_libraries-extras.cmake
-- Up-to-date symlink: /home/huyjetson/mobile_robot/ros2_ws/install/amr_costmap_plugins/share/amr_costmap_plugins/cmake/ament_cmake_export_dependencies-extras.cmake
-- Up-to-date symlink: /home/huyjetson/mobile_robot/ros2_ws/install/amr_costmap_plugins/share/amr_costmap_plugins/cmake/amr_costmap_pluginsConfig.cmake
-- Up-to-date symlink: /home/huyjetson/mobile_robot/ros2_ws/install/amr_costmap_plugins/share/amr_costmap_plugins/cmake/amr_costmap_pluginsConfig-version.cmake
-- Up-to-date symlink: /home/huyjetson/mobile_robot/ros2_ws/install/amr_costmap_plugins/share/amr_costmap_plugins/package.xml
