[0.909s] Invoking command in '/home/huyjetson/mobile_robot/ros2_ws/build/amr_costmap_plugins': CMAKE_PREFIX_PATH=${CMAKE_PREFIX_PATH}:/home/huyjetson/mobile_robot/ros2_ws/src/install/amr_bringup:/home/huyjetson/mobile_robot/ros2_ws/install/amr_sensors:/home/huyjetson/mobile_robot/ros2_ws/install/amr_ai:/home/huyjetson/mobile_robot/ros2_ws/install/amr_bringup:/opt/ros/humble PS1=(ai_ros_venv) \[\e]0;\u@\h: \w\a\]${debian_chroot:+($debian_chroot)}\[\033[01;32m\]\u@\h\[\033[00m\]:\[\033[01;34m\]\w\[\033[00m\]\$ VIRTUAL_ENV_PROMPT=(ai_ros_venv) /usr/bin/cmake /home/huyjetson/mobile_robot/ros2_ws/src/amr_costmap_plugins -DAMENT_CMAKE_SYMLINK_INSTALL=1 -DCMAKE_INSTALL_PREFIX=/home/huyjetson/mobile_robot/ros2_ws/install/amr_costmap_plugins
[1.078s] -- The C compiler identification is GNU 11.4.0
[1.249s] -- The CXX compiler identification is GNU 11.4.0
[1.271s] -- Detecting C compiler ABI info
[1.568s] -- Detecting C compiler ABI info - done
[1.591s] -- Check for working C compiler: /usr/bin/cc - skipped
[1.595s] -- Detecting C compile features
[1.600s] -- Detecting C compile features - done
[1.613s] -- Detecting CXX compiler ABI info
[1.985s] -- Detecting CXX compiler ABI info - done
[2.007s] -- Check for working CXX compiler: /usr/bin/c++ - skipped
[2.007s] -- Detecting CXX compile features
[2.009s] -- Detecting CXX compile features - done
[2.021s] -- Found ament_cmake: 1.3.14 (/opt/ros/humble/share/ament_cmake/cmake)
[2.574s] -- Found Python3: /home/huyjetson/mobile_robot/ai_ros_venv/bin/python3 (found version "3.10.12") found components: Interpreter 
[2.827s] -- Override CMake install command with custom implementation using symlinks instead of copying resources
[2.968s] -- Found rclcpp: 16.0.19 (/opt/ros/humble/share/rclcpp/cmake)
[3.125s] -- Found rosidl_generator_c: 3.1.8 (/opt/ros/humble/share/rosidl_generator_c/cmake)
[3.146s] -- Found rosidl_adapter: 3.1.8 (/opt/ros/humble/share/rosidl_adapter/cmake)
[3.178s] -- Found rosidl_generator_cpp: 3.1.8 (/opt/ros/humble/share/rosidl_generator_cpp/cmake)
[3.219s] -- Using all available rosidl_typesupport_c: rosidl_typesupport_fastrtps_c;rosidl_typesupport_introspection_c
[3.275s] -- Using all available rosidl_typesupport_cpp: rosidl_typesupport_fastrtps_cpp;rosidl_typesupport_introspection_cpp
[3.429s] -- Found rmw_implementation_cmake: 6.1.2 (/opt/ros/humble/share/rmw_implementation_cmake/cmake)
[3.441s] -- Found rmw_cyclonedds_cpp: 1.3.4 (/opt/ros/humble/share/rmw_cyclonedds_cpp/cmake)
[3.523s] -- Using RMW implementation 'rmw_cyclonedds_cpp' as default
[3.559s] -- Looking for pthread.h
[3.816s] -- Looking for pthread.h - found
[3.819s] -- Performing Test CMAKE_HAVE_LIBC_PTHREAD
[4.076s] -- Performing Test CMAKE_HAVE_LIBC_PTHREAD - Success
[4.079s] -- Found Threads: TRUE  
[4.249s] -- Found nav2_costmap_2d: 1.1.20 (/opt/ros/humble/share/nav2_costmap_2d/cmake)
[4.956s] -- Found Eigen3: TRUE (found version "3.4.0") 
[4.957s] -- Ensuring Eigen3 include directory is part of orocos-kdl CMake target
[5.365s] -- Found ament_lint_auto: 0.12.15 (/opt/ros/humble/share/ament_lint_auto/cmake)
[5.668s] -- Added test 'copyright' to check source files copyright and LICENSE
[5.671s] -- Added test 'cppcheck' to perform static code analysis on C / C++ code
[5.671s] -- Configured cppcheck include dirs: /home/huyjetson/mobile_robot/ros2_ws/src/amr_costmap_plugins/include
[5.671s] -- Configured cppcheck exclude dirs and/or files: 
[5.675s] -- Added test 'cpplint' to check C / C++ code against the Google style
[5.675s] -- Configured cpplint exclude dirs and/or files: 
[5.678s] -- Added test 'lint_cmake' to check CMake code style
[5.681s] -- Added test 'uncrustify' to check C / C++ code style
[5.681s] -- Configured uncrustify additional arguments: 
[5.683s] -- Added test 'xmllint' to check XML markup files
[5.696s] -- Configuring done
[5.800s] -- Generating done
[5.820s] -- Build files have been written to: /home/huyjetson/mobile_robot/ros2_ws/build/amr_costmap_plugins
[5.880s] Invoked command in '/home/huyjetson/mobile_robot/ros2_ws/build/amr_costmap_plugins' returned '0': CMAKE_PREFIX_PATH=${CMAKE_PREFIX_PATH}:/home/huyjetson/mobile_robot/ros2_ws/src/install/amr_bringup:/home/huyjetson/mobile_robot/ros2_ws/install/amr_sensors:/home/huyjetson/mobile_robot/ros2_ws/install/amr_ai:/home/huyjetson/mobile_robot/ros2_ws/install/amr_bringup:/opt/ros/humble PS1=(ai_ros_venv) \[\e]0;\u@\h: \w\a\]${debian_chroot:+($debian_chroot)}\[\033[01;32m\]\u@\h\[\033[00m\]:\[\033[01;34m\]\w\[\033[00m\]\$ VIRTUAL_ENV_PROMPT=(ai_ros_venv) /usr/bin/cmake /home/huyjetson/mobile_robot/ros2_ws/src/amr_costmap_plugins -DAMENT_CMAKE_SYMLINK_INSTALL=1 -DCMAKE_INSTALL_PREFIX=/home/huyjetson/mobile_robot/ros2_ws/install/amr_costmap_plugins
[5.887s] Invoking command in '/home/huyjetson/mobile_robot/ros2_ws/build/amr_costmap_plugins': CMAKE_PREFIX_PATH=${CMAKE_PREFIX_PATH}:/home/huyjetson/mobile_robot/ros2_ws/src/install/amr_bringup:/home/huyjetson/mobile_robot/ros2_ws/install/amr_sensors:/home/huyjetson/mobile_robot/ros2_ws/install/amr_ai:/home/huyjetson/mobile_robot/ros2_ws/install/amr_bringup:/opt/ros/humble PS1=(ai_ros_venv) \[\e]0;\u@\h: \w\a\]${debian_chroot:+($debian_chroot)}\[\033[01;32m\]\u@\h\[\033[00m\]:\[\033[01;34m\]\w\[\033[00m\]\$ VIRTUAL_ENV_PROMPT=(ai_ros_venv) /usr/bin/cmake --build /home/huyjetson/mobile_robot/ros2_ws/build/amr_costmap_plugins -- -j6 -l6
[6.067s] [ 50%] [32mBuilding CXX object CMakeFiles/amr_costmap_plugins.dir/src/ghrf_layer.cpp.o[0m
[39.549s] [100%] [32m[1mLinking CXX shared library libamr_costmap_plugins.so[0m
[42.121s] [100%] Built target amr_costmap_plugins
[42.164s] Invoked command in '/home/huyjetson/mobile_robot/ros2_ws/build/amr_costmap_plugins' returned '0': CMAKE_PREFIX_PATH=${CMAKE_PREFIX_PATH}:/home/huyjetson/mobile_robot/ros2_ws/src/install/amr_bringup:/home/huyjetson/mobile_robot/ros2_ws/install/amr_sensors:/home/huyjetson/mobile_robot/ros2_ws/install/amr_ai:/home/huyjetson/mobile_robot/ros2_ws/install/amr_bringup:/opt/ros/humble PS1=(ai_ros_venv) \[\e]0;\u@\h: \w\a\]${debian_chroot:+($debian_chroot)}\[\033[01;32m\]\u@\h\[\033[00m\]:\[\033[01;34m\]\w\[\033[00m\]\$ VIRTUAL_ENV_PROMPT=(ai_ros_venv) /usr/bin/cmake --build /home/huyjetson/mobile_robot/ros2_ws/build/amr_costmap_plugins -- -j6 -l6
[42.168s] Invoking command in '/home/huyjetson/mobile_robot/ros2_ws/build/amr_costmap_plugins': CMAKE_PREFIX_PATH=${CMAKE_PREFIX_PATH}:/home/huyjetson/mobile_robot/ros2_ws/src/install/amr_bringup:/home/huyjetson/mobile_robot/ros2_ws/install/amr_sensors:/home/huyjetson/mobile_robot/ros2_ws/install/amr_ai:/home/huyjetson/mobile_robot/ros2_ws/install/amr_bringup:/opt/ros/humble PS1=(ai_ros_venv) \[\e]0;\u@\h: \w\a\]${debian_chroot:+($debian_chroot)}\[\033[01;32m\]\u@\h\[\033[00m\]:\[\033[01;34m\]\w\[\033[00m\]\$ VIRTUAL_ENV_PROMPT=(ai_ros_venv) /usr/bin/cmake --install /home/huyjetson/mobile_robot/ros2_ws/build/amr_costmap_plugins
[42.196s] -- Install configuration: ""
[42.197s] -- Execute custom install script
[42.198s] -- Symlinking: /home/huyjetson/mobile_robot/ros2_ws/install/amr_costmap_plugins/share/amr_costmap_plugins//costmap_plugins.xml
[42.230s] -- Symlinking: /home/huyjetson/mobile_robot/ros2_ws/install/amr_costmap_plugins/lib/libamr_costmap_plugins.so
[42.263s] -- Symlinking: /home/huyjetson/mobile_robot/ros2_ws/install/amr_costmap_plugins/include/amr_costmap_plugins/ghrf_layer.hpp
[42.297s] -- Up-to-date symlink: /home/huyjetson/mobile_robot/ros2_ws/install/amr_costmap_plugins/share/amr_costmap_plugins/costmap_plugins.xml
[42.297s] -- Symlinking: /home/huyjetson/mobile_robot/ros2_ws/install/amr_costmap_plugins/share/amr_costmap_plugins/environment/library_path.sh
[42.330s] -- Symlinking: /home/huyjetson/mobile_robot/ros2_ws/install/amr_costmap_plugins/share/amr_costmap_plugins/environment/library_path.dsv
[42.362s] -- Symlinking: /home/huyjetson/mobile_robot/ros2_ws/install/amr_costmap_plugins/share/ament_index/resource_index/package_run_dependencies/amr_costmap_plugins
[42.395s] -- Symlinking: /home/huyjetson/mobile_robot/ros2_ws/install/amr_costmap_plugins/share/ament_index/resource_index/parent_prefix_path/amr_costmap_plugins
[42.428s] -- Symlinking: /home/huyjetson/mobile_robot/ros2_ws/install/amr_costmap_plugins/share/amr_costmap_plugins/environment/ament_prefix_path.sh
[42.461s] -- Symlinking: /home/huyjetson/mobile_robot/ros2_ws/install/amr_costmap_plugins/share/amr_costmap_plugins/environment/ament_prefix_path.dsv
[42.491s] -- Symlinking: /home/huyjetson/mobile_robot/ros2_ws/install/amr_costmap_plugins/share/amr_costmap_plugins/environment/path.sh
[42.521s] -- Symlinking: /home/huyjetson/mobile_robot/ros2_ws/install/amr_costmap_plugins/share/amr_costmap_plugins/environment/path.dsv
[42.556s] -- Symlinking: /home/huyjetson/mobile_robot/ros2_ws/install/amr_costmap_plugins/share/amr_costmap_plugins/local_setup.bash
[42.587s] -- Symlinking: /home/huyjetson/mobile_robot/ros2_ws/install/amr_costmap_plugins/share/amr_costmap_plugins/local_setup.sh
[42.630s] -- Symlinking: /home/huyjetson/mobile_robot/ros2_ws/install/amr_costmap_plugins/share/amr_costmap_plugins/local_setup.zsh
[42.683s] -- Symlinking: /home/huyjetson/mobile_robot/ros2_ws/install/amr_costmap_plugins/share/amr_costmap_plugins/local_setup.dsv
[42.718s] -- Symlinking: /home/huyjetson/mobile_robot/ros2_ws/install/amr_costmap_plugins/share/amr_costmap_plugins/package.dsv
[42.756s] -- Symlinking: /home/huyjetson/mobile_robot/ros2_ws/install/amr_costmap_plugins/share/ament_index/resource_index/packages/amr_costmap_plugins
[42.792s] -- Symlinking: /home/huyjetson/mobile_robot/ros2_ws/install/amr_costmap_plugins/share/ament_index/resource_index/nav2_costmap_2d__pluginlib__plugin/amr_costmap_plugins
[42.827s] -- Symlinking: /home/huyjetson/mobile_robot/ros2_ws/install/amr_costmap_plugins/share/amr_costmap_plugins/cmake/ament_cmake_export_include_directories-extras.cmake
[42.865s] -- Symlinking: /home/huyjetson/mobile_robot/ros2_ws/install/amr_costmap_plugins/share/amr_costmap_plugins/cmake/ament_cmake_export_libraries-extras.cmake
[42.897s] -- Symlinking: /home/huyjetson/mobile_robot/ros2_ws/install/amr_costmap_plugins/share/amr_costmap_plugins/cmake/ament_cmake_export_dependencies-extras.cmake
[42.930s] -- Symlinking: /home/huyjetson/mobile_robot/ros2_ws/install/amr_costmap_plugins/share/amr_costmap_plugins/cmake/amr_costmap_pluginsConfig.cmake
[42.964s] -- Symlinking: /home/huyjetson/mobile_robot/ros2_ws/install/amr_costmap_plugins/share/amr_costmap_plugins/cmake/amr_costmap_pluginsConfig-version.cmake
[42.999s] -- Symlinking: /home/huyjetson/mobile_robot/ros2_ws/install/amr_costmap_plugins/share/amr_costmap_plugins/package.xml
[43.039s] Invoked command in '/home/huyjetson/mobile_robot/ros2_ws/build/amr_costmap_plugins' returned '0': CMAKE_PREFIX_PATH=${CMAKE_PREFIX_PATH}:/home/huyjetson/mobile_robot/ros2_ws/src/install/amr_bringup:/home/huyjetson/mobile_robot/ros2_ws/install/amr_sensors:/home/huyjetson/mobile_robot/ros2_ws/install/amr_ai:/home/huyjetson/mobile_robot/ros2_ws/install/amr_bringup:/opt/ros/humble PS1=(ai_ros_venv) \[\e]0;\u@\h: \w\a\]${debian_chroot:+($debian_chroot)}\[\033[01;32m\]\u@\h\[\033[00m\]:\[\033[01;34m\]\w\[\033[00m\]\$ VIRTUAL_ENV_PROMPT=(ai_ros_venv) /usr/bin/cmake --install /home/huyjetson/mobile_robot/ros2_ws/build/amr_costmap_plugins
