[0.035s] Invoking command in '/home/huyjetson/mobile_robot/ros2_ws/build/amr_pointcloud_filter': CMAKE_PREFIX_PATH=${CMAKE_PREFIX_PATH}:/home/huyjetson/mobile_robot/ros2_ws/install/amr_sensors:/home/huyjetson/mobile_robot/ros2_ws/install/amr_ai:/home/huyjetson/mobile_robot/ros2_ws/install/amr_bringup:/opt/ros/humble /usr/bin/cmake /home/huyjetson/mobile_robot/ros2_ws/src/amr_pointcloud_filter -DCMAKE_INSTALL_PREFIX=/home/huyjetson/mobile_robot/ros2_ws/install/amr_pointcloud_filter
[0.067s] -- Found ament_cmake: 1.3.14 (/opt/ros/humble/share/ament_cmake/cmake)
[0.347s] -- Override CMake install command with custom implementation using symlinks instead of copying resources
[0.377s] -- Found rclcpp: 16.0.19 (/opt/ros/humble/share/rclcpp/cmake)
[0.443s] -- Found rosidl_generator_c: 3.1.8 (/opt/ros/humble/share/rosidl_generator_c/cmake)
[0.448s] -- Found rosidl_adapter: 3.1.8 (/opt/ros/humble/share/rosidl_adapter/cmake)
[0.458s] -- Found rosidl_generator_cpp: 3.1.8 (/opt/ros/humble/share/rosidl_generator_cpp/cmake)
[0.476s] -- Using all available rosidl_typesupport_c: rosidl_typesupport_fastrtps_c;rosidl_typesupport_introspection_c
[0.498s] -- Using all available rosidl_typesupport_cpp: rosidl_typesupport_fastrtps_cpp;rosidl_typesupport_introspection_cpp
[0.555s] -- Found rmw_implementation_cmake: 6.1.2 (/opt/ros/humble/share/rmw_implementation_cmake/cmake)
[0.558s] -- Found rmw_cyclonedds_cpp: 1.3.4 (/opt/ros/humble/share/rmw_cyclonedds_cpp/cmake)
[0.590s] -- Using RMW implementation 'rmw_cyclonedds_cpp' as default
[0.676s] -- Found sensor_msgs: 4.9.1 (/opt/ros/humble/share/sensor_msgs/cmake)
[0.722s] -- Found nav_msgs: 4.9.1 (/opt/ros/humble/share/nav_msgs/cmake)
[0.750s] -- Found tf2: 0.25.20 (/opt/ros/humble/share/tf2/cmake)
[0.758s] -- Found tf2_ros: 0.25.20 (/opt/ros/humble/share/tf2_ros/cmake)
[0.888s] -- Found tf2_geometry_msgs: 0.25.20 (/opt/ros/humble/share/tf2_geometry_msgs/cmake)
[0.894s] -- Found eigen3_cmake_module: 0.1.1 (/opt/ros/humble/share/eigen3_cmake_module/cmake)
[0.896s] -- Ensuring Eigen3 include directory is part of orocos-kdl CMake target
[0.898s] -- Found pcl_conversions: 2.4.5 (/opt/ros/humble/share/pcl_conversions/cmake)
[0.953s] -- Eigen found (include: /usr/include/eigen3, version: 3.4.0)
[1.014s] -- FLANN found (include: /usr/include, lib: /usr/lib/aarch64-linux-gnu/libflann_cpp.so)
[1.741s] -- OpenNI found (version: 1.5.4.0, include: /usr/include/ni, lib: /usr/lib/libOpenNI.so;libusb::libusb)
[1.756s] -- OpenNI2 found (version: 2.3.0.85, include: /home/huyjetson/mobile_robot/ros2_ws/install/astra_camera/include/openni2, lib: /home/huyjetson/mobile_robot/ros2_ws/install/astra_camera/lib/libOpenNI2.so;libusb::libusb)
[2.049s] -- Eigen found (include: /usr/include/eigen3, version: 3.4.0)
[2.060s] -- OpenNI found (version: 1.5.4.0, include: /usr/include/ni, lib: /usr/lib/libOpenNI.so;libusb::libusb)
[2.071s] -- OpenNI2 found (version: 2.3.0.85, include: /home/huyjetson/mobile_robot/ros2_ws/install/astra_camera/include/openni2, lib: /home/huyjetson/mobile_robot/ros2_ws/install/astra_camera/lib/libOpenNI2.so;libusb::libusb)
[2.331s] -- Found Qhull version 8.0.2
[2.606s] -- OpenNI found (version: 1.5.4.0, include: /usr/include/ni, lib: /usr/lib/libOpenNI.so;libusb::libusb)
[3.077s] -- Configuring done
[3.160s] -- Generating done
[3.186s] -- Build files have been written to: /home/huyjetson/mobile_robot/ros2_ws/build/amr_pointcloud_filter
[3.227s] Invoked command in '/home/huyjetson/mobile_robot/ros2_ws/build/amr_pointcloud_filter' returned '0': CMAKE_PREFIX_PATH=${CMAKE_PREFIX_PATH}:/home/huyjetson/mobile_robot/ros2_ws/install/amr_sensors:/home/huyjetson/mobile_robot/ros2_ws/install/amr_ai:/home/huyjetson/mobile_robot/ros2_ws/install/amr_bringup:/opt/ros/humble /usr/bin/cmake /home/huyjetson/mobile_robot/ros2_ws/src/amr_pointcloud_filter -DCMAKE_INSTALL_PREFIX=/home/huyjetson/mobile_robot/ros2_ws/install/amr_pointcloud_filter
[3.235s] Invoking command in '/home/huyjetson/mobile_robot/ros2_ws/build/amr_pointcloud_filter': CMAKE_PREFIX_PATH=${CMAKE_PREFIX_PATH}:/home/huyjetson/mobile_robot/ros2_ws/install/amr_sensors:/home/huyjetson/mobile_robot/ros2_ws/install/amr_ai:/home/huyjetson/mobile_robot/ros2_ws/install/amr_bringup:/opt/ros/humble /usr/bin/cmake --build /home/huyjetson/mobile_robot/ros2_ws/build/amr_pointcloud_filter -- -j6 -l6
[3.362s] [35m[1mConsolidate compiler generated dependencies of target height_risk_projector[0m
[3.366s] [35m[1mConsolidate compiler generated dependencies of target depth_cloud_filter[0m
[3.414s] [ 75%] Built target height_risk_projector
[3.414s] [100%] Built target depth_cloud_filter
[3.465s] Invoked command in '/home/huyjetson/mobile_robot/ros2_ws/build/amr_pointcloud_filter' returned '0': CMAKE_PREFIX_PATH=${CMAKE_PREFIX_PATH}:/home/huyjetson/mobile_robot/ros2_ws/install/amr_sensors:/home/huyjetson/mobile_robot/ros2_ws/install/amr_ai:/home/huyjetson/mobile_robot/ros2_ws/install/amr_bringup:/opt/ros/humble /usr/bin/cmake --build /home/huyjetson/mobile_robot/ros2_ws/build/amr_pointcloud_filter -- -j6 -l6
[3.473s] Invoking command in '/home/huyjetson/mobile_robot/ros2_ws/build/amr_pointcloud_filter': CMAKE_PREFIX_PATH=${CMAKE_PREFIX_PATH}:/home/huyjetson/mobile_robot/ros2_ws/install/amr_sensors:/home/huyjetson/mobile_robot/ros2_ws/install/amr_ai:/home/huyjetson/mobile_robot/ros2_ws/install/amr_bringup:/opt/ros/humble /usr/bin/cmake --install /home/huyjetson/mobile_robot/ros2_ws/build/amr_pointcloud_filter
[3.491s] -- Install configuration: "Release"
[3.491s] -- Execute custom install script
[3.492s] -- Up-to-date symlink: /home/huyjetson/mobile_robot/ros2_ws/install/amr_pointcloud_filter/lib/amr_pointcloud_filter/depth_cloud_filter
[3.493s] -- Up-to-date symlink: /home/huyjetson/mobile_robot/ros2_ws/install/amr_pointcloud_filter/lib/amr_pointcloud_filter/height_risk_projector
[3.493s] -- Up-to-date symlink: /home/huyjetson/mobile_robot/ros2_ws/install/amr_pointcloud_filter/share/ament_index/resource_index/package_run_dependencies/amr_pointcloud_filter
[3.494s] -- Up-to-date symlink: /home/huyjetson/mobile_robot/ros2_ws/install/amr_pointcloud_filter/share/ament_index/resource_index/parent_prefix_path/amr_pointcloud_filter
[3.494s] -- Up-to-date symlink: /home/huyjetson/mobile_robot/ros2_ws/install/amr_pointcloud_filter/share/amr_pointcloud_filter/environment/ament_prefix_path.sh
[3.495s] -- Up-to-date symlink: /home/huyjetson/mobile_robot/ros2_ws/install/amr_pointcloud_filter/share/amr_pointcloud_filter/environment/ament_prefix_path.dsv
[3.495s] -- Up-to-date symlink: /home/huyjetson/mobile_robot/ros2_ws/install/amr_pointcloud_filter/share/amr_pointcloud_filter/environment/path.sh
[3.495s] -- Up-to-date symlink: /home/huyjetson/mobile_robot/ros2_ws/install/amr_pointcloud_filter/share/amr_pointcloud_filter/environment/path.dsv
[3.495s] -- Up-to-date symlink: /home/huyjetson/mobile_robot/ros2_ws/install/amr_pointcloud_filter/share/amr_pointcloud_filter/local_setup.bash
[3.496s] -- Up-to-date symlink: /home/huyjetson/mobile_robot/ros2_ws/install/amr_pointcloud_filter/share/amr_pointcloud_filter/local_setup.sh
[3.496s] -- Up-to-date symlink: /home/huyjetson/mobile_robot/ros2_ws/install/amr_pointcloud_filter/share/amr_pointcloud_filter/local_setup.zsh
[3.496s] -- Up-to-date symlink: /home/huyjetson/mobile_robot/ros2_ws/install/amr_pointcloud_filter/share/amr_pointcloud_filter/local_setup.dsv
[3.496s] -- Symlinking: /home/huyjetson/mobile_robot/ros2_ws/install/amr_pointcloud_filter/share/amr_pointcloud_filter/package.dsv
[3.525s] -- Up-to-date symlink: /home/huyjetson/mobile_robot/ros2_ws/install/amr_pointcloud_filter/share/ament_index/resource_index/packages/amr_pointcloud_filter
[3.525s] -- Up-to-date symlink: /home/huyjetson/mobile_robot/ros2_ws/install/amr_pointcloud_filter/share/amr_pointcloud_filter/cmake/amr_pointcloud_filterConfig.cmake
[3.526s] -- Up-to-date symlink: /home/huyjetson/mobile_robot/ros2_ws/install/amr_pointcloud_filter/share/amr_pointcloud_filter/cmake/amr_pointcloud_filterConfig-version.cmake
[3.526s] -- Up-to-date symlink: /home/huyjetson/mobile_robot/ros2_ws/install/amr_pointcloud_filter/share/amr_pointcloud_filter/package.xml
[3.533s] Invoked command in '/home/huyjetson/mobile_robot/ros2_ws/build/amr_pointcloud_filter' returned '0': CMAKE_PREFIX_PATH=${CMAKE_PREFIX_PATH}:/home/huyjetson/mobile_robot/ros2_ws/install/amr_sensors:/home/huyjetson/mobile_robot/ros2_ws/install/amr_ai:/home/huyjetson/mobile_robot/ros2_ws/install/amr_bringup:/opt/ros/humble /usr/bin/cmake --install /home/huyjetson/mobile_robot/ros2_ws/build/amr_pointcloud_filter
