[1.248s] Invoking command in '/home/huyjetson/mobile_robot/ros2_ws/build/amr_ai': CMAKE_PREFIX_PATH=/home/huyjetson/mobile_robot/ros2_ws/install/amr_interfaces:/home/huyjetson/mobile_robot/ros2_ws/install/sllidar_ros2:/home/huyjetson/mobile_robot/ros2_ws/install/multirobot_map_merge:/home/huyjetson/mobile_robot/ros2_ws/install/explore_lite:/home/huyjetson/mobile_robot/ros2_ws/install/explore_lite_msgs:/home/huyjetson/mobile_robot/ros2_ws/install/astra_camera:/home/huyjetson/mobile_robot/ros2_ws/install/astra_camera_msgs:/home/huyjetson/mobile_robot/ros2_ws/install/amr_navigation:/home/huyjetson/mobile_robot/ros2_ws/install/amr_slam:/home/huyjetson/mobile_robot/ros2_ws/install/amr_pointcloud_filter:/home/huyjetson/mobile_robot/ros2_ws/install/amr_description:/home/huyjetson/mobile_robot/ros2_ws/install/amr_costmap_plugins:/home/huyjetson/mobile_robot/ros2_ws/install/amr_control LD_LIBRARY_PATH=/home/huyjetson/mobile_robot/ros2_ws/install/amr_interfaces/lib:/home/huyjetson/mobile_robot/ros2_ws/install/multirobot_map_merge/lib:/home/huyjetson/mobile_robot/ros2_ws/install/explore_lite_msgs/lib:/home/huyjetson/mobile_robot/ros2_ws/install/astra_camera/lib:/home/huyjetson/mobile_robot/ros2_ws/install/astra_camera_msgs/lib:/home/huyjetson/mobile_robot/ros2_ws/install/amr_costmap_plugins/lib:/opt/ros/humble/opt/rviz_ogre_vendor/lib:/opt/ros/humble/lib/aarch64-linux-gnu:/opt/ros/humble/opt/openvdb_vendor/lib:/opt/ros/humble/lib PS1=(ai_ros_venv) \[\e]0;\u@\h: \w\a\]${debian_chroot:+($debian_chroot)}\[\033[01;32m\]\u@\h\[\033[00m\]:\[\033[01;34m\]\w\[\033[00m\]\$ PYTHONPATH=/home/huyjetson/mobile_robot/ros2_ws/build/amr_ai/prefix_override:/usr/lib/python3/dist-packages/colcon_core/task/python/colcon_distutils_commands:/home/huyjetson/mobile_robot/ros2_ws/install/amr_ai/lib/python3.10/site-packages:/home/huyjetson/mobile_robot/ros2_ws/install/amr_interfaces/lib/python3.10/site-packages:/home/huyjetson/mobile_robot/ros2_ws/build/amr_ai:/home/huyjetson/mobile_robot/ros2_ws/install/explore_lite_msgs/local/lib/python3.10/dist-packages:/home/huyjetson/mobile_robot/ros2_ws/install/astra_camera_msgs/local/lib/python3.10/dist-packages:/home/huyjetson/mobile_robot/ros2_ws/build/amr_sensors:/home/huyjetson/mobile_robot/ros2_ws/install/amr_sensors/lib/python3.10/site-packages:/home/huyjetson/mobile_robot/ros2_ws/install/amr_ai/lib/python3.10/site-packages:/home/huyjetson/mobile_robot/ros2_ws/build/amr_bringup:/home/huyjetson/mobile_robot/ros2_ws/install/amr_bringup/lib/python3.10/site-packages:/opt/ros/humble/lib/python3.10/site-packages:/opt/ros/humble/local/lib/python3.10/dist-packages VIRTUAL_ENV_PROMPT=(ai_ros_venv) /usr/bin/python3 -W ignore:setup.py install is deprecated -W ignore:easy_install command is deprecated setup.py develop --uninstall --editable --build-directory /home/huyjetson/mobile_robot/ros2_ws/build/amr_ai/build
[1.775s] running develop
[2.111s] Removing /home/huyjetson/mobile_robot/ros2_ws/install/amr_ai/lib/python3.10/site-packages/amr-ai.egg-link (link to .)
[2.187s] Invoked command in '/home/huyjetson/mobile_robot/ros2_ws/build/amr_ai' returned '0': CMAKE_PREFIX_PATH=/home/huyjetson/mobile_robot/ros2_ws/install/amr_interfaces:/home/huyjetson/mobile_robot/ros2_ws/install/sllidar_ros2:/home/huyjetson/mobile_robot/ros2_ws/install/multirobot_map_merge:/home/huyjetson/mobile_robot/ros2_ws/install/explore_lite:/home/huyjetson/mobile_robot/ros2_ws/install/explore_lite_msgs:/home/huyjetson/mobile_robot/ros2_ws/install/astra_camera:/home/huyjetson/mobile_robot/ros2_ws/install/astra_camera_msgs:/home/huyjetson/mobile_robot/ros2_ws/install/amr_navigation:/home/huyjetson/mobile_robot/ros2_ws/install/amr_slam:/home/huyjetson/mobile_robot/ros2_ws/install/amr_pointcloud_filter:/home/huyjetson/mobile_robot/ros2_ws/install/amr_description:/home/huyjetson/mobile_robot/ros2_ws/install/amr_costmap_plugins:/home/huyjetson/mobile_robot/ros2_ws/install/amr_control LD_LIBRARY_PATH=/home/huyjetson/mobile_robot/ros2_ws/install/amr_interfaces/lib:/home/huyjetson/mobile_robot/ros2_ws/install/multirobot_map_merge/lib:/home/huyjetson/mobile_robot/ros2_ws/install/explore_lite_msgs/lib:/home/huyjetson/mobile_robot/ros2_ws/install/astra_camera/lib:/home/huyjetson/mobile_robot/ros2_ws/install/astra_camera_msgs/lib:/home/huyjetson/mobile_robot/ros2_ws/install/amr_costmap_plugins/lib:/opt/ros/humble/opt/rviz_ogre_vendor/lib:/opt/ros/humble/lib/aarch64-linux-gnu:/opt/ros/humble/opt/openvdb_vendor/lib:/opt/ros/humble/lib PS1=(ai_ros_venv) \[\e]0;\u@\h: \w\a\]${debian_chroot:+($debian_chroot)}\[\033[01;32m\]\u@\h\[\033[00m\]:\[\033[01;34m\]\w\[\033[00m\]\$ PYTHONPATH=/home/huyjetson/mobile_robot/ros2_ws/build/amr_ai/prefix_override:/usr/lib/python3/dist-packages/colcon_core/task/python/colcon_distutils_commands:/home/huyjetson/mobile_robot/ros2_ws/install/amr_ai/lib/python3.10/site-packages:/home/huyjetson/mobile_robot/ros2_ws/install/amr_interfaces/lib/python3.10/site-packages:/home/huyjetson/mobile_robot/ros2_ws/build/amr_ai:/home/huyjetson/mobile_robot/ros2_ws/install/explore_lite_msgs/local/lib/python3.10/dist-packages:/home/huyjetson/mobile_robot/ros2_ws/install/astra_camera_msgs/local/lib/python3.10/dist-packages:/home/huyjetson/mobile_robot/ros2_ws/build/amr_sensors:/home/huyjetson/mobile_robot/ros2_ws/install/amr_sensors/lib/python3.10/site-packages:/home/huyjetson/mobile_robot/ros2_ws/install/amr_ai/lib/python3.10/site-packages:/home/huyjetson/mobile_robot/ros2_ws/build/amr_bringup:/home/huyjetson/mobile_robot/ros2_ws/install/amr_bringup/lib/python3.10/site-packages:/opt/ros/humble/lib/python3.10/site-packages:/opt/ros/humble/local/lib/python3.10/dist-packages VIRTUAL_ENV_PROMPT=(ai_ros_venv) /usr/bin/python3 -W ignore:setup.py install is deprecated -W ignore:easy_install command is deprecated setup.py develop --uninstall --editable --build-directory /home/huyjetson/mobile_robot/ros2_ws/build/amr_ai/build
[2.192s] Invoking command in '/home/huyjetson/mobile_robot/ros2_ws/src/amr_ai': CMAKE_PREFIX_PATH=/home/huyjetson/mobile_robot/ros2_ws/install/amr_interfaces:/home/huyjetson/mobile_robot/ros2_ws/install/sllidar_ros2:/home/huyjetson/mobile_robot/ros2_ws/install/multirobot_map_merge:/home/huyjetson/mobile_robot/ros2_ws/install/explore_lite:/home/huyjetson/mobile_robot/ros2_ws/install/explore_lite_msgs:/home/huyjetson/mobile_robot/ros2_ws/install/astra_camera:/home/huyjetson/mobile_robot/ros2_ws/install/astra_camera_msgs:/home/huyjetson/mobile_robot/ros2_ws/install/amr_navigation:/home/huyjetson/mobile_robot/ros2_ws/install/amr_slam:/home/huyjetson/mobile_robot/ros2_ws/install/amr_pointcloud_filter:/home/huyjetson/mobile_robot/ros2_ws/install/amr_description:/home/huyjetson/mobile_robot/ros2_ws/install/amr_costmap_plugins:/home/huyjetson/mobile_robot/ros2_ws/install/amr_control LD_LIBRARY_PATH=/home/huyjetson/mobile_robot/ros2_ws/install/amr_interfaces/lib:/home/huyjetson/mobile_robot/ros2_ws/install/multirobot_map_merge/lib:/home/huyjetson/mobile_robot/ros2_ws/install/explore_lite_msgs/lib:/home/huyjetson/mobile_robot/ros2_ws/install/astra_camera/lib:/home/huyjetson/mobile_robot/ros2_ws/install/astra_camera_msgs/lib:/home/huyjetson/mobile_robot/ros2_ws/install/amr_costmap_plugins/lib:/opt/ros/humble/opt/rviz_ogre_vendor/lib:/opt/ros/humble/lib/aarch64-linux-gnu:/opt/ros/humble/opt/openvdb_vendor/lib:/opt/ros/humble/lib PS1=(ai_ros_venv) \[\e]0;\u@\h: \w\a\]${debian_chroot:+($debian_chroot)}\[\033[01;32m\]\u@\h\[\033[00m\]:\[\033[01;34m\]\w\[\033[00m\]\$ PYTHONPATH=/home/huyjetson/mobile_robot/ros2_ws/build/amr_ai/prefix_override:/usr/lib/python3/dist-packages/colcon_core/task/python/colcon_distutils_commands:/home/huyjetson/mobile_robot/ros2_ws/install/amr_ai/lib/python3.10/site-packages:/home/huyjetson/mobile_robot/ros2_ws/install/amr_interfaces/lib/python3.10/site-packages:/home/huyjetson/mobile_robot/ros2_ws/build/amr_ai:/home/huyjetson/mobile_robot/ros2_ws/install/explore_lite_msgs/local/lib/python3.10/dist-packages:/home/huyjetson/mobile_robot/ros2_ws/install/astra_camera_msgs/local/lib/python3.10/dist-packages:/home/huyjetson/mobile_robot/ros2_ws/build/amr_sensors:/home/huyjetson/mobile_robot/ros2_ws/install/amr_sensors/lib/python3.10/site-packages:/home/huyjetson/mobile_robot/ros2_ws/install/amr_ai/lib/python3.10/site-packages:/home/huyjetson/mobile_robot/ros2_ws/build/amr_bringup:/home/huyjetson/mobile_robot/ros2_ws/install/amr_bringup/lib/python3.10/site-packages:/opt/ros/humble/lib/python3.10/site-packages:/opt/ros/humble/local/lib/python3.10/dist-packages VIRTUAL_ENV_PROMPT=(ai_ros_venv) /usr/bin/python3 -W ignore:setup.py install is deprecated -W ignore:easy_install command is deprecated setup.py egg_info --egg-base ../../build/amr_ai build --build-base /home/huyjetson/mobile_robot/ros2_ws/build/amr_ai/build install --record /home/huyjetson/mobile_robot/ros2_ws/build/amr_ai/install.log --single-version-externally-managed install_data --force
[2.676s] running egg_info
[2.677s] writing ../../build/amr_ai/amr_ai.egg-info/PKG-INFO
[2.677s] writing dependency_links to ../../build/amr_ai/amr_ai.egg-info/dependency_links.txt
[2.678s] writing entry points to ../../build/amr_ai/amr_ai.egg-info/entry_points.txt
[2.678s] writing requirements to ../../build/amr_ai/amr_ai.egg-info/requires.txt
[2.678s] writing top-level names to ../../build/amr_ai/amr_ai.egg-info/top_level.txt
[2.683s] reading manifest file '../../build/amr_ai/amr_ai.egg-info/SOURCES.txt'
[2.686s] writing manifest file '../../build/amr_ai/amr_ai.egg-info/SOURCES.txt'
[2.686s] running build
[2.686s] running build_py
[2.686s] copying amr_ai/tracking/person_tracker_node.py -> /home/huyjetson/mobile_robot/ros2_ws/build/amr_ai/build/lib/amr_ai/tracking
[2.691s] running install
[2.691s] running install_lib
[2.693s] creating /home/huyjetson/mobile_robot/ros2_ws/install/amr_ai/lib/python3.10/site-packages/amr_ai/tracking
[2.693s] copying /home/huyjetson/mobile_robot/ros2_ws/build/amr_ai/build/lib/amr_ai/tracking/reid.py -> /home/huyjetson/mobile_robot/ros2_ws/install/amr_ai/lib/python3.10/site-packages/amr_ai/tracking
[2.693s] copying /home/huyjetson/mobile_robot/ros2_ws/build/amr_ai/build/lib/amr_ai/tracking/person_tracker_node.py -> /home/huyjetson/mobile_robot/ros2_ws/install/amr_ai/lib/python3.10/site-packages/amr_ai/tracking
[2.694s] copying /home/huyjetson/mobile_robot/ros2_ws/build/amr_ai/build/lib/amr_ai/tracking/__init__.py -> /home/huyjetson/mobile_robot/ros2_ws/install/amr_ai/lib/python3.10/site-packages/amr_ai/tracking
[2.694s] creating /home/huyjetson/mobile_robot/ros2_ws/install/amr_ai/lib/python3.10/site-packages/amr_ai/detectors
[2.694s] copying /home/huyjetson/mobile_robot/ros2_ws/build/amr_ai/build/lib/amr_ai/detectors/fire_smoke_detector.py -> /home/huyjetson/mobile_robot/ros2_ws/install/amr_ai/lib/python3.10/site-packages/amr_ai/detectors
[2.694s] copying /home/huyjetson/mobile_robot/ros2_ws/build/amr_ai/build/lib/amr_ai/detectors/fall_detector.py -> /home/huyjetson/mobile_robot/ros2_ws/install/amr_ai/lib/python3.10/site-packages/amr_ai/detectors
[2.695s] copying /home/huyjetson/mobile_robot/ros2_ws/build/amr_ai/build/lib/amr_ai/detectors/ppe_detector.py -> /home/huyjetson/mobile_robot/ros2_ws/install/amr_ai/lib/python3.10/site-packages/amr_ai/detectors
[2.695s] copying /home/huyjetson/mobile_robot/ros2_ws/build/amr_ai/build/lib/amr_ai/detectors/__init__.py -> /home/huyjetson/mobile_robot/ros2_ws/install/amr_ai/lib/python3.10/site-packages/amr_ai/detectors
[2.695s] copying /home/huyjetson/mobile_robot/ros2_ws/build/amr_ai/build/lib/amr_ai/detectors/ai_detector_node.py -> /home/huyjetson/mobile_robot/ros2_ws/install/amr_ai/lib/python3.10/site-packages/amr_ai/detectors
[2.696s] copying /home/huyjetson/mobile_robot/ros2_ws/build/amr_ai/build/lib/amr_ai/web/engineer_web_server.py -> /home/huyjetson/mobile_robot/ros2_ws/install/amr_ai/lib/python3.10/site-packages/amr_ai/web
[2.696s] copying /home/huyjetson/mobile_robot/ros2_ws/build/amr_ai/build/lib/amr_ai/web/web_control.py -> /home/huyjetson/mobile_robot/ros2_ws/install/amr_ai/lib/python3.10/site-packages/amr_ai/web
[2.696s] copying /home/huyjetson/mobile_robot/ros2_ws/build/amr_ai/build/lib/amr_ai/web/__init__.py -> /home/huyjetson/mobile_robot/ros2_ws/install/amr_ai/lib/python3.10/site-packages/amr_ai/web
[2.697s] creating /home/huyjetson/mobile_robot/ros2_ws/install/amr_ai/lib/python3.10/site-packages/amr_ai/safety
[2.697s] copying /home/huyjetson/mobile_robot/ros2_ws/build/amr_ai/build/lib/amr_ai/safety/ai_alert_node.py -> /home/huyjetson/mobile_robot/ros2_ws/install/amr_ai/lib/python3.10/site-packages/amr_ai/safety
[2.697s] copying /home/huyjetson/mobile_robot/ros2_ws/build/amr_ai/build/lib/amr_ai/safety/cmd_vel_safety_mux_node.py -> /home/huyjetson/mobile_robot/ros2_ws/install/amr_ai/lib/python3.10/site-packages/amr_ai/safety
[2.697s] copying /home/huyjetson/mobile_robot/ros2_ws/build/amr_ai/build/lib/amr_ai/safety/__init__.py -> /home/huyjetson/mobile_robot/ros2_ws/install/amr_ai/lib/python3.10/site-packages/amr_ai/safety
[2.698s] creating /home/huyjetson/mobile_robot/ros2_ws/install/amr_ai/lib/python3.10/site-packages/amr_ai/gui
[2.698s] copying /home/huyjetson/mobile_robot/ros2_ws/build/amr_ai/build/lib/amr_ai/gui/ai_gui_node.py -> /home/huyjetson/mobile_robot/ros2_ws/install/amr_ai/lib/python3.10/site-packages/amr_ai/gui
[2.698s] copying /home/huyjetson/mobile_robot/ros2_ws/build/amr_ai/build/lib/amr_ai/gui/gui_astra_jetson.py -> /home/huyjetson/mobile_robot/ros2_ws/install/amr_ai/lib/python3.10/site-packages/amr_ai/gui
[2.698s] copying /home/huyjetson/mobile_robot/ros2_ws/build/amr_ai/build/lib/amr_ai/gui/__init__.py -> /home/huyjetson/mobile_robot/ros2_ws/install/amr_ai/lib/python3.10/site-packages/amr_ai/gui
[2.698s] copying /home/huyjetson/mobile_robot/ros2_ws/build/amr_ai/build/lib/amr_ai/gui/operator_gui_node.py -> /home/huyjetson/mobile_robot/ros2_ws/install/amr_ai/lib/python3.10/site-packages/amr_ai/gui
[2.699s] creating /home/huyjetson/mobile_robot/ros2_ws/install/amr_ai/lib/python3.10/site-packages/amr_ai/core
[2.699s] copying /home/huyjetson/mobile_robot/ros2_ws/build/amr_ai/build/lib/amr_ai/core/image_probe_node.py -> /home/huyjetson/mobile_robot/ros2_ws/install/amr_ai/lib/python3.10/site-packages/amr_ai/core
[2.699s] copying /home/huyjetson/mobile_robot/ros2_ws/build/amr_ai/build/lib/amr_ai/core/auto_initial_pose_node.py -> /home/huyjetson/mobile_robot/ros2_ws/install/amr_ai/lib/python3.10/site-packages/amr_ai/core
[2.699s] copying /home/huyjetson/mobile_robot/ros2_ws/build/amr_ai/build/lib/amr_ai/core/ai_mode_manager_node.py -> /home/huyjetson/mobile_robot/ros2_ws/install/amr_ai/lib/python3.10/site-packages/amr_ai/core
[2.699s] copying /home/huyjetson/mobile_robot/ros2_ws/build/amr_ai/build/lib/amr_ai/core/auto_localizer_node.py -> /home/huyjetson/mobile_robot/ros2_ws/install/amr_ai/lib/python3.10/site-packages/amr_ai/core
[2.700s] copying /home/huyjetson/mobile_robot/ros2_ws/build/amr_ai/build/lib/amr_ai/core/original_ai_main_reference.py -> /home/huyjetson/mobile_robot/ros2_ws/install/amr_ai/lib/python3.10/site-packages/amr_ai/core
[2.700s] copying /home/huyjetson/mobile_robot/ros2_ws/build/amr_ai/build/lib/amr_ai/core/camera_openni.py -> /home/huyjetson/mobile_robot/ros2_ws/install/amr_ai/lib/python3.10/site-packages/amr_ai/core
[2.700s] copying /home/huyjetson/mobile_robot/ros2_ws/build/amr_ai/build/lib/amr_ai/core/__init__.py -> /home/huyjetson/mobile_robot/ros2_ws/install/amr_ai/lib/python3.10/site-packages/amr_ai/core
[2.700s] copying /home/huyjetson/mobile_robot/ros2_ws/build/amr_ai/build/lib/amr_ai/core/config.py -> /home/huyjetson/mobile_robot/ros2_ws/install/amr_ai/lib/python3.10/site-packages/amr_ai/core
[2.701s] copying /home/huyjetson/mobile_robot/ros2_ws/build/amr_ai/build/lib/amr_ai/core/utils.py -> /home/huyjetson/mobile_robot/ros2_ws/install/amr_ai/lib/python3.10/site-packages/amr_ai/core
[2.701s] copying /home/huyjetson/mobile_robot/ros2_ws/build/amr_ai/build/lib/amr_ai/__init__.py -> /home/huyjetson/mobile_robot/ros2_ws/install/amr_ai/lib/python3.10/site-packages/amr_ai
[2.701s] creating /home/huyjetson/mobile_robot/ros2_ws/install/amr_ai/lib/python3.10/site-packages/amr_ai/nav2
[2.701s] copying /home/huyjetson/mobile_robot/ros2_ws/build/amr_ai/build/lib/amr_ai/nav2/backup.py -> /home/huyjetson/mobile_robot/ros2_ws/install/amr_ai/lib/python3.10/site-packages/amr_ai/nav2
[2.701s] copying /home/huyjetson/mobile_robot/ros2_ws/build/amr_ai/build/lib/amr_ai/nav2/follow_servo_node.py -> /home/huyjetson/mobile_robot/ros2_ws/install/amr_ai/lib/python3.10/site-packages/amr_ai/nav2
[2.702s] copying /home/huyjetson/mobile_robot/ros2_ws/build/amr_ai/build/lib/amr_ai/nav2/follow_goal_node.py -> /home/huyjetson/mobile_robot/ros2_ws/install/amr_ai/lib/python3.10/site-packages/amr_ai/nav2
[2.702s] copying /home/huyjetson/mobile_robot/ros2_ws/build/amr_ai/build/lib/amr_ai/nav2/__init__.py -> /home/huyjetson/mobile_robot/ros2_ws/install/amr_ai/lib/python3.10/site-packages/amr_ai/nav2
[2.702s] copying /home/huyjetson/mobile_robot/ros2_ws/build/amr_ai/build/lib/amr_ai/esp32_alert_bridge_node.py -> /home/huyjetson/mobile_robot/ros2_ws/install/amr_ai/lib/python3.10/site-packages/amr_ai
[2.703s] byte-compiling /home/huyjetson/mobile_robot/ros2_ws/install/amr_ai/lib/python3.10/site-packages/amr_ai/tracking/reid.py to reid.cpython-310.pyc
[2.709s] byte-compiling /home/huyjetson/mobile_robot/ros2_ws/install/amr_ai/lib/python3.10/site-packages/amr_ai/tracking/person_tracker_node.py to person_tracker_node.cpython-310.pyc
[2.716s] byte-compiling /home/huyjetson/mobile_robot/ros2_ws/install/amr_ai/lib/python3.10/site-packages/amr_ai/tracking/__init__.py to __init__.cpython-310.pyc
[2.716s] byte-compiling /home/huyjetson/mobile_robot/ros2_ws/install/amr_ai/lib/python3.10/site-packages/amr_ai/detectors/fire_smoke_detector.py to fire_smoke_detector.cpython-310.pyc
[2.718s] byte-compiling /home/huyjetson/mobile_robot/ros2_ws/install/amr_ai/lib/python3.10/site-packages/amr_ai/detectors/fall_detector.py to fall_detector.cpython-310.pyc
[2.724s] byte-compiling /home/huyjetson/mobile_robot/ros2_ws/install/amr_ai/lib/python3.10/site-packages/amr_ai/detectors/ppe_detector.py to ppe_detector.cpython-310.pyc
[2.728s] byte-compiling /home/huyjetson/mobile_robot/ros2_ws/install/amr_ai/lib/python3.10/site-packages/amr_ai/detectors/__init__.py to __init__.cpython-310.pyc
[2.728s] byte-compiling /home/huyjetson/mobile_robot/ros2_ws/install/amr_ai/lib/python3.10/site-packages/amr_ai/detectors/ai_detector_node.py to ai_detector_node.cpython-310.pyc
[2.733s] byte-compiling /home/huyjetson/mobile_robot/ros2_ws/install/amr_ai/lib/python3.10/site-packages/amr_ai/web/engineer_web_server.py to engineer_web_server.cpython-310.pyc
[2.745s] byte-compiling /home/huyjetson/mobile_robot/ros2_ws/install/amr_ai/lib/python3.10/site-packages/amr_ai/web/web_control.py to web_control.cpython-310.pyc
[2.750s] byte-compiling /home/huyjetson/mobile_robot/ros2_ws/install/amr_ai/lib/python3.10/site-packages/amr_ai/web/__init__.py to __init__.cpython-310.pyc
[2.750s] byte-compiling /home/huyjetson/mobile_robot/ros2_ws/install/amr_ai/lib/python3.10/site-packages/amr_ai/safety/ai_alert_node.py to ai_alert_node.cpython-310.pyc
[2.750s] byte-compiling /home/huyjetson/mobile_robot/ros2_ws/install/amr_ai/lib/python3.10/site-packages/amr_ai/safety/cmd_vel_safety_mux_node.py to cmd_vel_safety_mux_node.cpython-310.pyc
[2.753s] byte-compiling /home/huyjetson/mobile_robot/ros2_ws/install/amr_ai/lib/python3.10/site-packages/amr_ai/safety/__init__.py to __init__.cpython-310.pyc
[2.754s] byte-compiling /home/huyjetson/mobile_robot/ros2_ws/install/amr_ai/lib/python3.10/site-packages/amr_ai/gui/ai_gui_node.py to ai_gui_node.cpython-310.pyc
[2.754s] byte-compiling /home/huyjetson/mobile_robot/ros2_ws/install/amr_ai/lib/python3.10/site-packages/amr_ai/gui/gui_astra_jetson.py to gui_astra_jetson.cpython-310.pyc
[2.760s] byte-compiling /home/huyjetson/mobile_robot/ros2_ws/install/amr_ai/lib/python3.10/site-packages/amr_ai/gui/__init__.py to __init__.cpython-310.pyc
[2.761s] byte-compiling /home/huyjetson/mobile_robot/ros2_ws/install/amr_ai/lib/python3.10/site-packages/amr_ai/gui/operator_gui_node.py to operator_gui_node.cpython-310.pyc
[2.767s] byte-compiling /home/huyjetson/mobile_robot/ros2_ws/install/amr_ai/lib/python3.10/site-packages/amr_ai/core/image_probe_node.py to image_probe_node.cpython-310.pyc
[2.769s] byte-compiling /home/huyjetson/mobile_robot/ros2_ws/install/amr_ai/lib/python3.10/site-packages/amr_ai/core/auto_initial_pose_node.py to auto_initial_pose_node.cpython-310.pyc
[2.770s] byte-compiling /home/huyjetson/mobile_robot/ros2_ws/install/amr_ai/lib/python3.10/site-packages/amr_ai/core/ai_mode_manager_node.py to ai_mode_manager_node.cpython-310.pyc
[2.775s] byte-compiling /home/huyjetson/mobile_robot/ros2_ws/install/amr_ai/lib/python3.10/site-packages/amr_ai/core/auto_localizer_node.py to auto_localizer_node.cpython-310.pyc
[2.777s] byte-compiling /home/huyjetson/mobile_robot/ros2_ws/install/amr_ai/lib/python3.10/site-packages/amr_ai/core/original_ai_main_reference.py to original_ai_main_reference.cpython-310.pyc
[2.779s] byte-compiling /home/huyjetson/mobile_robot/ros2_ws/install/amr_ai/lib/python3.10/site-packages/amr_ai/core/camera_openni.py to camera_openni.cpython-310.pyc
[2.780s] byte-compiling /home/huyjetson/mobile_robot/ros2_ws/install/amr_ai/lib/python3.10/site-packages/amr_ai/core/__init__.py to __init__.cpython-310.pyc
[2.780s] byte-compiling /home/huyjetson/mobile_robot/ros2_ws/install/amr_ai/lib/python3.10/site-packages/amr_ai/core/config.py to config.cpython-310.pyc
[2.781s] byte-compiling /home/huyjetson/mobile_robot/ros2_ws/install/amr_ai/lib/python3.10/site-packages/amr_ai/core/utils.py to utils.cpython-310.pyc
[2.784s] byte-compiling /home/huyjetson/mobile_robot/ros2_ws/install/amr_ai/lib/python3.10/site-packages/amr_ai/__init__.py to __init__.cpython-310.pyc
[2.784s] byte-compiling /home/huyjetson/mobile_robot/ros2_ws/install/amr_ai/lib/python3.10/site-packages/amr_ai/nav2/backup.py to backup.cpython-310.pyc
[2.788s] byte-compiling /home/huyjetson/mobile_robot/ros2_ws/install/amr_ai/lib/python3.10/site-packages/amr_ai/nav2/follow_servo_node.py to follow_servo_node.cpython-310.pyc
[2.790s] byte-compiling /home/huyjetson/mobile_robot/ros2_ws/install/amr_ai/lib/python3.10/site-packages/amr_ai/nav2/follow_goal_node.py to follow_goal_node.cpython-310.pyc
[2.793s] byte-compiling /home/huyjetson/mobile_robot/ros2_ws/install/amr_ai/lib/python3.10/site-packages/amr_ai/nav2/__init__.py to __init__.cpython-310.pyc
[2.793s] byte-compiling /home/huyjetson/mobile_robot/ros2_ws/install/amr_ai/lib/python3.10/site-packages/amr_ai/esp32_alert_bridge_node.py to esp32_alert_bridge_node.cpython-310.pyc
[2.796s] running install_data
[2.796s] copying resource/amr_ai -> /home/huyjetson/mobile_robot/ros2_ws/install/amr_ai/share/ament_index/resource_index/packages
[2.796s] copying package.xml -> /home/huyjetson/mobile_robot/ros2_ws/install/amr_ai/share/amr_ai
[2.797s] copying launch/amr_ai.launch.py -> /home/huyjetson/mobile_robot/ros2_ws/install/amr_ai/share/amr_ai/launch
[2.797s] copying config/ai_params.yaml -> /home/huyjetson/mobile_robot/ros2_ws/install/amr_ai/share/amr_ai/config
[2.797s] copying models/fire_smoke_s.engine -> /home/huyjetson/mobile_robot/ros2_ws/install/amr_ai/share/amr_ai/models
[2.840s] copying models/ppe_s.engine -> /home/huyjetson/mobile_robot/ros2_ws/install/amr_ai/share/amr_ai/models
[2.883s] copying models/yolo26n-pose.engine -> /home/huyjetson/mobile_robot/ros2_ws/install/amr_ai/share/amr_ai/models
[2.898s] copying models/yolo26n.engine -> /home/huyjetson/mobile_robot/ros2_ws/install/amr_ai/share/amr_ai/models
[2.913s] running install_egg_info
[2.918s] Copying ../../build/amr_ai/amr_ai.egg-info to /home/huyjetson/mobile_robot/ros2_ws/install/amr_ai/lib/python3.10/site-packages/amr_ai-0.0.1-py3.10.egg-info
[2.920s] running install_scripts
[2.958s] Installing ai_detector script to /home/huyjetson/mobile_robot/ros2_ws/install/amr_ai/lib/amr_ai
[2.958s] Installing ai_image_probe script to /home/huyjetson/mobile_robot/ros2_ws/install/amr_ai/lib/amr_ai
[2.958s] Installing ai_mode_manager script to /home/huyjetson/mobile_robot/ros2_ws/install/amr_ai/lib/amr_ai
[2.959s] Installing auto_initial_pose script to /home/huyjetson/mobile_robot/ros2_ws/install/amr_ai/lib/amr_ai
[2.959s] Installing auto_localizer script to /home/huyjetson/mobile_robot/ros2_ws/install/amr_ai/lib/amr_ai
[2.959s] Installing cmd_vel_safety_mux script to /home/huyjetson/mobile_robot/ros2_ws/install/amr_ai/lib/amr_ai
[2.959s] Installing engineer_web script to /home/huyjetson/mobile_robot/ros2_ws/install/amr_ai/lib/amr_ai
[2.960s] Installing esp32_alert_bridge script to /home/huyjetson/mobile_robot/ros2_ws/install/amr_ai/lib/amr_ai
[2.960s] Installing follow_goal script to /home/huyjetson/mobile_robot/ros2_ws/install/amr_ai/lib/amr_ai
[2.960s] Installing follow_servo script to /home/huyjetson/mobile_robot/ros2_ws/install/amr_ai/lib/amr_ai
[2.960s] Installing operator_gui script to /home/huyjetson/mobile_robot/ros2_ws/install/amr_ai/lib/amr_ai
[2.960s] Installing person_tracker script to /home/huyjetson/mobile_robot/ros2_ws/install/amr_ai/lib/amr_ai
[2.961s] Installing web_control script to /home/huyjetson/mobile_robot/ros2_ws/install/amr_ai/lib/amr_ai
[2.963s] writing list of installed files to '/home/huyjetson/mobile_robot/ros2_ws/build/amr_ai/install.log'
[3.032s] Invoked command in '/home/huyjetson/mobile_robot/ros2_ws/src/amr_ai' returned '0': CMAKE_PREFIX_PATH=/home/huyjetson/mobile_robot/ros2_ws/install/amr_interfaces:/home/huyjetson/mobile_robot/ros2_ws/install/sllidar_ros2:/home/huyjetson/mobile_robot/ros2_ws/install/multirobot_map_merge:/home/huyjetson/mobile_robot/ros2_ws/install/explore_lite:/home/huyjetson/mobile_robot/ros2_ws/install/explore_lite_msgs:/home/huyjetson/mobile_robot/ros2_ws/install/astra_camera:/home/huyjetson/mobile_robot/ros2_ws/install/astra_camera_msgs:/home/huyjetson/mobile_robot/ros2_ws/install/amr_navigation:/home/huyjetson/mobile_robot/ros2_ws/install/amr_slam:/home/huyjetson/mobile_robot/ros2_ws/install/amr_pointcloud_filter:/home/huyjetson/mobile_robot/ros2_ws/install/amr_description:/home/huyjetson/mobile_robot/ros2_ws/install/amr_costmap_plugins:/home/huyjetson/mobile_robot/ros2_ws/install/amr_control LD_LIBRARY_PATH=/home/huyjetson/mobile_robot/ros2_ws/install/amr_interfaces/lib:/home/huyjetson/mobile_robot/ros2_ws/install/multirobot_map_merge/lib:/home/huyjetson/mobile_robot/ros2_ws/install/explore_lite_msgs/lib:/home/huyjetson/mobile_robot/ros2_ws/install/astra_camera/lib:/home/huyjetson/mobile_robot/ros2_ws/install/astra_camera_msgs/lib:/home/huyjetson/mobile_robot/ros2_ws/install/amr_costmap_plugins/lib:/opt/ros/humble/opt/rviz_ogre_vendor/lib:/opt/ros/humble/lib/aarch64-linux-gnu:/opt/ros/humble/opt/openvdb_vendor/lib:/opt/ros/humble/lib PS1=(ai_ros_venv) \[\e]0;\u@\h: \w\a\]${debian_chroot:+($debian_chroot)}\[\033[01;32m\]\u@\h\[\033[00m\]:\[\033[01;34m\]\w\[\033[00m\]\$ PYTHONPATH=/home/huyjetson/mobile_robot/ros2_ws/build/amr_ai/prefix_override:/usr/lib/python3/dist-packages/colcon_core/task/python/colcon_distutils_commands:/home/huyjetson/mobile_robot/ros2_ws/install/amr_ai/lib/python3.10/site-packages:/home/huyjetson/mobile_robot/ros2_ws/install/amr_interfaces/lib/python3.10/site-packages:/home/huyjetson/mobile_robot/ros2_ws/build/amr_ai:/home/huyjetson/mobile_robot/ros2_ws/install/explore_lite_msgs/local/lib/python3.10/dist-packages:/home/huyjetson/mobile_robot/ros2_ws/install/astra_camera_msgs/local/lib/python3.10/dist-packages:/home/huyjetson/mobile_robot/ros2_ws/build/amr_sensors:/home/huyjetson/mobile_robot/ros2_ws/install/amr_sensors/lib/python3.10/site-packages:/home/huyjetson/mobile_robot/ros2_ws/install/amr_ai/lib/python3.10/site-packages:/home/huyjetson/mobile_robot/ros2_ws/build/amr_bringup:/home/huyjetson/mobile_robot/ros2_ws/install/amr_bringup/lib/python3.10/site-packages:/opt/ros/humble/lib/python3.10/site-packages:/opt/ros/humble/local/lib/python3.10/dist-packages VIRTUAL_ENV_PROMPT=(ai_ros_venv) /usr/bin/python3 -W ignore:setup.py install is deprecated -W ignore:easy_install command is deprecated setup.py egg_info --egg-base ../../build/amr_ai build --build-base /home/huyjetson/mobile_robot/ros2_ws/build/amr_ai/build install --record /home/huyjetson/mobile_robot/ros2_ws/build/amr_ai/install.log --single-version-externally-managed install_data --force
