[0.021s] Invoking command in '/home/huyjetson/mobile_robot/ros2_ws/build/amr_costmap_plugins': CMAKE_PREFIX_PATH=${CMAKE_PREFIX_PATH}:/home/huyjetson/mobile_robot/ros2_ws/install/amr_sensors:/home/huyjetson/mobile_robot/ros2_ws/install/amr_ai:/home/huyjetson/mobile_robot/ros2_ws/install/amr_bringup:/opt/ros/humble PS1=(ai_ros_venv) \[\e]0;\u@\h: \w\a\]${debian_chroot:+($debian_chroot)}\[\033[01;32m\]\u@\h\[\033[00m\]:\[\033[01;34m\]\w\[\033[00m\]\$ VIRTUAL_ENV_PROMPT=(ai_ros_venv) /usr/bin/cmake --build /home/huyjetson/mobile_robot/ros2_ws/build/amr_costmap_plugins -- -j6 -l6
[0.148s] [ 50%] [32mBuilding CXX object CMakeFiles/amr_costmap_plugins.dir/src/ghrf_layer.cpp.o[0m
[17.922s] [100%] [32m[1mLinking CXX shared library libamr_costmap_plugins.so[0m
[19.204s] [100%] Built target amr_costmap_plugins
[19.232s] Invoked command in '/home/huyjetson/mobile_robot/ros2_ws/build/amr_costmap_plugins' returned '0': CMAKE_PREFIX_PATH=${CMAKE_PREFIX_PATH}:/home/huyjetson/mobile_robot/ros2_ws/install/amr_sensors:/home/huyjetson/mobile_robot/ros2_ws/install/amr_ai:/home/huyjetson/mobile_robot/ros2_ws/install/amr_bringup:/opt/ros/humble PS1=(ai_ros_venv) \[\e]0;\u@\h: \w\a\]${debian_chroot:+($debian_chroot)}\[\033[01;32m\]\u@\h\[\033[00m\]:\[\033[01;34m\]\w\[\033[00m\]\$ VIRTUAL_ENV_PROMPT=(ai_ros_venv) /usr/bin/cmake --build /home/huyjetson/mobile_robot/ros2_ws/build/amr_costmap_plugins -- -j6 -l6
[19.267s] Invoking command in '/home/huyjetson/mobile_robot/ros2_ws/build/amr_costmap_plugins': CMAKE_PREFIX_PATH=${CMAKE_PREFIX_PATH}:/home/huyjetson/mobile_robot/ros2_ws/install/amr_sensors:/home/huyjetson/mobile_robot/ros2_ws/install/amr_ai:/home/huyjetson/mobile_robot/ros2_ws/install/amr_bringup:/opt/ros/humble PS1=(ai_ros_venv) \[\e]0;\u@\h: \w\a\]${debian_chroot:+($debian_chroot)}\[\033[01;32m\]\u@\h\[\033[00m\]:\[\033[01;34m\]\w\[\033[00m\]\$ VIRTUAL_ENV_PROMPT=(ai_ros_venv) /usr/bin/cmake --install /home/huyjetson/mobile_robot/ros2_ws/build/amr_costmap_plugins
[19.289s] -- Install configuration: ""
[19.290s] -- Execute custom install script
[19.291s] -- Up-to-date symlink: /home/huyjetson/mobile_robot/ros2_ws/install/amr_costmap_plugins/share/amr_costmap_plugins//costmap_plugins.xml
[19.292s] -- Up-to-date symlink: /home/huyjetson/mobile_robot/ros2_ws/install/amr_costmap_plugins/lib/libamr_costmap_plugins.so
[19.293s] -- Up-to-date symlink: /home/huyjetson/mobile_robot/ros2_ws/install/amr_costmap_plugins/include/amr_costmap_plugins/ghrf_layer.hpp
[19.293s] -- Up-to-date symlink: /home/huyjetson/mobile_robot/ros2_ws/install/amr_costmap_plugins/share/amr_costmap_plugins/costmap_plugins.xml
[19.294s] -- Up-to-date symlink: /home/huyjetson/mobile_robot/ros2_ws/install/amr_costmap_plugins/share/amr_costmap_plugins/environment/library_path.sh
[19.294s] -- Up-to-date symlink: /home/huyjetson/mobile_robot/ros2_ws/install/amr_costmap_plugins/share/amr_costmap_plugins/environment/library_path.dsv
[19.294s] -- Up-to-date symlink: /home/huyjetson/mobile_robot/ros2_ws/install/amr_costmap_plugins/share/ament_index/resource_index/package_run_dependencies/amr_costmap_plugins
[19.295s] -- Up-to-date symlink: /home/huyjetson/mobile_robot/ros2_ws/install/amr_costmap_plugins/share/ament_index/resource_index/parent_prefix_path/amr_costmap_plugins
[19.295s] -- Up-to-date symlink: /home/huyjetson/mobile_robot/ros2_ws/install/amr_costmap_plugins/share/amr_costmap_plugins/environment/ament_prefix_path.sh
[19.295s] -- Up-to-date symlink: /home/huyjetson/mobile_robot/ros2_ws/install/amr_costmap_plugins/share/amr_costmap_plugins/environment/ament_prefix_path.dsv
[19.296s] -- Up-to-date symlink: /home/huyjetson/mobile_robot/ros2_ws/install/amr_costmap_plugins/share/amr_costmap_plugins/environment/path.sh
[19.296s] -- Up-to-date symlink: /home/huyjetson/mobile_robot/ros2_ws/install/amr_costmap_plugins/share/amr_costmap_plugins/environment/path.dsv
[19.296s] -- Up-to-date symlink: /home/huyjetson/mobile_robot/ros2_ws/install/amr_costmap_plugins/share/amr_costmap_plugins/local_setup.bash
[19.297s] -- Up-to-date symlink: /home/huyjetson/mobile_robot/ros2_ws/install/amr_costmap_plugins/share/amr_costmap_plugins/local_setup.sh
[19.297s] -- Up-to-date symlink: /home/huyjetson/mobile_robot/ros2_ws/install/amr_costmap_plugins/share/amr_costmap_plugins/local_setup.zsh
[19.297s] -- Up-to-date symlink: /home/huyjetson/mobile_robot/ros2_ws/install/amr_costmap_plugins/share/amr_costmap_plugins/local_setup.dsv
[19.298s] -- Symlinking: /home/huyjetson/mobile_robot/ros2_ws/install/amr_costmap_plugins/share/amr_costmap_plugins/package.dsv
[19.319s] -- Up-to-date symlink: /home/huyjetson/mobile_robot/ros2_ws/install/amr_costmap_plugins/share/ament_index/resource_index/packages/amr_costmap_plugins
[19.319s] -- Up-to-date symlink: /home/huyjetson/mobile_robot/ros2_ws/install/amr_costmap_plugins/share/ament_index/resource_index/nav2_costmap_2d__pluginlib__plugin/amr_costmap_plugins
[19.319s] -- Up-to-date symlink: /home/huyjetson/mobile_robot/ros2_ws/install/amr_costmap_plugins/share/amr_costmap_plugins/cmake/ament_cmake_export_include_directories-extras.cmake
[19.319s] -- Up-to-date symlink: /home/huyjetson/mobile_robot/ros2_ws/install/amr_costmap_plugins/share/amr_costmap_plugins/cmake/ament_cmake_export_libraries-extras.cmake
[19.320s] -- Up-to-date symlink: /home/huyjetson/mobile_robot/ros2_ws/install/amr_costmap_plugins/share/amr_costmap_plugins/cmake/ament_cmake_export_dependencies-extras.cmake
[19.320s] -- Up-to-date symlink: /home/huyjetson/mobile_robot/ros2_ws/install/amr_costmap_plugins/share/amr_costmap_plugins/cmake/amr_costmap_pluginsConfig.cmake
[19.321s] -- Up-to-date symlink: /home/huyjetson/mobile_robot/ros2_ws/install/amr_costmap_plugins/share/amr_costmap_plugins/cmake/amr_costmap_pluginsConfig-version.cmake
[19.321s] -- Up-to-date symlink: /home/huyjetson/mobile_robot/ros2_ws/install/amr_costmap_plugins/share/amr_costmap_plugins/package.xml
[19.327s] Invoked command in '/home/huyjetson/mobile_robot/ros2_ws/build/amr_costmap_plugins' returned '0': CMAKE_PREFIX_PATH=${CMAKE_PREFIX_PATH}:/home/huyjetson/mobile_robot/ros2_ws/install/amr_sensors:/home/huyjetson/mobile_robot/ros2_ws/install/amr_ai:/home/huyjetson/mobile_robot/ros2_ws/install/amr_bringup:/opt/ros/humble PS1=(ai_ros_venv) \[\e]0;\u@\h: \w\a\]${debian_chroot:+($debian_chroot)}\[\033[01;32m\]\u@\h\[\033[00m\]:\[\033[01;34m\]\w\[\033[00m\]\$ VIRTUAL_ENV_PROMPT=(ai_ros_venv) /usr/bin/cmake --install /home/huyjetson/mobile_robot/ros2_ws/build/amr_costmap_plugins
