[35m[1mConsolidate compiler generated dependencies of target amr_costmap_plugins[0m
[100%] Built target amr_costmap_plugins
-- Install configuration: ""
-- Execute custom install script
-- Up-to-date symlink: /home/huyjetson/mobile_robot/ros2_ws/install/amr_costmap_plugins/share/amr_costmap_plugins//costmap_plugins.xml
-- Up-to-date symlink: /home/huyjetson/mobile_robot/ros2_ws/install/amr_costmap_plugins/lib/libamr_costmap_plugins.so
-- Up-to-date symlink: /home/huyjetson/mobile_robot/ros2_ws/install/amr_costmap_plugins/include/amr_costmap_plugins/ghrf_layer.hpp
-- Up-to-date symlink: /home/huyjetson/mobile_robot/ros2_ws/install/amr_costmap_plugins/share/amr_costmap_plugins/costmap_plugins.xml
-- Up-to-date symlink: /home/huyjetson/mobile_robot/ros2_ws/install/amr_costmap_plugins/share/amr_costmap_plugins/environment/library_path.sh
-- Up-to-date symlink: /home/huyjetson/mobile_robot/ros2_ws/install/amr_costmap_plugins/share/amr_costmap_plugins/environment/library_path.dsv
-- Up-to-date symlink: /home/huyjetson/mobile_robot/ros2_ws/install/amr_costmap_plugins/share/ament_index/resource_index/package_run_dependencies/amr_costmap_plugins
-- Up-to-date symlink: /home/huyjetson/mobile_robot/ros2_ws/install/amr_costmap_plugins/share/ament_index/resource_index/parent_prefix_path/amr_costmap_plugins
-- Up-to-date symlink: /home/huyjetson/mobile_robot/ros2_ws/install/amr_costmap_plugins/share/amr_costmap_plugins/environment/ament_prefix_path.sh
-- Up-to-date symlink: /home/huyjetson/mobile_robot/ros2_ws/install/amr_costmap_plugins/share/amr_costmap_plugins/environment/ament_prefix_path.dsv
-- Up-to-date symlink: /home/huyjetson/mobile_robot/ros2_ws/install/amr_costmap_plugins/share/amr_costmap_plugins/environment/path.sh
-- Up-to-date symlink: /home/huyjetson/mobile_robot/ros2_ws/install/amr_costmap_plugins/share/amr_costmap_plugins/environment/path.dsv
-- Up-to-date symlink: /home/huyjetson/mobile_robot/ros2_ws/install/amr_costmap_plugins/share/amr_costmap_plugins/local_setup.bash
-- Up-to-date symlink: /home/huyjetson/mobile_robot/ros2_ws/install/amr_costmap_plugins/share/amr_costmap_plugins/local_setup.sh
-- Up-to-date symlink: /home/huyjetson/mobile_robot/ros2_ws/install/amr_costmap_plugins/share/amr_costmap_plugins/local_setup.zsh
-- Up-to-date symlink: /home/huyjetson/mobile_robot/ros2_ws/install/amr_costmap_plugins/share/amr_costmap_plugins/local_setup.dsv
-- Symlinking: /home/huyjetson/mobile_robot/ros2_ws/install/amr_costmap_plugins/share/amr_costmap_plugins/package.dsv
-- Up-to-date symlink: /home/huyjetson/mobile_robot/ros2_ws/install/amr_costmap_plugins/share/ament_index/resource_index/packages/amr_costmap_plugins
-- Up-to-date symlink: /home/huyjetson/mobile_robot/ros2_ws/install/amr_costmap_plugins/share/ament_index/resource_index/nav2_costmap_2d__pluginlib__plugin/amr_costmap_plugins
-- Up-to-date symlink: /home/huyjetson/mobile_robot/ros2_ws/install/amr_costmap_plugins/share/amr_costmap_plugins/cmake/ament_cmake_export_include_directories-extras.cmake
-- Up-to-date symlink: /home/huyjetson/mobile_robot/ros2_ws/install/amr_costmap_plugins/share/amr_costmap_plugins/cmake/ament_cmake_export_libraries-extras.cmake
-- Up-to-date symlink: /home/huyjetson/mobile_robot/ros2_ws/install/amr_costmap_plugins/share/amr_costmap_plugins/cmake/ament_cmake_export_dependencies-extras.cmake
-- Up-to-date symlink: /home/huyjetson/mobile_robot/ros2_ws/install/amr_costmap_plugins/share/amr_costmap_plugins/cmake/amr_costmap_pluginsConfig.cmake
-- Up-to-date symlink: /home/huyjetson/mobile_robot/ros2_ws/install/amr_costmap_plugins/share/amr_costmap_plugins/cmake/amr_costmap_pluginsConfig-version.cmake
-- Up-to-date symlink: /home/huyjetson/mobile_robot/ros2_ws/install/amr_costmap_plugins/share/amr_costmap_plugins/package.xml
