[0.020s] Invoking command in '/home/huyjetson/mobile_robot/ros2_ws/build/amr_interfaces': CMAKE_PREFIX_PATH=${CMAKE_PREFIX_PATH}:/home/huyjetson/mobile_robot/ros2_ws/install/amr_sensors:/home/huyjetson/mobile_robot/ros2_ws/install/amr_ai:/home/huyjetson/mobile_robot/ros2_ws/install/amr_bringup:/opt/ros/humble PS1=(ai_ros_venv) \[\e]0;\u@\h: \w\a\]${debian_chroot:+($debian_chroot)}\[\033[01;32m\]\u@\h\[\033[00m\]:\[\033[01;34m\]\w\[\033[00m\]\$ VIRTUAL_ENV_PROMPT=(ai_ros_venv) /usr/bin/cmake /home/huyjetson/mobile_robot/ros2_ws/src/amr_interfaces -DCMAKE_INSTALL_PREFIX=/home/huyjetson/mobile_robot/ros2_ws/install/amr_interfaces
[0.045s] -- Found ament_cmake: 1.3.14 (/opt/ros/humble/share/ament_cmake/cmake)
[0.305s] -- Override CMake install command with custom implementation using symlinks instead of copying resources
[0.336s] -- Found rosidl_default_generators: 1.2.1 (/opt/ros/humble/share/rosidl_default_generators/cmake)
[0.349s] -- Using all available rosidl_typesupport_c: rosidl_typesupport_fastrtps_c;rosidl_typesupport_introspection_c
[0.358s] -- Found rosidl_adapter: 3.1.8 (/opt/ros/humble/share/rosidl_adapter/cmake)
[0.422s] -- Using all available rosidl_typesupport_cpp: rosidl_typesupport_fastrtps_cpp;rosidl_typesupport_introspection_cpp
[0.466s] -- Found std_msgs: 4.9.1 (/opt/ros/humble/share/std_msgs/cmake)
[0.504s] -- Found geometry_msgs: 4.9.1 (/opt/ros/humble/share/geometry_msgs/cmake)
[0.523s] -- Found sensor_msgs: 4.9.1 (/opt/ros/humble/share/sensor_msgs/cmake)
[1.278s] -- Found ament_cmake_ros: 0.10.0 (/opt/ros/humble/share/ament_cmake_ros/cmake)
[1.931s] -- Using all available rosidl_typesupport_c: rosidl_typesupport_fastrtps_c;rosidl_typesupport_introspection_c
[2.841s] -- Using all available rosidl_typesupport_cpp: rosidl_typesupport_fastrtps_cpp;rosidl_typesupport_introspection_cpp
[2.906s] -- Found python_cmake_module: 0.10.0 (/opt/ros/humble/share/python_cmake_module/cmake)
[2.969s] -- Using PYTHON_EXECUTABLE: /home/huyjetson/mobile_robot/ai_ros_venv/bin/python3
[2.969s] -- Using PYTHON_INCLUDE_DIRS: /usr/include/python3.10
[2.970s] -- Using PYTHON_LIBRARIES: /usr/lib/aarch64-linux-gnu/libpython3.10.so
[3.321s] -- Configuring done
[3.416s] -- Generating done
[3.440s] -- Build files have been written to: /home/huyjetson/mobile_robot/ros2_ws/build/amr_interfaces
[3.460s] Invoked command in '/home/huyjetson/mobile_robot/ros2_ws/build/amr_interfaces' returned '0': CMAKE_PREFIX_PATH=${CMAKE_PREFIX_PATH}:/home/huyjetson/mobile_robot/ros2_ws/install/amr_sensors:/home/huyjetson/mobile_robot/ros2_ws/install/amr_ai:/home/huyjetson/mobile_robot/ros2_ws/install/amr_bringup:/opt/ros/humble PS1=(ai_ros_venv) \[\e]0;\u@\h: \w\a\]${debian_chroot:+($debian_chroot)}\[\033[01;32m\]\u@\h\[\033[00m\]:\[\033[01;34m\]\w\[\033[00m\]\$ VIRTUAL_ENV_PROMPT=(ai_ros_venv) /usr/bin/cmake /home/huyjetson/mobile_robot/ros2_ws/src/amr_interfaces -DCMAKE_INSTALL_PREFIX=/home/huyjetson/mobile_robot/ros2_ws/install/amr_interfaces
[3.468s] Invoking command in '/home/huyjetson/mobile_robot/ros2_ws/build/amr_interfaces': CMAKE_PREFIX_PATH=${CMAKE_PREFIX_PATH}:/home/huyjetson/mobile_robot/ros2_ws/install/amr_sensors:/home/huyjetson/mobile_robot/ros2_ws/install/amr_ai:/home/huyjetson/mobile_robot/ros2_ws/install/amr_bringup:/opt/ros/humble PS1=(ai_ros_venv) \[\e]0;\u@\h: \w\a\]${debian_chroot:+($debian_chroot)}\[\033[01;32m\]\u@\h\[\033[00m\]:\[\033[01;34m\]\w\[\033[00m\]\$ VIRTUAL_ENV_PROMPT=(ai_ros_venv) /usr/bin/cmake --build /home/huyjetson/mobile_robot/ros2_ws/build/amr_interfaces -- -j6 -l6
[3.570s] [  1%] [34m[1mGenerating C code for ROS interfaces[0m
[3.592s] [  3%] [34m[1mGenerating Rust code for ROS interfaces[0m
[3.594s] [  4%] [34m[1mGenerating C++ code for ROS interfaces[0m
[3.612s] [  4%] Built target ament_cmake_python_symlink_amr_interfaces
[4.217s] running egg_info
[4.218s] writing amr_interfaces.egg-info/PKG-INFO
[4.219s] writing dependency_links to amr_interfaces.egg-info/dependency_links.txt
[4.219s] writing top-level names to amr_interfaces.egg-info/top_level.txt
[4.224s] reading manifest file 'amr_interfaces.egg-info/SOURCES.txt'
[4.225s] writing manifest file 'amr_interfaces.egg-info/SOURCES.txt'
[4.297s] [  4%] Built target ament_cmake_python_build_amr_interfaces_egg
[4.364s] [  4%] Built target amr_interfaces__rs
[4.757s] [35m[1mConsolidate compiler generated dependencies of target amr_interfaces__rosidl_generator_c[0m
[4.788s] [  6%] [32mBuilding C object CMakeFiles/amr_interfaces__rosidl_generator_c.dir/rosidl_generator_c/amr_interfaces/msg/detail/ai_alert__functions.c.o[0m
[4.794s] [  7%] [32mBuilding C object CMakeFiles/amr_interfaces__rosidl_generator_c.dir/rosidl_generator_c/amr_interfaces/msg/detail/ai_mode__functions.c.o[0m
[4.807s] [  9%] [32mBuilding C object CMakeFiles/amr_interfaces__rosidl_generator_c.dir/rosidl_generator_c/amr_interfaces/msg/detail/person_target__functions.c.o[0m
[4.810s] [ 10%] [32mBuilding C object CMakeFiles/amr_interfaces__rosidl_generator_c.dir/rosidl_generator_c/amr_interfaces/srv/detail/set_ai_mode__functions.c.o[0m
[4.828s] [ 12%] [32mBuilding C object CMakeFiles/amr_interfaces__rosidl_generator_c.dir/rosidl_generator_c/amr_interfaces/srv/detail/select_zone__functions.c.o[0m
[4.841s] [ 12%] Built target amr_interfaces__cpp
[4.862s] [ 14%] [34m[1mGenerating C++ type support for eProsima Fast-RTPS[0m
[4.938s] [ 17%] [34m[1mGenerating C++ introspection for ROS interfaces[0m
[4.938s] [ 17%] [34m[1mGenerating C++ type support dispatch for ROS interfaces[0m
[4.956s] [ 18%] [32m[1mLinking C shared library libamr_interfaces__rosidl_generator_c.so[0m
[5.067s] [ 18%] Built target amr_interfaces__rosidl_generator_c
[5.089s] [ 21%] [34m[1mGenerating C type support for eProsima Fast-RTPS[0m
[5.089s] [ 21%] [34m[1mGenerating C introspection for ROS interfaces[0m
[5.089s] [ 23%] [34m[1mGenerating C type support dispatch for ROS interfaces[0m
[5.793s] [35m[1mConsolidate compiler generated dependencies of target amr_interfaces__rosidl_typesupport_cpp[0m
[5.845s] [ 25%] [32mBuilding CXX object CMakeFiles/amr_interfaces__rosidl_typesupport_cpp.dir/rosidl_typesupport_cpp/amr_interfaces/msg/ai_alert__type_support.cpp.o[0m
[5.962s] [35m[1mConsolidate compiler generated dependencies of target amr_interfaces__rosidl_typesupport_introspection_cpp[0m
[5.978s] [35m[1mConsolidate compiler generated dependencies of target amr_interfaces__rosidl_typesupport_c[0m
[5.997s] [35m[1mConsolidate compiler generated dependencies of target amr_interfaces__rosidl_typesupport_fastrtps_cpp[0m
[6.008s] [ 26%] [32mBuilding CXX object CMakeFiles/amr_interfaces__rosidl_typesupport_c.dir/rosidl_typesupport_c/amr_interfaces/msg/ai_alert__type_support.cpp.o[0m
[6.011s] [ 28%] [32mBuilding CXX object CMakeFiles/amr_interfaces__rosidl_typesupport_introspection_cpp.dir/rosidl_typesupport_introspection_cpp/amr_interfaces/msg/detail/ai_alert__type_support.cpp.o[0m
[6.058s] [ 29%] [32mBuilding CXX object CMakeFiles/amr_interfaces__rosidl_typesupport_fastrtps_cpp.dir/rosidl_typesupport_fastrtps_cpp/amr_interfaces/msg/detail/dds_fastrtps/ai_alert__type_support.cpp.o[0m
[6.080s] [ 31%] [32mBuilding CXX object CMakeFiles/amr_interfaces__rosidl_typesupport_c.dir/rosidl_typesupport_c/amr_interfaces/msg/ai_mode__type_support.cpp.o[0m
[6.144s] [ 32%] [32mBuilding CXX object CMakeFiles/amr_interfaces__rosidl_typesupport_c.dir/rosidl_typesupport_c/amr_interfaces/msg/person_target__type_support.cpp.o[0m
[6.193s] [35m[1mConsolidate compiler generated dependencies of target amr_interfaces__rosidl_typesupport_introspection_c[0m
[6.207s] [ 34%] [32mBuilding CXX object CMakeFiles/amr_interfaces__rosidl_typesupport_c.dir/rosidl_typesupport_c/amr_interfaces/srv/set_ai_mode__type_support.cpp.o[0m
[6.235s] [ 35%] [32mBuilding C object CMakeFiles/amr_interfaces__rosidl_typesupport_introspection_c.dir/rosidl_typesupport_introspection_c/amr_interfaces/msg/detail/ai_alert__type_support.c.o[0m
[6.276s] [35m[1mConsolidate compiler generated dependencies of target amr_interfaces__rosidl_typesupport_fastrtps_c[0m
[6.278s] [ 37%] [32mBuilding CXX object CMakeFiles/amr_interfaces__rosidl_typesupport_c.dir/rosidl_typesupport_c/amr_interfaces/srv/select_zone__type_support.cpp.o[0m
[6.315s] [ 39%] [32mBuilding C object CMakeFiles/amr_interfaces__rosidl_typesupport_introspection_c.dir/rosidl_typesupport_introspection_c/amr_interfaces/msg/detail/ai_mode__type_support.c.o[0m
[6.336s] [ 40%] [32mBuilding CXX object CMakeFiles/amr_interfaces__rosidl_typesupport_fastrtps_c.dir/rosidl_typesupport_fastrtps_c/amr_interfaces/msg/detail/ai_alert__type_support_c.cpp.o[0m
[6.395s] [ 42%] [32m[1mLinking CXX shared library libamr_interfaces__rosidl_typesupport_c.so[0m
[6.395s] [ 43%] [32mBuilding C object CMakeFiles/amr_interfaces__rosidl_typesupport_introspection_c.dir/rosidl_typesupport_introspection_c/amr_interfaces/msg/detail/person_target__type_support.c.o[0m
[6.474s] [ 45%] [32mBuilding C object CMakeFiles/amr_interfaces__rosidl_typesupport_introspection_c.dir/rosidl_typesupport_introspection_c/amr_interfaces/srv/detail/set_ai_mode__type_support.c.o[0m
[6.474s] [ 46%] [32mBuilding CXX object CMakeFiles/amr_interfaces__rosidl_typesupport_cpp.dir/rosidl_typesupport_cpp/amr_interfaces/msg/ai_mode__type_support.cpp.o[0m
[6.477s] [ 46%] Built target amr_interfaces__rosidl_typesupport_c
[6.496s] [ 48%] [32mBuilding C object CMakeFiles/amr_interfaces__rosidl_typesupport_introspection_c.dir/rosidl_typesupport_introspection_c/amr_interfaces/srv/detail/select_zone__type_support.c.o[0m
[6.558s] [ 50%] [32mBuilding CXX object CMakeFiles/amr_interfaces__rosidl_typesupport_cpp.dir/rosidl_typesupport_cpp/amr_interfaces/msg/person_target__type_support.cpp.o[0m
[6.598s] [ 51%] [32m[1mLinking C shared library libamr_interfaces__rosidl_typesupport_introspection_c.so[0m
[6.684s] [ 51%] Built target amr_interfaces__rosidl_typesupport_introspection_c
[6.705s] [ 53%] [32mBuilding CXX object CMakeFiles/amr_interfaces__rosidl_typesupport_fastrtps_cpp.dir/rosidl_typesupport_fastrtps_cpp/amr_interfaces/msg/detail/dds_fastrtps/ai_mode__type_support.cpp.o[0m
[6.822s] [ 54%] [32mBuilding CXX object CMakeFiles/amr_interfaces__rosidl_typesupport_introspection_cpp.dir/rosidl_typesupport_introspection_cpp/amr_interfaces/msg/detail/ai_mode__type_support.cpp.o[0m
[6.871s] [ 56%] [32mBuilding CXX object CMakeFiles/amr_interfaces__rosidl_typesupport_fastrtps_cpp.dir/rosidl_typesupport_fastrtps_cpp/amr_interfaces/msg/detail/dds_fastrtps/person_target__type_support.cpp.o[0m
[7.044s] [ 57%] [32mBuilding CXX object CMakeFiles/amr_interfaces__rosidl_typesupport_cpp.dir/rosidl_typesupport_cpp/amr_interfaces/srv/set_ai_mode__type_support.cpp.o[0m
[7.138s] [ 59%] [32mBuilding CXX object CMakeFiles/amr_interfaces__rosidl_typesupport_fastrtps_c.dir/rosidl_typesupport_fastrtps_c/amr_interfaces/msg/detail/ai_mode__type_support_c.cpp.o[0m
[7.179s] [ 60%] [32mBuilding CXX object CMakeFiles/amr_interfaces__rosidl_typesupport_cpp.dir/rosidl_typesupport_cpp/amr_interfaces/srv/select_zone__type_support.cpp.o[0m
[7.556s] [ 62%] [32mBuilding CXX object CMakeFiles/amr_interfaces__rosidl_typesupport_fastrtps_cpp.dir/rosidl_typesupport_fastrtps_cpp/amr_interfaces/srv/detail/dds_fastrtps/set_ai_mode__type_support.cpp.o[0m
[7.588s] [ 64%] [32mBuilding CXX object CMakeFiles/amr_interfaces__rosidl_typesupport_introspection_cpp.dir/rosidl_typesupport_introspection_cpp/amr_interfaces/msg/detail/person_target__type_support.cpp.o[0m
[7.681s] [ 67%] [32mBuilding CXX object CMakeFiles/amr_interfaces__rosidl_typesupport_fastrtps_cpp.dir/rosidl_typesupport_fastrtps_cpp/amr_interfaces/srv/detail/dds_fastrtps/select_zone__type_support.cpp.o[0m
[7.681s] [ 67%] [32mBuilding CXX object CMakeFiles/amr_interfaces__rosidl_typesupport_introspection_cpp.dir/rosidl_typesupport_introspection_cpp/amr_interfaces/srv/detail/set_ai_mode__type_support.cpp.o[0m
[7.773s] [ 68%] [32m[1mLinking CXX shared library libamr_interfaces__rosidl_typesupport_cpp.so[0m
[7.868s] [ 68%] Built target amr_interfaces__rosidl_typesupport_cpp
[7.887s] [ 70%] [32mBuilding CXX object CMakeFiles/amr_interfaces__rosidl_typesupport_introspection_cpp.dir/rosidl_typesupport_introspection_cpp/amr_interfaces/srv/detail/select_zone__type_support.cpp.o[0m
[7.894s] [ 71%] [32mBuilding CXX object CMakeFiles/amr_interfaces__rosidl_typesupport_fastrtps_c.dir/rosidl_typesupport_fastrtps_c/amr_interfaces/msg/detail/person_target__type_support_c.cpp.o[0m
[8.372s] [ 73%] [32mBuilding CXX object CMakeFiles/amr_interfaces__rosidl_typesupport_fastrtps_c.dir/rosidl_typesupport_fastrtps_c/amr_interfaces/srv/detail/set_ai_mode__type_support_c.cpp.o[0m
[8.442s] [ 75%] [32mBuilding CXX object CMakeFiles/amr_interfaces__rosidl_typesupport_fastrtps_c.dir/rosidl_typesupport_fastrtps_c/amr_interfaces/srv/detail/select_zone__type_support_c.cpp.o[0m
[8.515s] [ 76%] [32m[1mLinking CXX shared library libamr_interfaces__rosidl_typesupport_fastrtps_cpp.so[0m
[8.701s] [ 76%] Built target amr_interfaces__rosidl_typesupport_fastrtps_cpp
[8.750s] [ 78%] [32m[1mLinking CXX shared library libamr_interfaces__rosidl_typesupport_introspection_cpp.so[0m
[8.877s] [ 78%] Built target amr_interfaces__rosidl_typesupport_introspection_cpp
[9.165s] [ 79%] [32m[1mLinking CXX shared library libamr_interfaces__rosidl_typesupport_fastrtps_c.so[0m
[9.329s] [ 79%] Built target amr_interfaces__rosidl_typesupport_fastrtps_c
[9.382s] [ 79%] Built target amr_interfaces
[9.437s] [ 81%] [34m[1mGenerating Python code for ROS interfaces[0m
[11.209s] [ 81%] Built target amr_interfaces__py
[11.235s] [35m[1mConsolidate compiler generated dependencies of target amr_interfaces__rosidl_generator_py[0m
[11.270s] [ 85%] [32mBuilding C object CMakeFiles/amr_interfaces__rosidl_generator_py.dir/rosidl_generator_py/amr_interfaces/srv/_select_zone_s.c.o[0m
[11.270s] [ 85%] [32mBuilding C object CMakeFiles/amr_interfaces__rosidl_generator_py.dir/rosidl_generator_py/amr_interfaces/srv/_set_ai_mode_s.c.o[0m
[11.270s] [ 85%] [32mBuilding C object CMakeFiles/amr_interfaces__rosidl_generator_py.dir/rosidl_generator_py/amr_interfaces/msg/_person_target_s.c.o[0m
[11.271s] [ 89%] [32mBuilding C object CMakeFiles/amr_interfaces__rosidl_generator_py.dir/rosidl_generator_py/amr_interfaces/msg/_ai_alert_s.c.o[0m
[11.271s] [ 89%] [32mBuilding C object CMakeFiles/amr_interfaces__rosidl_generator_py.dir/rosidl_generator_py/amr_interfaces/msg/_ai_mode_s.c.o[0m
[11.574s] [ 90%] [32m[1mLinking C shared library rosidl_generator_py/amr_interfaces/libamr_interfaces__rosidl_generator_py.so[0m
[11.669s] [ 90%] Built target amr_interfaces__rosidl_generator_py
[11.701s] [35m[1mConsolidate compiler generated dependencies of target amr_interfaces__rosidl_typesupport_c__pyext[0m
[11.701s] [35m[1mConsolidate compiler generated dependencies of target amr_interfaces__rosidl_typesupport_introspection_c__pyext[0m
[11.701s] [35m[1mConsolidate compiler generated dependencies of target amr_interfaces__rosidl_typesupport_fastrtps_c__pyext[0m
[11.729s] [ 95%] [32mBuilding C object CMakeFiles/amr_interfaces__rosidl_typesupport_c__pyext.dir/rosidl_generator_py/amr_interfaces/_amr_interfaces_s.ep.rosidl_typesupport_c.c.o[0m
[11.729s] [ 95%] [32mBuilding C object CMakeFiles/amr_interfaces__rosidl_typesupport_introspection_c__pyext.dir/rosidl_generator_py/amr_interfaces/_amr_interfaces_s.ep.rosidl_typesupport_introspection_c.c.o[0m
[11.730s] [ 95%] [32mBuilding C object CMakeFiles/amr_interfaces__rosidl_typesupport_fastrtps_c__pyext.dir/rosidl_generator_py/amr_interfaces/_amr_interfaces_s.ep.rosidl_typesupport_fastrtps_c.c.o[0m
[11.959s] [ 98%] [32m[1mLinking C shared library rosidl_generator_py/amr_interfaces/amr_interfaces_s__rosidl_typesupport_fastrtps_c.cpython-310-aarch64-linux-gnu.so[0m
[11.960s] [ 98%] [32m[1mLinking C shared library rosidl_generator_py/amr_interfaces/amr_interfaces_s__rosidl_typesupport_c.cpython-310-aarch64-linux-gnu.so[0m
[11.966s] [100%] [32m[1mLinking C shared library rosidl_generator_py/amr_interfaces/amr_interfaces_s__rosidl_typesupport_introspection_c.cpython-310-aarch64-linux-gnu.so[0m
[12.048s] [100%] Built target amr_interfaces__rosidl_typesupport_c__pyext
[12.048s] [100%] Built target amr_interfaces__rosidl_typesupport_fastrtps_c__pyext
[12.089s] [100%] Built target amr_interfaces__rosidl_typesupport_introspection_c__pyext
[12.129s] Invoked command in '/home/huyjetson/mobile_robot/ros2_ws/build/amr_interfaces' returned '0': CMAKE_PREFIX_PATH=${CMAKE_PREFIX_PATH}:/home/huyjetson/mobile_robot/ros2_ws/install/amr_sensors:/home/huyjetson/mobile_robot/ros2_ws/install/amr_ai:/home/huyjetson/mobile_robot/ros2_ws/install/amr_bringup:/opt/ros/humble PS1=(ai_ros_venv) \[\e]0;\u@\h: \w\a\]${debian_chroot:+($debian_chroot)}\[\033[01;32m\]\u@\h\[\033[00m\]:\[\033[01;34m\]\w\[\033[00m\]\$ VIRTUAL_ENV_PROMPT=(ai_ros_venv) /usr/bin/cmake --build /home/huyjetson/mobile_robot/ros2_ws/build/amr_interfaces -- -j6 -l6
[12.163s] Invoking command in '/home/huyjetson/mobile_robot/ros2_ws/build/amr_interfaces': CMAKE_PREFIX_PATH=${CMAKE_PREFIX_PATH}:/home/huyjetson/mobile_robot/ros2_ws/install/amr_sensors:/home/huyjetson/mobile_robot/ros2_ws/install/amr_ai:/home/huyjetson/mobile_robot/ros2_ws/install/amr_bringup:/opt/ros/humble PS1=(ai_ros_venv) \[\e]0;\u@\h: \w\a\]${debian_chroot:+($debian_chroot)}\[\033[01;32m\]\u@\h\[\033[00m\]:\[\033[01;34m\]\w\[\033[00m\]\$ VIRTUAL_ENV_PROMPT=(ai_ros_venv) /usr/bin/cmake --install /home/huyjetson/mobile_robot/ros2_ws/build/amr_interfaces
[12.183s] -- Install configuration: ""
[12.184s] -- Execute custom install script
[12.185s] -- Up-to-date symlink: /home/huyjetson/mobile_robot/ros2_ws/install/amr_interfaces/share/ament_index/resource_index/rosidl_interfaces/amr_interfaces
[12.186s] -- Up-to-date symlink: /home/huyjetson/mobile_robot/ros2_ws/install/amr_interfaces/include/amr_interfaces/amr_interfaces/msg/ai_alert.h
[12.187s] -- Up-to-date symlink: /home/huyjetson/mobile_robot/ros2_ws/install/amr_interfaces/include/amr_interfaces/amr_interfaces/msg/ai_mode.h
[12.187s] -- Up-to-date symlink: /home/huyjetson/mobile_robot/ros2_ws/install/amr_interfaces/include/amr_interfaces/amr_interfaces/msg/detail/ai_alert__functions.h
[12.187s] -- Up-to-date symlink: /home/huyjetson/mobile_robot/ros2_ws/install/amr_interfaces/include/amr_interfaces/amr_interfaces/msg/detail/ai_alert__struct.h
[12.188s] -- Up-to-date symlink: /home/huyjetson/mobile_robot/ros2_ws/install/amr_interfaces/include/amr_interfaces/amr_interfaces/msg/detail/ai_alert__type_support.h
[12.188s] -- Up-to-date symlink: /home/huyjetson/mobile_robot/ros2_ws/install/amr_interfaces/include/amr_interfaces/amr_interfaces/msg/detail/ai_mode__functions.h
[12.188s] -- Up-to-date symlink: /home/huyjetson/mobile_robot/ros2_ws/install/amr_interfaces/include/amr_interfaces/amr_interfaces/msg/detail/ai_mode__struct.h
[12.189s] -- Up-to-date symlink: /home/huyjetson/mobile_robot/ros2_ws/install/amr_interfaces/include/amr_interfaces/amr_interfaces/msg/detail/ai_mode__type_support.h
[12.189s] -- Up-to-date symlink: /home/huyjetson/mobile_robot/ros2_ws/install/amr_interfaces/include/amr_interfaces/amr_interfaces/msg/detail/person_target__functions.h
[12.189s] -- Up-to-date symlink: /home/huyjetson/mobile_robot/ros2_ws/install/amr_interfaces/include/amr_interfaces/amr_interfaces/msg/detail/person_target__struct.h
[12.190s] -- Up-to-date symlink: /home/huyjetson/mobile_robot/ros2_ws/install/amr_interfaces/include/amr_interfaces/amr_interfaces/msg/detail/person_target__type_support.h
[12.190s] -- Up-to-date symlink: /home/huyjetson/mobile_robot/ros2_ws/install/amr_interfaces/include/amr_interfaces/amr_interfaces/msg/person_target.h
[12.190s] -- Up-to-date symlink: /home/huyjetson/mobile_robot/ros2_ws/install/amr_interfaces/include/amr_interfaces/amr_interfaces/msg/rosidl_generator_c__visibility_control.h
[12.191s] -- Up-to-date symlink: /home/huyjetson/mobile_robot/ros2_ws/install/amr_interfaces/include/amr_interfaces/amr_interfaces/srv/detail/select_zone__functions.h
[12.191s] -- Up-to-date symlink: /home/huyjetson/mobile_robot/ros2_ws/install/amr_interfaces/include/amr_interfaces/amr_interfaces/srv/detail/select_zone__struct.h
[12.191s] -- Up-to-date symlink: /home/huyjetson/mobile_robot/ros2_ws/install/amr_interfaces/include/amr_interfaces/amr_interfaces/srv/detail/select_zone__type_support.h
[12.192s] -- Up-to-date symlink: /home/huyjetson/mobile_robot/ros2_ws/install/amr_interfaces/include/amr_interfaces/amr_interfaces/srv/detail/set_ai_mode__functions.h
[12.192s] -- Up-to-date symlink: /home/huyjetson/mobile_robot/ros2_ws/install/amr_interfaces/include/amr_interfaces/amr_interfaces/srv/detail/set_ai_mode__struct.h
[12.192s] -- Up-to-date symlink: /home/huyjetson/mobile_robot/ros2_ws/install/amr_interfaces/include/amr_interfaces/amr_interfaces/srv/detail/set_ai_mode__type_support.h
[12.193s] -- Up-to-date symlink: /home/huyjetson/mobile_robot/ros2_ws/install/amr_interfaces/include/amr_interfaces/amr_interfaces/srv/select_zone.h
[12.193s] -- Up-to-date symlink: /home/huyjetson/mobile_robot/ros2_ws/install/amr_interfaces/include/amr_interfaces/amr_interfaces/srv/set_ai_mode.h
[12.193s] -- Up-to-date symlink: /home/huyjetson/mobile_robot/ros2_ws/install/amr_interfaces/share/amr_interfaces/environment/library_path.sh
[12.194s] -- Up-to-date symlink: /home/huyjetson/mobile_robot/ros2_ws/install/amr_interfaces/share/amr_interfaces/environment/library_path.dsv
[12.194s] -- Up-to-date symlink: /home/huyjetson/mobile_robot/ros2_ws/install/amr_interfaces/include/amr_interfaces/amr_interfaces/msg/detail/ai_alert__rosidl_typesupport_fastrtps_c.h
[12.194s] -- Up-to-date symlink: /home/huyjetson/mobile_robot/ros2_ws/install/amr_interfaces/include/amr_interfaces/amr_interfaces/msg/detail/ai_mode__rosidl_typesupport_fastrtps_c.h
[12.195s] -- Up-to-date symlink: /home/huyjetson/mobile_robot/ros2_ws/install/amr_interfaces/include/amr_interfaces/amr_interfaces/msg/detail/person_target__rosidl_typesupport_fastrtps_c.h
[12.195s] -- Up-to-date symlink: /home/huyjetson/mobile_robot/ros2_ws/install/amr_interfaces/include/amr_interfaces/amr_interfaces/msg/rosidl_typesupport_fastrtps_c__visibility_control.h
[12.195s] -- Up-to-date symlink: /home/huyjetson/mobile_robot/ros2_ws/install/amr_interfaces/include/amr_interfaces/amr_interfaces/srv/detail/select_zone__rosidl_typesupport_fastrtps_c.h
[12.196s] -- Up-to-date symlink: /home/huyjetson/mobile_robot/ros2_ws/install/amr_interfaces/include/amr_interfaces/amr_interfaces/srv/detail/set_ai_mode__rosidl_typesupport_fastrtps_c.h
[12.196s] -- Up-to-date symlink: /home/huyjetson/mobile_robot/ros2_ws/install/amr_interfaces/include/amr_interfaces/amr_interfaces/msg/detail/ai_alert__rosidl_typesupport_introspection_c.h
[12.196s] -- Up-to-date symlink: /home/huyjetson/mobile_robot/ros2_ws/install/amr_interfaces/include/amr_interfaces/amr_interfaces/msg/detail/ai_mode__rosidl_typesupport_introspection_c.h
[12.196s] -- Up-to-date symlink: /home/huyjetson/mobile_robot/ros2_ws/install/amr_interfaces/include/amr_interfaces/amr_interfaces/msg/detail/person_target__rosidl_typesupport_introspection_c.h
[12.197s] -- Up-to-date symlink: /home/huyjetson/mobile_robot/ros2_ws/install/amr_interfaces/include/amr_interfaces/amr_interfaces/msg/rosidl_typesupport_introspection_c__visibility_control.h
[12.197s] -- Up-to-date symlink: /home/huyjetson/mobile_robot/ros2_ws/install/amr_interfaces/include/amr_interfaces/amr_interfaces/srv/detail/select_zone__rosidl_typesupport_introspection_c.h
[12.197s] -- Up-to-date symlink: /home/huyjetson/mobile_robot/ros2_ws/install/amr_interfaces/include/amr_interfaces/amr_interfaces/srv/detail/set_ai_mode__rosidl_typesupport_introspection_c.h
[12.198s] -- Up-to-date symlink: /home/huyjetson/mobile_robot/ros2_ws/install/amr_interfaces/include/amr_interfaces/amr_interfaces/msg/ai_alert.hpp
[12.198s] -- Up-to-date symlink: /home/huyjetson/mobile_robot/ros2_ws/install/amr_interfaces/include/amr_interfaces/amr_interfaces/msg/ai_mode.hpp
[12.198s] -- Up-to-date symlink: /home/huyjetson/mobile_robot/ros2_ws/install/amr_interfaces/include/amr_interfaces/amr_interfaces/msg/detail/ai_alert__builder.hpp
[12.199s] -- Up-to-date symlink: /home/huyjetson/mobile_robot/ros2_ws/install/amr_interfaces/include/amr_interfaces/amr_interfaces/msg/detail/ai_alert__struct.hpp
[12.199s] -- Up-to-date symlink: /home/huyjetson/mobile_robot/ros2_ws/install/amr_interfaces/include/amr_interfaces/amr_interfaces/msg/detail/ai_alert__traits.hpp
[12.199s] -- Up-to-date symlink: /home/huyjetson/mobile_robot/ros2_ws/install/amr_interfaces/include/amr_interfaces/amr_interfaces/msg/detail/ai_alert__type_support.hpp
[12.200s] -- Up-to-date symlink: /home/huyjetson/mobile_robot/ros2_ws/install/amr_interfaces/include/amr_interfaces/amr_interfaces/msg/detail/ai_mode__builder.hpp
[12.200s] -- Up-to-date symlink: /home/huyjetson/mobile_robot/ros2_ws/install/amr_interfaces/include/amr_interfaces/amr_interfaces/msg/detail/ai_mode__struct.hpp
[12.200s] -- Up-to-date symlink: /home/huyjetson/mobile_robot/ros2_ws/install/amr_interfaces/include/amr_interfaces/amr_interfaces/msg/detail/ai_mode__traits.hpp
[12.201s] -- Up-to-date symlink: /home/huyjetson/mobile_robot/ros2_ws/install/amr_interfaces/include/amr_interfaces/amr_interfaces/msg/detail/ai_mode__type_support.hpp
[12.201s] -- Up-to-date symlink: /home/huyjetson/mobile_robot/ros2_ws/install/amr_interfaces/include/amr_interfaces/amr_interfaces/msg/detail/person_target__builder.hpp
[12.201s] -- Up-to-date symlink: /home/huyjetson/mobile_robot/ros2_ws/install/amr_interfaces/include/amr_interfaces/amr_interfaces/msg/detail/person_target__struct.hpp
[12.202s] -- Up-to-date symlink: /home/huyjetson/mobile_robot/ros2_ws/install/amr_interfaces/include/amr_interfaces/amr_interfaces/msg/detail/person_target__traits.hpp
[12.202s] -- Up-to-date symlink: /home/huyjetson/mobile_robot/ros2_ws/install/amr_interfaces/include/amr_interfaces/amr_interfaces/msg/detail/person_target__type_support.hpp
[12.202s] -- Up-to-date symlink: /home/huyjetson/mobile_robot/ros2_ws/install/amr_interfaces/include/amr_interfaces/amr_interfaces/msg/person_target.hpp
[12.202s] -- Up-to-date symlink: /home/huyjetson/mobile_robot/ros2_ws/install/amr_interfaces/include/amr_interfaces/amr_interfaces/msg/rosidl_generator_cpp__visibility_control.hpp
[12.203s] -- Up-to-date symlink: /home/huyjetson/mobile_robot/ros2_ws/install/amr_interfaces/include/amr_interfaces/amr_interfaces/srv/detail/select_zone__builder.hpp
[12.203s] -- Up-to-date symlink: /home/huyjetson/mobile_robot/ros2_ws/install/amr_interfaces/include/amr_interfaces/amr_interfaces/srv/detail/select_zone__struct.hpp
[12.203s] -- Up-to-date symlink: /home/huyjetson/mobile_robot/ros2_ws/install/amr_interfaces/include/amr_interfaces/amr_interfaces/srv/detail/select_zone__traits.hpp
[12.204s] -- Up-to-date symlink: /home/huyjetson/mobile_robot/ros2_ws/install/amr_interfaces/include/amr_interfaces/amr_interfaces/srv/detail/select_zone__type_support.hpp
[12.204s] -- Up-to-date symlink: /home/huyjetson/mobile_robot/ros2_ws/install/amr_interfaces/include/amr_interfaces/amr_interfaces/srv/detail/set_ai_mode__builder.hpp
[12.204s] -- Up-to-date symlink: /home/huyjetson/mobile_robot/ros2_ws/install/amr_interfaces/include/amr_interfaces/amr_interfaces/srv/detail/set_ai_mode__struct.hpp
[12.204s] -- Up-to-date symlink: /home/huyjetson/mobile_robot/ros2_ws/install/amr_interfaces/include/amr_interfaces/amr_interfaces/srv/detail/set_ai_mode__traits.hpp
[12.205s] -- Up-to-date symlink: /home/huyjetson/mobile_robot/ros2_ws/install/amr_interfaces/include/amr_interfaces/amr_interfaces/srv/detail/set_ai_mode__type_support.hpp
[12.205s] -- Up-to-date symlink: /home/huyjetson/mobile_robot/ros2_ws/install/amr_interfaces/include/amr_interfaces/amr_interfaces/srv/select_zone.hpp
[12.205s] -- Up-to-date symlink: /home/huyjetson/mobile_robot/ros2_ws/install/amr_interfaces/include/amr_interfaces/amr_interfaces/srv/set_ai_mode.hpp
[12.206s] -- Up-to-date symlink: /home/huyjetson/mobile_robot/ros2_ws/install/amr_interfaces/include/amr_interfaces/amr_interfaces/msg/detail/ai_alert__rosidl_typesupport_fastrtps_cpp.hpp
[12.206s] -- Up-to-date symlink: /home/huyjetson/mobile_robot/ros2_ws/install/amr_interfaces/include/amr_interfaces/amr_interfaces/msg/detail/ai_mode__rosidl_typesupport_fastrtps_cpp.hpp
[12.206s] -- Up-to-date symlink: /home/huyjetson/mobile_robot/ros2_ws/install/amr_interfaces/include/amr_interfaces/amr_interfaces/msg/detail/person_target__rosidl_typesupport_fastrtps_cpp.hpp
[12.207s] -- Up-to-date symlink: /home/huyjetson/mobile_robot/ros2_ws/install/amr_interfaces/include/amr_interfaces/amr_interfaces/msg/rosidl_typesupport_fastrtps_cpp__visibility_control.h
[12.207s] -- Up-to-date symlink: /home/huyjetson/mobile_robot/ros2_ws/install/amr_interfaces/include/amr_interfaces/amr_interfaces/srv/detail/select_zone__rosidl_typesupport_fastrtps_cpp.hpp
[12.207s] -- Up-to-date symlink: /home/huyjetson/mobile_robot/ros2_ws/install/amr_interfaces/include/amr_interfaces/amr_interfaces/srv/detail/set_ai_mode__rosidl_typesupport_fastrtps_cpp.hpp
[12.208s] -- Up-to-date symlink: /home/huyjetson/mobile_robot/ros2_ws/install/amr_interfaces/include/amr_interfaces/amr_interfaces/msg/detail/ai_alert__rosidl_typesupport_introspection_cpp.hpp
[12.208s] -- Up-to-date symlink: /home/huyjetson/mobile_robot/ros2_ws/install/amr_interfaces/include/amr_interfaces/amr_interfaces/msg/detail/ai_mode__rosidl_typesupport_introspection_cpp.hpp
[12.208s] -- Up-to-date symlink: /home/huyjetson/mobile_robot/ros2_ws/install/amr_interfaces/include/amr_interfaces/amr_interfaces/msg/detail/person_target__rosidl_typesupport_introspection_cpp.hpp
[12.209s] -- Up-to-date symlink: /home/huyjetson/mobile_robot/ros2_ws/install/amr_interfaces/include/amr_interfaces/amr_interfaces/srv/detail/select_zone__rosidl_typesupport_introspection_cpp.hpp
[12.209s] -- Up-to-date symlink: /home/huyjetson/mobile_robot/ros2_ws/install/amr_interfaces/include/amr_interfaces/amr_interfaces/srv/detail/set_ai_mode__rosidl_typesupport_introspection_cpp.hpp
[12.209s] -- Up-to-date symlink: /home/huyjetson/mobile_robot/ros2_ws/install/amr_interfaces/share/amr_interfaces/environment/pythonpath.sh
[12.209s] -- Up-to-date symlink: /home/huyjetson/mobile_robot/ros2_ws/install/amr_interfaces/share/amr_interfaces/environment/pythonpath.dsv
[12.210s] -- Up-to-date symlink: /home/huyjetson/mobile_robot/ros2_ws/install/amr_interfaces/lib/python3.10/site-packages/amr_interfaces-0.0.1-py3.10.egg-info/PKG-INFO
[12.210s] -- Up-to-date symlink: /home/huyjetson/mobile_robot/ros2_ws/install/amr_interfaces/lib/python3.10/site-packages/amr_interfaces-0.0.1-py3.10.egg-info/SOURCES.txt
[12.210s] -- Up-to-date symlink: /home/huyjetson/mobile_robot/ros2_ws/install/amr_interfaces/lib/python3.10/site-packages/amr_interfaces-0.0.1-py3.10.egg-info/dependency_links.txt
[12.211s] -- Up-to-date symlink: /home/huyjetson/mobile_robot/ros2_ws/install/amr_interfaces/lib/python3.10/site-packages/amr_interfaces-0.0.1-py3.10.egg-info/top_level.txt
[12.211s] -- Up-to-date symlink: /home/huyjetson/mobile_robot/ros2_ws/install/amr_interfaces/lib/python3.10/site-packages/amr_interfaces/__init__.py
[12.211s] -- Up-to-date symlink: /home/huyjetson/mobile_robot/ros2_ws/install/amr_interfaces/lib/python3.10/site-packages/amr_interfaces/_amr_interfaces_s.ep.rosidl_typesupport_c.c
[12.212s] -- Up-to-date symlink: /home/huyjetson/mobile_robot/ros2_ws/install/amr_interfaces/lib/python3.10/site-packages/amr_interfaces/_amr_interfaces_s.ep.rosidl_typesupport_fastrtps_c.c
[12.212s] -- Up-to-date symlink: /home/huyjetson/mobile_robot/ros2_ws/install/amr_interfaces/lib/python3.10/site-packages/amr_interfaces/_amr_interfaces_s.ep.rosidl_typesupport_introspection_c.c
[12.212s] -- Up-to-date symlink: /home/huyjetson/mobile_robot/ros2_ws/install/amr_interfaces/lib/python3.10/site-packages/amr_interfaces/amr_interfaces_s__rosidl_typesupport_c.cpython-310-aarch64-linux-gnu.so
[12.212s] -- Up-to-date symlink: /home/huyjetson/mobile_robot/ros2_ws/install/amr_interfaces/lib/python3.10/site-packages/amr_interfaces/amr_interfaces_s__rosidl_typesupport_fastrtps_c.cpython-310-aarch64-linux-gnu.so
[12.213s] -- Up-to-date symlink: /home/huyjetson/mobile_robot/ros2_ws/install/amr_interfaces/lib/python3.10/site-packages/amr_interfaces/amr_interfaces_s__rosidl_typesupport_introspection_c.cpython-310-aarch64-linux-gnu.so
[12.213s] -- Up-to-date symlink: /home/huyjetson/mobile_robot/ros2_ws/install/amr_interfaces/lib/python3.10/site-packages/amr_interfaces/libamr_interfaces__rosidl_generator_py.so
[12.213s] -- Up-to-date symlink: /home/huyjetson/mobile_robot/ros2_ws/install/amr_interfaces/lib/python3.10/site-packages/amr_interfaces/msg/__init__.py
[12.214s] -- Up-to-date symlink: /home/huyjetson/mobile_robot/ros2_ws/install/amr_interfaces/lib/python3.10/site-packages/amr_interfaces/msg/_ai_alert.py
[12.214s] -- Up-to-date symlink: /home/huyjetson/mobile_robot/ros2_ws/install/amr_interfaces/lib/python3.10/site-packages/amr_interfaces/msg/_ai_alert_s.c
[12.214s] -- Up-to-date symlink: /home/huyjetson/mobile_robot/ros2_ws/install/amr_interfaces/lib/python3.10/site-packages/amr_interfaces/msg/_ai_mode.py
[12.215s] -- Up-to-date symlink: /home/huyjetson/mobile_robot/ros2_ws/install/amr_interfaces/lib/python3.10/site-packages/amr_interfaces/msg/_ai_mode_s.c
[12.215s] -- Up-to-date symlink: /home/huyjetson/mobile_robot/ros2_ws/install/amr_interfaces/lib/python3.10/site-packages/amr_interfaces/msg/_person_target.py
[12.215s] -- Up-to-date symlink: /home/huyjetson/mobile_robot/ros2_ws/install/amr_interfaces/lib/python3.10/site-packages/amr_interfaces/msg/_person_target_s.c
[12.215s] -- Up-to-date symlink: /home/huyjetson/mobile_robot/ros2_ws/install/amr_interfaces/lib/python3.10/site-packages/amr_interfaces/srv/__init__.py
[12.216s] -- Up-to-date symlink: /home/huyjetson/mobile_robot/ros2_ws/install/amr_interfaces/lib/python3.10/site-packages/amr_interfaces/srv/_select_zone.py
[12.216s] -- Up-to-date symlink: /home/huyjetson/mobile_robot/ros2_ws/install/amr_interfaces/lib/python3.10/site-packages/amr_interfaces/srv/_select_zone_s.c
[12.216s] -- Up-to-date symlink: /home/huyjetson/mobile_robot/ros2_ws/install/amr_interfaces/lib/python3.10/site-packages/amr_interfaces/srv/_set_ai_mode.py
[12.217s] -- Up-to-date symlink: /home/huyjetson/mobile_robot/ros2_ws/install/amr_interfaces/lib/python3.10/site-packages/amr_interfaces/srv/_set_ai_mode_s.c
[12.217s] -- Up-to-date symlink: /home/huyjetson/mobile_robot/ros2_ws/install/amr_interfaces/lib/python3.10/site-packages/amr_interfaces/amr_interfaces_s__rosidl_typesupport_fastrtps_c.cpython-310-aarch64-linux-gnu.so
[12.217s] -- Up-to-date symlink: /home/huyjetson/mobile_robot/ros2_ws/install/amr_interfaces/lib/python3.10/site-packages/amr_interfaces/amr_interfaces_s__rosidl_typesupport_introspection_c.cpython-310-aarch64-linux-gnu.so
[12.218s] -- Up-to-date symlink: /home/huyjetson/mobile_robot/ros2_ws/install/amr_interfaces/lib/python3.10/site-packages/amr_interfaces/amr_interfaces_s__rosidl_typesupport_c.cpython-310-aarch64-linux-gnu.so
[12.218s] -- Up-to-date symlink: /home/huyjetson/mobile_robot/ros2_ws/install/amr_interfaces/share/ament_index/resource_index/rust_packages/amr_interfaces
[12.218s] -- Up-to-date symlink: /home/huyjetson/mobile_robot/ros2_ws/install/amr_interfaces/share/amr_interfaces/rust/Cargo.toml
[12.219s] -- Up-to-date symlink: /home/huyjetson/mobile_robot/ros2_ws/install/amr_interfaces/share/amr_interfaces/rust/build.rs
[12.219s] -- Up-to-date symlink: /home/huyjetson/mobile_robot/ros2_ws/install/amr_interfaces/share/amr_interfaces/rust/src/lib.rs
[12.219s] -- Up-to-date symlink: /home/huyjetson/mobile_robot/ros2_ws/install/amr_interfaces/share/amr_interfaces/rust/src/msg.rs
[12.220s] -- Up-to-date symlink: /home/huyjetson/mobile_robot/ros2_ws/install/amr_interfaces/share/amr_interfaces/rust/src/msg/rmw.rs
[12.220s] -- Up-to-date symlink: /home/huyjetson/mobile_robot/ros2_ws/install/amr_interfaces/share/amr_interfaces/rust/src/srv.rs
[12.220s] -- Up-to-date symlink: /home/huyjetson/mobile_robot/ros2_ws/install/amr_interfaces/share/amr_interfaces/rust/src/srv/rmw.rs
[12.220s] -- Up-to-date symlink: /home/huyjetson/mobile_robot/ros2_ws/install/amr_interfaces/share/amr_interfaces/msg/AiAlert.idl
[12.221s] -- Up-to-date symlink: /home/huyjetson/mobile_robot/ros2_ws/install/amr_interfaces/share/amr_interfaces/msg/AiMode.idl
[12.221s] -- Up-to-date symlink: /home/huyjetson/mobile_robot/ros2_ws/install/amr_interfaces/share/amr_interfaces/msg/PersonTarget.idl
[12.221s] -- Up-to-date symlink: /home/huyjetson/mobile_robot/ros2_ws/install/amr_interfaces/share/amr_interfaces/srv/SetAiMode.idl
[12.222s] -- Up-to-date symlink: /home/huyjetson/mobile_robot/ros2_ws/install/amr_interfaces/share/amr_interfaces/srv/SelectZone.idl
[12.222s] -- Up-to-date symlink: /home/huyjetson/mobile_robot/ros2_ws/install/amr_interfaces/share/amr_interfaces/msg/AiAlert.msg
[12.222s] -- Up-to-date symlink: /home/huyjetson/mobile_robot/ros2_ws/install/amr_interfaces/share/amr_interfaces/msg/AiMode.msg
[12.222s] -- Up-to-date symlink: /home/huyjetson/mobile_robot/ros2_ws/install/amr_interfaces/share/amr_interfaces/msg/PersonTarget.msg
[12.223s] -- Up-to-date symlink: /home/huyjetson/mobile_robot/ros2_ws/install/amr_interfaces/share/amr_interfaces/srv/SetAiMode.srv
[12.223s] -- Up-to-date symlink: /home/huyjetson/mobile_robot/ros2_ws/install/amr_interfaces/share/amr_interfaces/srv/SetAiMode_Request.msg
[12.223s] -- Up-to-date symlink: /home/huyjetson/mobile_robot/ros2_ws/install/amr_interfaces/share/amr_interfaces/srv/SetAiMode_Response.msg
[12.223s] -- Up-to-date symlink: /home/huyjetson/mobile_robot/ros2_ws/install/amr_interfaces/share/amr_interfaces/srv/SelectZone.srv
[12.224s] -- Up-to-date symlink: /home/huyjetson/mobile_robot/ros2_ws/install/amr_interfaces/share/amr_interfaces/srv/SelectZone_Request.msg
[12.224s] -- Up-to-date symlink: /home/huyjetson/mobile_robot/ros2_ws/install/amr_interfaces/share/amr_interfaces/srv/SelectZone_Response.msg
[12.224s] -- Up-to-date symlink: /home/huyjetson/mobile_robot/ros2_ws/install/amr_interfaces/share/ament_index/resource_index/package_run_dependencies/amr_interfaces
[12.224s] -- Up-to-date symlink: /home/huyjetson/mobile_robot/ros2_ws/install/amr_interfaces/share/ament_index/resource_index/parent_prefix_path/amr_interfaces
[12.225s] -- Up-to-date symlink: /home/huyjetson/mobile_robot/ros2_ws/install/amr_interfaces/share/amr_interfaces/environment/ament_prefix_path.sh
[12.225s] -- Up-to-date symlink: /home/huyjetson/mobile_robot/ros2_ws/install/amr_interfaces/share/amr_interfaces/environment/ament_prefix_path.dsv
[12.225s] -- Up-to-date symlink: /home/huyjetson/mobile_robot/ros2_ws/install/amr_interfaces/share/amr_interfaces/environment/path.sh
[12.226s] -- Up-to-date symlink: /home/huyjetson/mobile_robot/ros2_ws/install/amr_interfaces/share/amr_interfaces/environment/path.dsv
[12.226s] -- Up-to-date symlink: /home/huyjetson/mobile_robot/ros2_ws/install/amr_interfaces/share/amr_interfaces/local_setup.bash
[12.226s] -- Up-to-date symlink: /home/huyjetson/mobile_robot/ros2_ws/install/amr_interfaces/share/amr_interfaces/local_setup.sh
[12.226s] -- Up-to-date symlink: /home/huyjetson/mobile_robot/ros2_ws/install/amr_interfaces/share/amr_interfaces/local_setup.zsh
[12.226s] -- Up-to-date symlink: /home/huyjetson/mobile_robot/ros2_ws/install/amr_interfaces/share/amr_interfaces/local_setup.dsv
[12.227s] -- Symlinking: /home/huyjetson/mobile_robot/ros2_ws/install/amr_interfaces/share/amr_interfaces/package.dsv
[12.240s] -- Up-to-date symlink: /home/huyjetson/mobile_robot/ros2_ws/install/amr_interfaces/share/ament_index/resource_index/packages/amr_interfaces
[12.240s] -- Up-to-date symlink: /home/huyjetson/mobile_robot/ros2_ws/install/amr_interfaces/share/amr_interfaces/cmake/rosidl_cmake-extras.cmake
[12.240s] -- Up-to-date symlink: /home/huyjetson/mobile_robot/ros2_ws/install/amr_interfaces/share/amr_interfaces/cmake/ament_cmake_export_dependencies-extras.cmake
[12.241s] -- Up-to-date symlink: /home/huyjetson/mobile_robot/ros2_ws/install/amr_interfaces/share/amr_interfaces/cmake/ament_cmake_export_include_directories-extras.cmake
[12.241s] -- Up-to-date symlink: /home/huyjetson/mobile_robot/ros2_ws/install/amr_interfaces/share/amr_interfaces/cmake/ament_cmake_export_libraries-extras.cmake
[12.241s] -- Up-to-date symlink: /home/huyjetson/mobile_robot/ros2_ws/install/amr_interfaces/share/amr_interfaces/cmake/ament_cmake_export_targets-extras.cmake
[12.242s] -- Up-to-date symlink: /home/huyjetson/mobile_robot/ros2_ws/install/amr_interfaces/share/amr_interfaces/cmake/rosidl_cmake_export_typesupport_targets-extras.cmake
[12.242s] -- Up-to-date symlink: /home/huyjetson/mobile_robot/ros2_ws/install/amr_interfaces/share/amr_interfaces/cmake/rosidl_cmake_export_typesupport_libraries-extras.cmake
[12.242s] -- Up-to-date symlink: /home/huyjetson/mobile_robot/ros2_ws/install/amr_interfaces/share/amr_interfaces/cmake/amr_interfacesConfig.cmake
[12.243s] -- Up-to-date symlink: /home/huyjetson/mobile_robot/ros2_ws/install/amr_interfaces/share/amr_interfaces/cmake/amr_interfacesConfig-version.cmake
[12.243s] -- Up-to-date symlink: /home/huyjetson/mobile_robot/ros2_ws/install/amr_interfaces/share/amr_interfaces/package.xml
[12.243s] -- Installing: /home/huyjetson/mobile_robot/ros2_ws/install/amr_interfaces/lib/libamr_interfaces__rosidl_generator_c.so
[12.244s] -- Set runtime path of "/home/huyjetson/mobile_robot/ros2_ws/install/amr_interfaces/lib/libamr_interfaces__rosidl_generator_c.so" to ""
[12.244s] -- Installing: /home/huyjetson/mobile_robot/ros2_ws/install/amr_interfaces/lib/libamr_interfaces__rosidl_typesupport_fastrtps_c.so
[12.245s] -- Set runtime path of "/home/huyjetson/mobile_robot/ros2_ws/install/amr_interfaces/lib/libamr_interfaces__rosidl_typesupport_fastrtps_c.so" to ""
[12.246s] -- Installing: /home/huyjetson/mobile_robot/ros2_ws/install/amr_interfaces/lib/libamr_interfaces__rosidl_typesupport_introspection_c.so
[12.246s] -- Set runtime path of "/home/huyjetson/mobile_robot/ros2_ws/install/amr_interfaces/lib/libamr_interfaces__rosidl_typesupport_introspection_c.so" to ""
[12.247s] -- Installing: /home/huyjetson/mobile_robot/ros2_ws/install/amr_interfaces/lib/libamr_interfaces__rosidl_typesupport_c.so
[12.247s] -- Set runtime path of "/home/huyjetson/mobile_robot/ros2_ws/install/amr_interfaces/lib/libamr_interfaces__rosidl_typesupport_c.so" to ""
[12.248s] -- Installing: /home/huyjetson/mobile_robot/ros2_ws/install/amr_interfaces/lib/libamr_interfaces__rosidl_typesupport_fastrtps_cpp.so
[12.248s] -- Set runtime path of "/home/huyjetson/mobile_robot/ros2_ws/install/amr_interfaces/lib/libamr_interfaces__rosidl_typesupport_fastrtps_cpp.so" to ""
[12.249s] -- Installing: /home/huyjetson/mobile_robot/ros2_ws/install/amr_interfaces/lib/libamr_interfaces__rosidl_typesupport_introspection_cpp.so
[12.249s] -- Set runtime path of "/home/huyjetson/mobile_robot/ros2_ws/install/amr_interfaces/lib/libamr_interfaces__rosidl_typesupport_introspection_cpp.so" to ""
[12.250s] -- Installing: /home/huyjetson/mobile_robot/ros2_ws/install/amr_interfaces/lib/libamr_interfaces__rosidl_typesupport_cpp.so
[12.250s] -- Set runtime path of "/home/huyjetson/mobile_robot/ros2_ws/install/amr_interfaces/lib/libamr_interfaces__rosidl_typesupport_cpp.so" to ""
[12.376s] Listing '/home/huyjetson/mobile_robot/ros2_ws/install/amr_interfaces/lib/python3.10/site-packages/amr_interfaces'...
[12.377s] Compiling '/home/huyjetson/mobile_robot/ros2_ws/install/amr_interfaces/lib/python3.10/site-packages/amr_interfaces/__init__.py'...
[12.377s] Listing '/home/huyjetson/mobile_robot/ros2_ws/install/amr_interfaces/lib/python3.10/site-packages/amr_interfaces/msg'...
[12.377s] Compiling '/home/huyjetson/mobile_robot/ros2_ws/install/amr_interfaces/lib/python3.10/site-packages/amr_interfaces/msg/__init__.py'...
[12.378s] Compiling '/home/huyjetson/mobile_robot/ros2_ws/install/amr_interfaces/lib/python3.10/site-packages/amr_interfaces/msg/_ai_alert.py'...
[12.378s] Compiling '/home/huyjetson/mobile_robot/ros2_ws/install/amr_interfaces/lib/python3.10/site-packages/amr_interfaces/msg/_ai_mode.py'...
[12.378s] Compiling '/home/huyjetson/mobile_robot/ros2_ws/install/amr_interfaces/lib/python3.10/site-packages/amr_interfaces/msg/_person_target.py'...
[12.378s] Listing '/home/huyjetson/mobile_robot/ros2_ws/install/amr_interfaces/lib/python3.10/site-packages/amr_interfaces/srv'...
[12.379s] Compiling '/home/huyjetson/mobile_robot/ros2_ws/install/amr_interfaces/lib/python3.10/site-packages/amr_interfaces/srv/__init__.py'...
[12.379s] Compiling '/home/huyjetson/mobile_robot/ros2_ws/install/amr_interfaces/lib/python3.10/site-packages/amr_interfaces/srv/_select_zone.py'...
[12.379s] Compiling '/home/huyjetson/mobile_robot/ros2_ws/install/amr_interfaces/lib/python3.10/site-packages/amr_interfaces/srv/_set_ai_mode.py'...
[12.388s] -- Installing: /home/huyjetson/mobile_robot/ros2_ws/install/amr_interfaces/lib/libamr_interfaces__rosidl_generator_py.so
[12.389s] -- Set runtime path of "/home/huyjetson/mobile_robot/ros2_ws/install/amr_interfaces/lib/libamr_interfaces__rosidl_generator_py.so" to ""
[12.390s] -- Up-to-date: /home/huyjetson/mobile_robot/ros2_ws/install/amr_interfaces/share/amr_interfaces/cmake/export_amr_interfaces__rosidl_generator_cExport.cmake
[12.390s] -- Up-to-date: /home/huyjetson/mobile_robot/ros2_ws/install/amr_interfaces/share/amr_interfaces/cmake/export_amr_interfaces__rosidl_generator_cExport-noconfig.cmake
[12.390s] -- Up-to-date: /home/huyjetson/mobile_robot/ros2_ws/install/amr_interfaces/share/amr_interfaces/cmake/export_amr_interfaces__rosidl_typesupport_fastrtps_cExport.cmake
[12.391s] -- Up-to-date: /home/huyjetson/mobile_robot/ros2_ws/install/amr_interfaces/share/amr_interfaces/cmake/export_amr_interfaces__rosidl_typesupport_fastrtps_cExport-noconfig.cmake
[12.391s] -- Up-to-date: /home/huyjetson/mobile_robot/ros2_ws/install/amr_interfaces/share/amr_interfaces/cmake/amr_interfaces__rosidl_typesupport_introspection_cExport.cmake
[12.391s] -- Up-to-date: /home/huyjetson/mobile_robot/ros2_ws/install/amr_interfaces/share/amr_interfaces/cmake/amr_interfaces__rosidl_typesupport_introspection_cExport-noconfig.cmake
[12.392s] -- Up-to-date: /home/huyjetson/mobile_robot/ros2_ws/install/amr_interfaces/share/amr_interfaces/cmake/amr_interfaces__rosidl_typesupport_cExport.cmake
[12.392s] -- Up-to-date: /home/huyjetson/mobile_robot/ros2_ws/install/amr_interfaces/share/amr_interfaces/cmake/amr_interfaces__rosidl_typesupport_cExport-noconfig.cmake
[12.392s] -- Up-to-date: /home/huyjetson/mobile_robot/ros2_ws/install/amr_interfaces/share/amr_interfaces/cmake/export_amr_interfaces__rosidl_generator_cppExport.cmake
[12.392s] -- Up-to-date: /home/huyjetson/mobile_robot/ros2_ws/install/amr_interfaces/share/amr_interfaces/cmake/export_amr_interfaces__rosidl_typesupport_fastrtps_cppExport.cmake
[12.393s] -- Up-to-date: /home/huyjetson/mobile_robot/ros2_ws/install/amr_interfaces/share/amr_interfaces/cmake/export_amr_interfaces__rosidl_typesupport_fastrtps_cppExport-noconfig.cmake
[12.393s] -- Up-to-date: /home/huyjetson/mobile_robot/ros2_ws/install/amr_interfaces/share/amr_interfaces/cmake/amr_interfaces__rosidl_typesupport_introspection_cppExport.cmake
[12.393s] -- Up-to-date: /home/huyjetson/mobile_robot/ros2_ws/install/amr_interfaces/share/amr_interfaces/cmake/amr_interfaces__rosidl_typesupport_introspection_cppExport-noconfig.cmake
[12.393s] -- Up-to-date: /home/huyjetson/mobile_robot/ros2_ws/install/amr_interfaces/share/amr_interfaces/cmake/amr_interfaces__rosidl_typesupport_cppExport.cmake
[12.394s] -- Up-to-date: /home/huyjetson/mobile_robot/ros2_ws/install/amr_interfaces/share/amr_interfaces/cmake/amr_interfaces__rosidl_typesupport_cppExport-noconfig.cmake
[12.394s] -- Up-to-date: /home/huyjetson/mobile_robot/ros2_ws/install/amr_interfaces/share/amr_interfaces/cmake/export_amr_interfaces__rosidl_generator_pyExport.cmake
[12.395s] -- Up-to-date: /home/huyjetson/mobile_robot/ros2_ws/install/amr_interfaces/share/amr_interfaces/cmake/export_amr_interfaces__rosidl_generator_pyExport-noconfig.cmake
[12.399s] Invoked command in '/home/huyjetson/mobile_robot/ros2_ws/build/amr_interfaces' returned '0': CMAKE_PREFIX_PATH=${CMAKE_PREFIX_PATH}:/home/huyjetson/mobile_robot/ros2_ws/install/amr_sensors:/home/huyjetson/mobile_robot/ros2_ws/install/amr_ai:/home/huyjetson/mobile_robot/ros2_ws/install/amr_bringup:/opt/ros/humble PS1=(ai_ros_venv) \[\e]0;\u@\h: \w\a\]${debian_chroot:+($debian_chroot)}\[\033[01;32m\]\u@\h\[\033[00m\]:\[\033[01;34m\]\w\[\033[00m\]\$ VIRTUAL_ENV_PROMPT=(ai_ros_venv) /usr/bin/cmake --install /home/huyjetson/mobile_robot/ros2_ws/build/amr_interfaces
