[0.821s] Invoking command in '/home/huyjetson/mobile_robot/ros2_ws/build/amr_control': CMAKE_PREFIX_PATH=${CMAKE_PREFIX_PATH}:/home/huyjetson/mobile_robot/ros2_ws/install/amr_sensors:/home/huyjetson/mobile_robot/ros2_ws/install/amr_ai:/home/huyjetson/mobile_robot/ros2_ws/install/amr_bringup:/opt/ros/humble PS1=(ai_ros_venv) \[\e]0;\u@\h: \w\a\]${debian_chroot:+($debian_chroot)}\[\033[01;32m\]\u@\h\[\033[00m\]:\[\033[01;34m\]\w\[\033[00m\]\$ VIRTUAL_ENV_PROMPT=(ai_ros_venv) /usr/bin/cmake --build /home/huyjetson/mobile_robot/ros2_ws/build/amr_control -- -j6 -l6
[1.541s] [35m[1mConsolidate compiler generated dependencies of target arduino_bridge[0m
[1.705s] [ 50%] [32mBuilding CXX object CMakeFiles/arduino_bridge.dir/src/arduino_bridge.cpp.o[0m
[29.341s] [100%] [32m[1mLinking CXX executable arduino_bridge[0m
[31.113s] [100%] Built target arduino_bridge
[31.154s] Invoked command in '/home/huyjetson/mobile_robot/ros2_ws/build/amr_control' returned '0': CMAKE_PREFIX_PATH=${CMAKE_PREFIX_PATH}:/home/huyjetson/mobile_robot/ros2_ws/install/amr_sensors:/home/huyjetson/mobile_robot/ros2_ws/install/amr_ai:/home/huyjetson/mobile_robot/ros2_ws/install/amr_bringup:/opt/ros/humble PS1=(ai_ros_venv) \[\e]0;\u@\h: \w\a\]${debian_chroot:+($debian_chroot)}\[\033[01;32m\]\u@\h\[\033[00m\]:\[\033[01;34m\]\w\[\033[00m\]\$ VIRTUAL_ENV_PROMPT=(ai_ros_venv) /usr/bin/cmake --build /home/huyjetson/mobile_robot/ros2_ws/build/amr_control -- -j6 -l6
[31.194s] Invoking command in '/home/huyjetson/mobile_robot/ros2_ws/build/amr_control': CMAKE_PREFIX_PATH=${CMAKE_PREFIX_PATH}:/home/huyjetson/mobile_robot/ros2_ws/install/amr_sensors:/home/huyjetson/mobile_robot/ros2_ws/install/amr_ai:/home/huyjetson/mobile_robot/ros2_ws/install/amr_bringup:/opt/ros/humble PS1=(ai_ros_venv) \[\e]0;\u@\h: \w\a\]${debian_chroot:+($debian_chroot)}\[\033[01;32m\]\u@\h\[\033[00m\]:\[\033[01;34m\]\w\[\033[00m\]\$ VIRTUAL_ENV_PROMPT=(ai_ros_venv) /usr/bin/cmake --install /home/huyjetson/mobile_robot/ros2_ws/build/amr_control
[31.222s] -- Install configuration: ""
[31.233s] -- Execute custom install script
[31.235s] -- Up-to-date symlink: /home/huyjetson/mobile_robot/ros2_ws/install/amr_control/lib/amr_control/arduino_bridge
[31.236s] -- Up-to-date symlink: /home/huyjetson/mobile_robot/ros2_ws/install/amr_control/share/ament_index/resource_index/package_run_dependencies/amr_control
[31.237s] -- Up-to-date symlink: /home/huyjetson/mobile_robot/ros2_ws/install/amr_control/share/ament_index/resource_index/parent_prefix_path/amr_control
[31.238s] -- Up-to-date symlink: /home/huyjetson/mobile_robot/ros2_ws/install/amr_control/share/amr_control/environment/ament_prefix_path.sh
[31.238s] -- Up-to-date symlink: /home/huyjetson/mobile_robot/ros2_ws/install/amr_control/share/amr_control/environment/ament_prefix_path.dsv
[31.239s] -- Up-to-date symlink: /home/huyjetson/mobile_robot/ros2_ws/install/amr_control/share/amr_control/environment/path.sh
[31.239s] -- Up-to-date symlink: /home/huyjetson/mobile_robot/ros2_ws/install/amr_control/share/amr_control/environment/path.dsv
[31.248s] -- Up-to-date symlink: /home/huyjetson/mobile_robot/ros2_ws/install/amr_control/share/amr_control/local_setup.bash
[31.255s] -- Up-to-date symlink: /home/huyjetson/mobile_robot/ros2_ws/install/amr_control/share/amr_control/local_setup.sh
[31.256s] -- Up-to-date symlink: /home/huyjetson/mobile_robot/ros2_ws/install/amr_control/share/amr_control/local_setup.zsh
[31.256s] -- Up-to-date symlink: /home/huyjetson/mobile_robot/ros2_ws/install/amr_control/share/amr_control/local_setup.dsv
[31.257s] -- Symlinking: /home/huyjetson/mobile_robot/ros2_ws/install/amr_control/share/amr_control/package.dsv
[31.287s] -- Up-to-date symlink: /home/huyjetson/mobile_robot/ros2_ws/install/amr_control/share/ament_index/resource_index/packages/amr_control
[31.292s] -- Up-to-date symlink: /home/huyjetson/mobile_robot/ros2_ws/install/amr_control/share/amr_control/cmake/amr_controlConfig.cmake
[31.293s] -- Up-to-date symlink: /home/huyjetson/mobile_robot/ros2_ws/install/amr_control/share/amr_control/cmake/amr_controlConfig-version.cmake
[31.294s] -- Up-to-date symlink: /home/huyjetson/mobile_robot/ros2_ws/install/amr_control/share/amr_control/package.xml
[31.308s] Invoked command in '/home/huyjetson/mobile_robot/ros2_ws/build/amr_control' returned '0': CMAKE_PREFIX_PATH=${CMAKE_PREFIX_PATH}:/home/huyjetson/mobile_robot/ros2_ws/install/amr_sensors:/home/huyjetson/mobile_robot/ros2_ws/install/amr_ai:/home/huyjetson/mobile_robot/ros2_ws/install/amr_bringup:/opt/ros/humble PS1=(ai_ros_venv) \[\e]0;\u@\h: \w\a\]${debian_chroot:+($debian_chroot)}\[\033[01;32m\]\u@\h\[\033[00m\]:\[\033[01;34m\]\w\[\033[00m\]\$ VIRTUAL_ENV_PROMPT=(ai_ros_venv) /usr/bin/cmake --install /home/huyjetson/mobile_robot/ros2_ws/build/amr_control
