[28.826s] Invoking command in '/home/huyjetson/mobile_robot/ros2_ws/build/amr_ai': CMAKE_PREFIX_PATH=/home/huyjetson/mobile_robot/ros2_ws/install/amr_interfaces:/home/huyjetson/mobile_robot/ros2_ws/install/sllidar_ros2:/home/huyjetson/mobile_robot/ros2_ws/install/multirobot_map_merge:/home/huyjetson/mobile_robot/ros2_ws/install/explore_lite:/home/huyjetson/mobile_robot/ros2_ws/install/explore_lite_msgs:/home/huyjetson/mobile_robot/ros2_ws/install/astra_camera:/home/huyjetson/mobile_robot/ros2_ws/install/astra_camera_msgs:/home/huyjetson/mobile_robot/ros2_ws/install/amr_navigation:/home/huyjetson/mobile_robot/ros2_ws/install/amr_slam:/home/huyjetson/mobile_robot/ros2_ws/install/amr_pointcloud_filter:/home/huyjetson/mobile_robot/ros2_ws/install/amr_description:/home/huyjetson/mobile_robot/ros2_ws/install/amr_costmap_plugins:/home/huyjetson/mobile_robot/ros2_ws/install/amr_control LD_LIBRARY_PATH=/home/huyjetson/mobile_robot/ros2_ws/install/amr_interfaces/lib:/home/huyjetson/mobile_robot/ros2_ws/install/multirobot_map_merge/lib:/home/huyjetson/mobile_robot/ros2_ws/install/explore_lite_msgs/lib:/home/huyjetson/mobile_robot/ros2_ws/install/astra_camera/lib:/home/huyjetson/mobile_robot/ros2_ws/install/astra_camera_msgs/lib:/home/huyjetson/mobile_robot/ros2_ws/install/amr_costmap_plugins/lib:/opt/ros/humble/opt/rviz_ogre_vendor/lib:/opt/ros/humble/lib/aarch64-linux-gnu:/opt/ros/humble/opt/openvdb_vendor/lib:/opt/ros/humble/lib PS1=(ai_ros_venv) \[\e]0;\u@\h: \w\a\]${debian_chroot:+($debian_chroot)}\[\033[01;32m\]\u@\h\[\033[00m\]:\[\033[01;34m\]\w\[\033[00m\]\$ PYTHONPATH=/home/huyjetson/mobile_robot/ros2_ws/build/amr_ai/prefix_override:/usr/lib/python3/dist-packages/colcon_core/task/python/colcon_distutils_commands:/home/huyjetson/mobile_robot/ros2_ws/install/amr_ai/lib/python3.10/site-packages:/home/huyjetson/mobile_robot/ros2_ws/install/amr_interfaces/lib/python3.10/site-packages:/home/huyjetson/mobile_robot/ros2_ws/install/explore_lite_msgs/local/lib/python3.10/dist-packages:/home/huyjetson/mobile_robot/ros2_ws/install/astra_camera_msgs/local/lib/python3.10/dist-packages:/home/huyjetson/mobile_robot/ros2_ws/build/amr_sensors:/home/huyjetson/mobile_robot/ros2_ws/install/amr_sensors/lib/python3.10/site-packages:/home/huyjetson/mobile_robot/ros2_ws/build/amr_ai:/home/huyjetson/mobile_robot/ros2_ws/install/amr_ai/lib/python3.10/site-packages:/home/huyjetson/mobile_robot/ros2_ws/build/amr_bringup:/home/huyjetson/mobile_robot/ros2_ws/install/amr_bringup/lib/python3.10/site-packages:/opt/ros/humble/lib/python3.10/site-packages:/opt/ros/humble/local/lib/python3.10/dist-packages VIRTUAL_ENV_PROMPT=(ai_ros_venv) /usr/bin/python3 -W ignore:setup.py install is deprecated -W ignore:easy_install command is deprecated setup.py develop --editable --build-directory /home/huyjetson/mobile_robot/ros2_ws/build/amr_ai/build --no-deps symlink_data
[29.373s] running develop
[29.713s] running egg_info
[29.713s] writing amr_ai.egg-info/PKG-INFO
[29.713s] writing dependency_links to amr_ai.egg-info/dependency_links.txt
[29.714s] writing entry points to amr_ai.egg-info/entry_points.txt
[29.714s] writing requirements to amr_ai.egg-info/requires.txt
[29.714s] writing top-level names to amr_ai.egg-info/top_level.txt
[29.720s] reading manifest file 'amr_ai.egg-info/SOURCES.txt'
[29.749s] writing manifest file 'amr_ai.egg-info/SOURCES.txt'
[29.753s] running build_ext
[29.754s] Creating /home/huyjetson/mobile_robot/ros2_ws/install/amr_ai/lib/python3.10/site-packages/amr-ai.egg-link (link to .)
[29.756s] Installing ai_detector script to /home/huyjetson/mobile_robot/ros2_ws/install/amr_ai/lib/amr_ai
[29.757s] Installing ai_image_probe script to /home/huyjetson/mobile_robot/ros2_ws/install/amr_ai/lib/amr_ai
[29.757s] Installing ai_mode_manager script to /home/huyjetson/mobile_robot/ros2_ws/install/amr_ai/lib/amr_ai
[29.758s] Installing auto_initial_pose script to /home/huyjetson/mobile_robot/ros2_ws/install/amr_ai/lib/amr_ai
[29.758s] Installing auto_localizer script to /home/huyjetson/mobile_robot/ros2_ws/install/amr_ai/lib/amr_ai
[29.758s] Installing cmd_vel_safety_mux script to /home/huyjetson/mobile_robot/ros2_ws/install/amr_ai/lib/amr_ai
[29.759s] Installing engineer_web script to /home/huyjetson/mobile_robot/ros2_ws/install/amr_ai/lib/amr_ai
[29.759s] Installing esp32_alert_bridge script to /home/huyjetson/mobile_robot/ros2_ws/install/amr_ai/lib/amr_ai
[29.759s] Installing follow_goal script to /home/huyjetson/mobile_robot/ros2_ws/install/amr_ai/lib/amr_ai
[29.759s] Installing follow_servo script to /home/huyjetson/mobile_robot/ros2_ws/install/amr_ai/lib/amr_ai
[29.760s] Installing nav_ppe_monitor script to /home/huyjetson/mobile_robot/ros2_ws/install/amr_ai/lib/amr_ai
[29.760s] Installing operator_gui script to /home/huyjetson/mobile_robot/ros2_ws/install/amr_ai/lib/amr_ai
[29.760s] Installing person_tracker script to /home/huyjetson/mobile_robot/ros2_ws/install/amr_ai/lib/amr_ai
[29.760s] Installing web_control script to /home/huyjetson/mobile_robot/ros2_ws/install/amr_ai/lib/amr_ai
[29.761s] 
[29.761s] Installed /home/huyjetson/mobile_robot/ros2_ws/build/amr_ai
[29.761s] running symlink_data
[29.841s] Invoked command in '/home/huyjetson/mobile_robot/ros2_ws/build/amr_ai' returned '0': CMAKE_PREFIX_PATH=/home/huyjetson/mobile_robot/ros2_ws/install/amr_interfaces:/home/huyjetson/mobile_robot/ros2_ws/install/sllidar_ros2:/home/huyjetson/mobile_robot/ros2_ws/install/multirobot_map_merge:/home/huyjetson/mobile_robot/ros2_ws/install/explore_lite:/home/huyjetson/mobile_robot/ros2_ws/install/explore_lite_msgs:/home/huyjetson/mobile_robot/ros2_ws/install/astra_camera:/home/huyjetson/mobile_robot/ros2_ws/install/astra_camera_msgs:/home/huyjetson/mobile_robot/ros2_ws/install/amr_navigation:/home/huyjetson/mobile_robot/ros2_ws/install/amr_slam:/home/huyjetson/mobile_robot/ros2_ws/install/amr_pointcloud_filter:/home/huyjetson/mobile_robot/ros2_ws/install/amr_description:/home/huyjetson/mobile_robot/ros2_ws/install/amr_costmap_plugins:/home/huyjetson/mobile_robot/ros2_ws/install/amr_control LD_LIBRARY_PATH=/home/huyjetson/mobile_robot/ros2_ws/install/amr_interfaces/lib:/home/huyjetson/mobile_robot/ros2_ws/install/multirobot_map_merge/lib:/home/huyjetson/mobile_robot/ros2_ws/install/explore_lite_msgs/lib:/home/huyjetson/mobile_robot/ros2_ws/install/astra_camera/lib:/home/huyjetson/mobile_robot/ros2_ws/install/astra_camera_msgs/lib:/home/huyjetson/mobile_robot/ros2_ws/install/amr_costmap_plugins/lib:/opt/ros/humble/opt/rviz_ogre_vendor/lib:/opt/ros/humble/lib/aarch64-linux-gnu:/opt/ros/humble/opt/openvdb_vendor/lib:/opt/ros/humble/lib PS1=(ai_ros_venv) \[\e]0;\u@\h: \w\a\]${debian_chroot:+($debian_chroot)}\[\033[01;32m\]\u@\h\[\033[00m\]:\[\033[01;34m\]\w\[\033[00m\]\$ PYTHONPATH=/home/huyjetson/mobile_robot/ros2_ws/build/amr_ai/prefix_override:/usr/lib/python3/dist-packages/colcon_core/task/python/colcon_distutils_commands:/home/huyjetson/mobile_robot/ros2_ws/install/amr_ai/lib/python3.10/site-packages:/home/huyjetson/mobile_robot/ros2_ws/install/amr_interfaces/lib/python3.10/site-packages:/home/huyjetson/mobile_robot/ros2_ws/install/explore_lite_msgs/local/lib/python3.10/dist-packages:/home/huyjetson/mobile_robot/ros2_ws/install/astra_camera_msgs/local/lib/python3.10/dist-packages:/home/huyjetson/mobile_robot/ros2_ws/build/amr_sensors:/home/huyjetson/mobile_robot/ros2_ws/install/amr_sensors/lib/python3.10/site-packages:/home/huyjetson/mobile_robot/ros2_ws/build/amr_ai:/home/huyjetson/mobile_robot/ros2_ws/install/amr_ai/lib/python3.10/site-packages:/home/huyjetson/mobile_robot/ros2_ws/build/amr_bringup:/home/huyjetson/mobile_robot/ros2_ws/install/amr_bringup/lib/python3.10/site-packages:/opt/ros/humble/lib/python3.10/site-packages:/opt/ros/humble/local/lib/python3.10/dist-packages VIRTUAL_ENV_PROMPT=(ai_ros_venv) /usr/bin/python3 -W ignore:setup.py install is deprecated -W ignore:easy_install command is deprecated setup.py develop --editable --build-directory /home/huyjetson/mobile_robot/ros2_ws/build/amr_ai/build --no-deps symlink_data
