[0.074s] Invoking command in '/home/huyjetson/mobile_robot/ros2_ws/build/amr_pointcloud_filter': CMAKE_PREFIX_PATH=${CMAKE_PREFIX_PATH}:/home/huyjetson/mobile_robot/ros2_ws/install/amr_sensors:/home/huyjetson/mobile_robot/ros2_ws/install/amr_ai:/home/huyjetson/mobile_robot/ros2_ws/install/amr_bringup:/opt/ros/humble PS1=(ai_ros_venv) \[\e]0;\u@\h: \w\a\]${debian_chroot:+($debian_chroot)}\[\033[01;32m\]\u@\h\[\033[00m\]:\[\033[01;34m\]\w\[\033[00m\]\$ VIRTUAL_ENV_PROMPT=(ai_ros_venv) /usr/bin/cmake --build /home/huyjetson/mobile_robot/ros2_ws/build/amr_pointcloud_filter -- -j6 -l6
[0.427s] -- Found ament_cmake: 1.3.14 (/opt/ros/humble/share/ament_cmake/cmake)
[3.739s] -- Override CMake install command with custom implementation using symlinks instead of copying resources
[3.853s] -- Found rclcpp: 16.0.19 (/opt/ros/humble/share/rclcpp/cmake)
[3.967s] -- Found rosidl_generator_c: 3.1.8 (/opt/ros/humble/share/rosidl_generator_c/cmake)
[3.975s] -- Found rosidl_adapter: 3.1.8 (/opt/ros/humble/share/rosidl_adapter/cmake)
[3.998s] -- Found rosidl_generator_cpp: 3.1.8 (/opt/ros/humble/share/rosidl_generator_cpp/cmake)
[4.029s] -- Using all available rosidl_typesupport_c: rosidl_typesupport_fastrtps_c;rosidl_typesupport_introspection_c
[4.065s] -- Using all available rosidl_typesupport_cpp: rosidl_typesupport_fastrtps_cpp;rosidl_typesupport_introspection_cpp
[4.232s] -- Found rmw_implementation_cmake: 6.1.2 (/opt/ros/humble/share/rmw_implementation_cmake/cmake)
[4.239s] -- Found rmw_cyclonedds_cpp: 1.3.4 (/opt/ros/humble/share/rmw_cyclonedds_cpp/cmake)
[4.316s] -- Using RMW implementation 'rmw_cyclonedds_cpp' as default
[4.580s] -- Found sensor_msgs: 4.9.1 (/opt/ros/humble/share/sensor_msgs/cmake)
[4.677s] -- Found nav_msgs: 4.9.1 (/opt/ros/humble/share/nav_msgs/cmake)
[4.724s] -- Found tf2: 0.25.20 (/opt/ros/humble/share/tf2/cmake)
[4.737s] -- Found tf2_ros: 0.25.20 (/opt/ros/humble/share/tf2_ros/cmake)
[5.098s] -- Found tf2_geometry_msgs: 0.25.20 (/opt/ros/humble/share/tf2_geometry_msgs/cmake)
[5.111s] -- Found eigen3_cmake_module: 0.1.1 (/opt/ros/humble/share/eigen3_cmake_module/cmake)
[5.114s] -- Ensuring Eigen3 include directory is part of orocos-kdl CMake target
[5.117s] -- Found pcl_conversions: 2.4.5 (/opt/ros/humble/share/pcl_conversions/cmake)
[5.220s] -- Eigen found (include: /usr/include/eigen3, version: 3.4.0)
[5.361s] -- FLANN found (include: /usr/include, lib: /usr/lib/aarch64-linux-gnu/libflann_cpp.so)
[7.144s] -- OpenNI found (version: 1.5.4.0, include: /usr/include/ni, lib: /usr/lib/libOpenNI.so;libusb::libusb)
[7.176s] -- OpenNI2 found (version: 2.3.0.85, include: /home/huyjetson/mobile_robot/ros2_ws/install/astra_camera/include/openni2, lib: /home/huyjetson/mobile_robot/ros2_ws/install/astra_camera/lib/libOpenNI2.so;libusb::libusb)
[7.465s] -- Eigen found (include: /usr/include/eigen3, version: 3.4.0)
[7.476s] -- OpenNI found (version: 1.5.4.0, include: /usr/include/ni, lib: /usr/lib/libOpenNI.so;libusb::libusb)
[7.487s] -- OpenNI2 found (version: 2.3.0.85, include: /home/huyjetson/mobile_robot/ros2_ws/install/astra_camera/include/openni2, lib: /home/huyjetson/mobile_robot/ros2_ws/install/astra_camera/lib/libOpenNI2.so;libusb::libusb)
[7.778s] -- Found Qhull version 8.0.2
[8.064s] -- OpenNI found (version: 1.5.4.0, include: /usr/include/ni, lib: /usr/lib/libOpenNI.so;libusb::libusb)
[14.538s] -- Configuring done
[15.218s] -- Generating done
[15.280s] -- Build files have been written to: /home/huyjetson/mobile_robot/ros2_ws/build/amr_pointcloud_filter
[15.392s] [35m[1mConsolidate compiler generated dependencies of target height_risk_projector[0m
[15.392s] [35m[1mConsolidate compiler generated dependencies of target depth_cloud_filter[0m
[15.595s] [ 50%] Built target depth_cloud_filter
[15.620s] [ 75%] [32mBuilding CXX object CMakeFiles/height_risk_projector.dir/src/height_risk_projector.cpp.o[0m
[43.252s] [100%] [32m[1mLinking CXX executable height_risk_projector[0m
[44.265s] [100%] Built target height_risk_projector
[44.300s] Invoked command in '/home/huyjetson/mobile_robot/ros2_ws/build/amr_pointcloud_filter' returned '0': CMAKE_PREFIX_PATH=${CMAKE_PREFIX_PATH}:/home/huyjetson/mobile_robot/ros2_ws/install/amr_sensors:/home/huyjetson/mobile_robot/ros2_ws/install/amr_ai:/home/huyjetson/mobile_robot/ros2_ws/install/amr_bringup:/opt/ros/humble PS1=(ai_ros_venv) \[\e]0;\u@\h: \w\a\]${debian_chroot:+($debian_chroot)}\[\033[01;32m\]\u@\h\[\033[00m\]:\[\033[01;34m\]\w\[\033[00m\]\$ VIRTUAL_ENV_PROMPT=(ai_ros_venv) /usr/bin/cmake --build /home/huyjetson/mobile_robot/ros2_ws/build/amr_pointcloud_filter -- -j6 -l6
[44.307s] Invoking command in '/home/huyjetson/mobile_robot/ros2_ws/build/amr_pointcloud_filter': CMAKE_PREFIX_PATH=${CMAKE_PREFIX_PATH}:/home/huyjetson/mobile_robot/ros2_ws/install/amr_sensors:/home/huyjetson/mobile_robot/ros2_ws/install/amr_ai:/home/huyjetson/mobile_robot/ros2_ws/install/amr_bringup:/opt/ros/humble PS1=(ai_ros_venv) \[\e]0;\u@\h: \w\a\]${debian_chroot:+($debian_chroot)}\[\033[01;32m\]\u@\h\[\033[00m\]:\[\033[01;34m\]\w\[\033[00m\]\$ VIRTUAL_ENV_PROMPT=(ai_ros_venv) /usr/bin/cmake --install /home/huyjetson/mobile_robot/ros2_ws/build/amr_pointcloud_filter
[44.328s] -- Install configuration: "Release"
[44.329s] -- Execute custom install script
[44.330s] -- Up-to-date symlink: /home/huyjetson/mobile_robot/ros2_ws/install/amr_pointcloud_filter/lib/amr_pointcloud_filter/depth_cloud_filter
[44.330s] -- Up-to-date symlink: /home/huyjetson/mobile_robot/ros2_ws/install/amr_pointcloud_filter/lib/amr_pointcloud_filter/height_risk_projector
[44.331s] -- Up-to-date symlink: /home/huyjetson/mobile_robot/ros2_ws/install/amr_pointcloud_filter/share/ament_index/resource_index/package_run_dependencies/amr_pointcloud_filter
[44.331s] -- Up-to-date symlink: /home/huyjetson/mobile_robot/ros2_ws/install/amr_pointcloud_filter/share/ament_index/resource_index/parent_prefix_path/amr_pointcloud_filter
[44.331s] -- Up-to-date symlink: /home/huyjetson/mobile_robot/ros2_ws/install/amr_pointcloud_filter/share/amr_pointcloud_filter/environment/ament_prefix_path.sh
[44.332s] -- Up-to-date symlink: /home/huyjetson/mobile_robot/ros2_ws/install/amr_pointcloud_filter/share/amr_pointcloud_filter/environment/ament_prefix_path.dsv
[44.332s] -- Up-to-date symlink: /home/huyjetson/mobile_robot/ros2_ws/install/amr_pointcloud_filter/share/amr_pointcloud_filter/environment/path.sh
[44.332s] -- Up-to-date symlink: /home/huyjetson/mobile_robot/ros2_ws/install/amr_pointcloud_filter/share/amr_pointcloud_filter/environment/path.dsv
[44.333s] -- Up-to-date symlink: /home/huyjetson/mobile_robot/ros2_ws/install/amr_pointcloud_filter/share/amr_pointcloud_filter/local_setup.bash
[44.333s] -- Up-to-date symlink: /home/huyjetson/mobile_robot/ros2_ws/install/amr_pointcloud_filter/share/amr_pointcloud_filter/local_setup.sh
[44.333s] -- Up-to-date symlink: /home/huyjetson/mobile_robot/ros2_ws/install/amr_pointcloud_filter/share/amr_pointcloud_filter/local_setup.zsh
[44.334s] -- Up-to-date symlink: /home/huyjetson/mobile_robot/ros2_ws/install/amr_pointcloud_filter/share/amr_pointcloud_filter/local_setup.dsv
[44.334s] -- Symlinking: /home/huyjetson/mobile_robot/ros2_ws/install/amr_pointcloud_filter/share/amr_pointcloud_filter/package.dsv
[44.354s] -- Up-to-date symlink: /home/huyjetson/mobile_robot/ros2_ws/install/amr_pointcloud_filter/share/ament_index/resource_index/packages/amr_pointcloud_filter
[44.355s] -- Up-to-date symlink: /home/huyjetson/mobile_robot/ros2_ws/install/amr_pointcloud_filter/share/amr_pointcloud_filter/cmake/amr_pointcloud_filterConfig.cmake
[44.355s] -- Up-to-date symlink: /home/huyjetson/mobile_robot/ros2_ws/install/amr_pointcloud_filter/share/amr_pointcloud_filter/cmake/amr_pointcloud_filterConfig-version.cmake
[44.355s] -- Up-to-date symlink: /home/huyjetson/mobile_robot/ros2_ws/install/amr_pointcloud_filter/share/amr_pointcloud_filter/package.xml
[44.362s] Invoked command in '/home/huyjetson/mobile_robot/ros2_ws/build/amr_pointcloud_filter' returned '0': CMAKE_PREFIX_PATH=${CMAKE_PREFIX_PATH}:/home/huyjetson/mobile_robot/ros2_ws/install/amr_sensors:/home/huyjetson/mobile_robot/ros2_ws/install/amr_ai:/home/huyjetson/mobile_robot/ros2_ws/install/amr_bringup:/opt/ros/humble PS1=(ai_ros_venv) \[\e]0;\u@\h: \w\a\]${debian_chroot:+($debian_chroot)}\[\033[01;32m\]\u@\h\[\033[00m\]:\[\033[01;34m\]\w\[\033[00m\]\$ VIRTUAL_ENV_PROMPT=(ai_ros_venv) /usr/bin/cmake --install /home/huyjetson/mobile_robot/ros2_ws/build/amr_pointcloud_filter
