[0.023s] Invoking command in '/home/huyjetson/mobile_robot/ros2_ws/build/amr_pointcloud_filter': CMAKE_PREFIX_PATH=/opt/ros/humble /usr/bin/cmake --build /home/huyjetson/mobile_robot/ros2_ws/build/amr_pointcloud_filter -- -j6 -l6
[0.104s] [35m[1mConsolidate compiler generated dependencies of target height_risk_projector[0m
[0.126s] [ 50%] Built target depth_cloud_filter
[0.149s] [100%] Built target height_risk_projector
[0.174s] Invoked command in '/home/huyjetson/mobile_robot/ros2_ws/build/amr_pointcloud_filter' returned '0': CMAKE_PREFIX_PATH=/opt/ros/humble /usr/bin/cmake --build /home/huyjetson/mobile_robot/ros2_ws/build/amr_pointcloud_filter -- -j6 -l6
[0.178s] Invoking command in '/home/huyjetson/mobile_robot/ros2_ws/build/amr_pointcloud_filter': CMAKE_PREFIX_PATH=/opt/ros/humble /usr/bin/cmake --install /home/huyjetson/mobile_robot/ros2_ws/build/amr_pointcloud_filter
[0.193s] -- Install configuration: "Release"
[0.195s] -- Execute custom install script
[0.195s] -- Up-to-date symlink: /home/huyjetson/mobile_robot/ros2_ws/install/amr_pointcloud_filter/lib/amr_pointcloud_filter/depth_cloud_filter
[0.196s] -- Up-to-date symlink: /home/huyjetson/mobile_robot/ros2_ws/install/amr_pointcloud_filter/lib/amr_pointcloud_filter/height_risk_projector
[0.196s] -- Up-to-date symlink: /home/huyjetson/mobile_robot/ros2_ws/install/amr_pointcloud_filter/share/ament_index/resource_index/package_run_dependencies/amr_pointcloud_filter
[0.196s] -- Up-to-date symlink: /home/huyjetson/mobile_robot/ros2_ws/install/amr_pointcloud_filter/share/ament_index/resource_index/parent_prefix_path/amr_pointcloud_filter
[0.197s] -- Up-to-date symlink: /home/huyjetson/mobile_robot/ros2_ws/install/amr_pointcloud_filter/share/amr_pointcloud_filter/environment/ament_prefix_path.sh
[0.197s] -- Up-to-date symlink: /home/huyjetson/mobile_robot/ros2_ws/install/amr_pointcloud_filter/share/amr_pointcloud_filter/environment/ament_prefix_path.dsv
[0.197s] -- Up-to-date symlink: /home/huyjetson/mobile_robot/ros2_ws/install/amr_pointcloud_filter/share/amr_pointcloud_filter/environment/path.sh
[0.198s] -- Up-to-date symlink: /home/huyjetson/mobile_robot/ros2_ws/install/amr_pointcloud_filter/share/amr_pointcloud_filter/environment/path.dsv
[0.198s] -- Up-to-date symlink: /home/huyjetson/mobile_robot/ros2_ws/install/amr_pointcloud_filter/share/amr_pointcloud_filter/local_setup.bash
[0.199s] -- Up-to-date symlink: /home/huyjetson/mobile_robot/ros2_ws/install/amr_pointcloud_filter/share/amr_pointcloud_filter/local_setup.sh
[0.199s] -- Up-to-date symlink: /home/huyjetson/mobile_robot/ros2_ws/install/amr_pointcloud_filter/share/amr_pointcloud_filter/local_setup.zsh
[0.199s] -- Up-to-date symlink: /home/huyjetson/mobile_robot/ros2_ws/install/amr_pointcloud_filter/share/amr_pointcloud_filter/local_setup.dsv
[0.200s] -- Symlinking: /home/huyjetson/mobile_robot/ros2_ws/install/amr_pointcloud_filter/share/amr_pointcloud_filter/package.dsv
[0.218s] -- Up-to-date symlink: /home/huyjetson/mobile_robot/ros2_ws/install/amr_pointcloud_filter/share/ament_index/resource_index/packages/amr_pointcloud_filter
[0.219s] -- Up-to-date symlink: /home/huyjetson/mobile_robot/ros2_ws/install/amr_pointcloud_filter/share/amr_pointcloud_filter/cmake/amr_pointcloud_filterConfig.cmake
[0.219s] -- Up-to-date symlink: /home/huyjetson/mobile_robot/ros2_ws/install/amr_pointcloud_filter/share/amr_pointcloud_filter/cmake/amr_pointcloud_filterConfig-version.cmake
[0.220s] -- Up-to-date symlink: /home/huyjetson/mobile_robot/ros2_ws/install/amr_pointcloud_filter/share/amr_pointcloud_filter/package.xml
[0.255s] Invoked command in '/home/huyjetson/mobile_robot/ros2_ws/build/amr_pointcloud_filter' returned '0': CMAKE_PREFIX_PATH=/opt/ros/humble /usr/bin/cmake --install /home/huyjetson/mobile_robot/ros2_ws/build/amr_pointcloud_filter
