[0.931s] Invoking command in '/home/huyjetson/mobile_robot/ros2_ws/build/amr_pointcloud_filter': CMAKE_PREFIX_PATH=${CMAKE_PREFIX_PATH}:/home/huyjetson/mobile_robot/ros2_ws/src/install/amr_bringup:/home/huyjetson/mobile_robot/ros2_ws/install/amr_sensors:/home/huyjetson/mobile_robot/ros2_ws/install/amr_ai:/home/huyjetson/mobile_robot/ros2_ws/install/amr_bringup:/opt/ros/humble PS1=(ai_ros_venv) \[\e]0;\u@\h: \w\a\]${debian_chroot:+($debian_chroot)}\[\033[01;32m\]\u@\h\[\033[00m\]:\[\033[01;34m\]\w\[\033[00m\]\$ VIRTUAL_ENV_PROMPT=(ai_ros_venv) /usr/bin/cmake --build /home/huyjetson/mobile_robot/ros2_ws/build/amr_pointcloud_filter -- -j6 -l6
[1.175s] [35m[1mConsolidate compiler generated dependencies of target height_risk_projector[0m
[1.250s] [ 25%] [32mBuilding CXX object CMakeFiles/height_risk_projector.dir/src/height_risk_projector.cpp.o[0m
[1.377s] [ 75%] Built target depth_cloud_filter
[44.547s] [100%] [32m[1mLinking CXX executable height_risk_projector[0m
[45.119s] [100%] Built target height_risk_projector
[45.158s] Invoked command in '/home/huyjetson/mobile_robot/ros2_ws/build/amr_pointcloud_filter' returned '0': CMAKE_PREFIX_PATH=${CMAKE_PREFIX_PATH}:/home/huyjetson/mobile_robot/ros2_ws/src/install/amr_bringup:/home/huyjetson/mobile_robot/ros2_ws/install/amr_sensors:/home/huyjetson/mobile_robot/ros2_ws/install/amr_ai:/home/huyjetson/mobile_robot/ros2_ws/install/amr_bringup:/opt/ros/humble PS1=(ai_ros_venv) \[\e]0;\u@\h: \w\a\]${debian_chroot:+($debian_chroot)}\[\033[01;32m\]\u@\h\[\033[00m\]:\[\033[01;34m\]\w\[\033[00m\]\$ VIRTUAL_ENV_PROMPT=(ai_ros_venv) /usr/bin/cmake --build /home/huyjetson/mobile_robot/ros2_ws/build/amr_pointcloud_filter -- -j6 -l6
[45.166s] Invoking command in '/home/huyjetson/mobile_robot/ros2_ws/build/amr_pointcloud_filter': CMAKE_PREFIX_PATH=${CMAKE_PREFIX_PATH}:/home/huyjetson/mobile_robot/ros2_ws/src/install/amr_bringup:/home/huyjetson/mobile_robot/ros2_ws/install/amr_sensors:/home/huyjetson/mobile_robot/ros2_ws/install/amr_ai:/home/huyjetson/mobile_robot/ros2_ws/install/amr_bringup:/opt/ros/humble PS1=(ai_ros_venv) \[\e]0;\u@\h: \w\a\]${debian_chroot:+($debian_chroot)}\[\033[01;32m\]\u@\h\[\033[00m\]:\[\033[01;34m\]\w\[\033[00m\]\$ VIRTUAL_ENV_PROMPT=(ai_ros_venv) /usr/bin/cmake --install /home/huyjetson/mobile_robot/ros2_ws/build/amr_pointcloud_filter
[45.194s] -- Install configuration: "Release"
[45.196s] -- Execute custom install script
[45.197s] -- Up-to-date symlink: /home/huyjetson/mobile_robot/ros2_ws/install/amr_pointcloud_filter/lib/amr_pointcloud_filter/depth_cloud_filter
[45.198s] -- Up-to-date symlink: /home/huyjetson/mobile_robot/ros2_ws/install/amr_pointcloud_filter/lib/amr_pointcloud_filter/height_risk_projector
[45.198s] -- Up-to-date symlink: /home/huyjetson/mobile_robot/ros2_ws/install/amr_pointcloud_filter/share/ament_index/resource_index/package_run_dependencies/amr_pointcloud_filter
[45.199s] -- Up-to-date symlink: /home/huyjetson/mobile_robot/ros2_ws/install/amr_pointcloud_filter/share/ament_index/resource_index/parent_prefix_path/amr_pointcloud_filter
[45.200s] -- Up-to-date symlink: /home/huyjetson/mobile_robot/ros2_ws/install/amr_pointcloud_filter/share/amr_pointcloud_filter/environment/ament_prefix_path.sh
[45.201s] -- Up-to-date symlink: /home/huyjetson/mobile_robot/ros2_ws/install/amr_pointcloud_filter/share/amr_pointcloud_filter/environment/ament_prefix_path.dsv
[45.207s] -- Up-to-date symlink: /home/huyjetson/mobile_robot/ros2_ws/install/amr_pointcloud_filter/share/amr_pointcloud_filter/environment/path.sh
[45.207s] -- Up-to-date symlink: /home/huyjetson/mobile_robot/ros2_ws/install/amr_pointcloud_filter/share/amr_pointcloud_filter/environment/path.dsv
[45.208s] -- Up-to-date symlink: /home/huyjetson/mobile_robot/ros2_ws/install/amr_pointcloud_filter/share/amr_pointcloud_filter/local_setup.bash
[45.212s] -- Up-to-date symlink: /home/huyjetson/mobile_robot/ros2_ws/install/amr_pointcloud_filter/share/amr_pointcloud_filter/local_setup.sh
[45.213s] -- Up-to-date symlink: /home/huyjetson/mobile_robot/ros2_ws/install/amr_pointcloud_filter/share/amr_pointcloud_filter/local_setup.zsh
[45.213s] -- Up-to-date symlink: /home/huyjetson/mobile_robot/ros2_ws/install/amr_pointcloud_filter/share/amr_pointcloud_filter/local_setup.dsv
[45.214s] -- Symlinking: /home/huyjetson/mobile_robot/ros2_ws/install/amr_pointcloud_filter/share/amr_pointcloud_filter/package.dsv
[45.245s] -- Up-to-date symlink: /home/huyjetson/mobile_robot/ros2_ws/install/amr_pointcloud_filter/share/ament_index/resource_index/packages/amr_pointcloud_filter
[45.247s] -- Up-to-date symlink: /home/huyjetson/mobile_robot/ros2_ws/install/amr_pointcloud_filter/share/amr_pointcloud_filter/cmake/amr_pointcloud_filterConfig.cmake
[45.248s] -- Up-to-date symlink: /home/huyjetson/mobile_robot/ros2_ws/install/amr_pointcloud_filter/share/amr_pointcloud_filter/cmake/amr_pointcloud_filterConfig-version.cmake
[45.249s] -- Up-to-date symlink: /home/huyjetson/mobile_robot/ros2_ws/install/amr_pointcloud_filter/share/amr_pointcloud_filter/package.xml
[45.260s] Invoked command in '/home/huyjetson/mobile_robot/ros2_ws/build/amr_pointcloud_filter' returned '0': CMAKE_PREFIX_PATH=${CMAKE_PREFIX_PATH}:/home/huyjetson/mobile_robot/ros2_ws/src/install/amr_bringup:/home/huyjetson/mobile_robot/ros2_ws/install/amr_sensors:/home/huyjetson/mobile_robot/ros2_ws/install/amr_ai:/home/huyjetson/mobile_robot/ros2_ws/install/amr_bringup:/opt/ros/humble PS1=(ai_ros_venv) \[\e]0;\u@\h: \w\a\]${debian_chroot:+($debian_chroot)}\[\033[01;32m\]\u@\h\[\033[00m\]:\[\033[01;34m\]\w\[\033[00m\]\$ VIRTUAL_ENV_PROMPT=(ai_ros_venv) /usr/bin/cmake --install /home/huyjetson/mobile_robot/ros2_ws/build/amr_pointcloud_filter
