[0.021s] Invoking command in '/home/huyjetson/mobile_robot/ros2_ws/build/amr_interfaces': CMAKE_PREFIX_PATH=${CMAKE_PREFIX_PATH}:/home/huyjetson/mobile_robot/ros2_ws/install/amr_sensors:/home/huyjetson/mobile_robot/ros2_ws/install/amr_ai:/home/huyjetson/mobile_robot/ros2_ws/install/amr_bringup:/opt/ros/humble PS1=(ai_ros_venv) \[\e]0;\u@\h: \w\a\]${debian_chroot:+($debian_chroot)}\[\033[01;32m\]\u@\h\[\033[00m\]:\[\033[01;34m\]\w\[\033[00m\]\$ VIRTUAL_ENV_PROMPT=(ai_ros_venv) /usr/bin/cmake /home/huyjetson/mobile_robot/ros2_ws/src/amr_interfaces -DAMENT_CMAKE_SYMLINK_INSTALL=1 -DCMAKE_INSTALL_PREFIX=/home/huyjetson/mobile_robot/ros2_ws/install/amr_interfaces
[0.178s] -- The C compiler identification is GNU 11.4.0
[0.321s] -- The CXX compiler identification is GNU 11.4.0
[0.356s] -- Detecting C compiler ABI info
[0.550s] -- Detecting C compiler ABI info - done
[0.577s] -- Check for working C compiler: /usr/bin/cc - skipped
[0.580s] -- Detecting C compile features
[0.582s] -- Detecting C compile features - done
[0.596s] -- Detecting CXX compiler ABI info
[0.810s] -- Detecting CXX compiler ABI info - done
[0.837s] -- Check for working CXX compiler: /usr/bin/c++ - skipped
[0.838s] -- Detecting CXX compile features
[0.839s] -- Detecting CXX compile features - done
[0.855s] -- Found ament_cmake: 1.3.14 (/opt/ros/humble/share/ament_cmake/cmake)
[1.216s] -- Found Python3: /home/huyjetson/mobile_robot/ai_ros_venv/bin/python3 (found version "3.10.12") found components: Interpreter 
[1.362s] -- Override CMake install command with custom implementation using symlinks instead of copying resources
[1.496s] -- Found rosidl_default_generators: 1.2.1 (/opt/ros/humble/share/rosidl_default_generators/cmake)
[1.508s] -- Using all available rosidl_typesupport_c: rosidl_typesupport_fastrtps_c;rosidl_typesupport_introspection_c
[1.530s] -- Found rosidl_adapter: 3.1.8 (/opt/ros/humble/share/rosidl_adapter/cmake)
[1.622s] -- Using all available rosidl_typesupport_cpp: rosidl_typesupport_fastrtps_cpp;rosidl_typesupport_introspection_cpp
[1.709s] -- Found std_msgs: 4.9.1 (/opt/ros/humble/share/std_msgs/cmake)
[1.760s] -- Found geometry_msgs: 4.9.1 (/opt/ros/humble/share/geometry_msgs/cmake)
[1.784s] -- Found sensor_msgs: 4.9.1 (/opt/ros/humble/share/sensor_msgs/cmake)
[2.602s] -- Found ament_cmake_ros: 0.10.0 (/opt/ros/humble/share/ament_cmake_ros/cmake)
[3.287s] -- Using all available rosidl_typesupport_c: rosidl_typesupport_fastrtps_c;rosidl_typesupport_introspection_c
[4.300s] -- Using all available rosidl_typesupport_cpp: rosidl_typesupport_fastrtps_cpp;rosidl_typesupport_introspection_cpp
[4.370s] -- Found PythonInterp: /home/huyjetson/mobile_robot/ai_ros_venv/bin/python3 (found suitable version "3.10.12", minimum required is "3.6") 
[4.383s] -- Found python_cmake_module: 0.10.0 (/opt/ros/humble/share/python_cmake_module/cmake)
[4.462s] -- Found PythonLibs: /usr/lib/aarch64-linux-gnu/libpython3.10.so (found suitable version "3.10.12", minimum required is "3.5") 
[4.463s] -- Using PYTHON_EXECUTABLE: /home/huyjetson/mobile_robot/ai_ros_venv/bin/python3
[4.463s] -- Using PYTHON_INCLUDE_DIRS: /usr/include/python3.10
[4.463s] -- Using PYTHON_LIBRARIES: /usr/lib/aarch64-linux-gnu/libpython3.10.so
[4.520s] -- Found PythonExtra: .so  
[4.936s] -- Configuring done
[5.029s] -- Generating done
[5.052s] -- Build files have been written to: /home/huyjetson/mobile_robot/ros2_ws/build/amr_interfaces
[5.075s] Invoked command in '/home/huyjetson/mobile_robot/ros2_ws/build/amr_interfaces' returned '0': CMAKE_PREFIX_PATH=${CMAKE_PREFIX_PATH}:/home/huyjetson/mobile_robot/ros2_ws/install/amr_sensors:/home/huyjetson/mobile_robot/ros2_ws/install/amr_ai:/home/huyjetson/mobile_robot/ros2_ws/install/amr_bringup:/opt/ros/humble PS1=(ai_ros_venv) \[\e]0;\u@\h: \w\a\]${debian_chroot:+($debian_chroot)}\[\033[01;32m\]\u@\h\[\033[00m\]:\[\033[01;34m\]\w\[\033[00m\]\$ VIRTUAL_ENV_PROMPT=(ai_ros_venv) /usr/bin/cmake /home/huyjetson/mobile_robot/ros2_ws/src/amr_interfaces -DAMENT_CMAKE_SYMLINK_INSTALL=1 -DCMAKE_INSTALL_PREFIX=/home/huyjetson/mobile_robot/ros2_ws/install/amr_interfaces
[5.078s] Invoking command in '/home/huyjetson/mobile_robot/ros2_ws/build/amr_interfaces': CMAKE_PREFIX_PATH=${CMAKE_PREFIX_PATH}:/home/huyjetson/mobile_robot/ros2_ws/install/amr_sensors:/home/huyjetson/mobile_robot/ros2_ws/install/amr_ai:/home/huyjetson/mobile_robot/ros2_ws/install/amr_bringup:/opt/ros/humble PS1=(ai_ros_venv) \[\e]0;\u@\h: \w\a\]${debian_chroot:+($debian_chroot)}\[\033[01;32m\]\u@\h\[\033[00m\]:\[\033[01;34m\]\w\[\033[00m\]\$ VIRTUAL_ENV_PROMPT=(ai_ros_venv) /usr/bin/cmake --build /home/huyjetson/mobile_robot/ros2_ws/build/amr_interfaces -- -j6 -l6
[5.183s] [  1%] [34m[1mGenerating C code for ROS interfaces[0m
[5.205s] [  4%] [34m[1mGenerating C++ code for ROS interfaces[0m
[5.205s] [  4%] [34m[1mGenerating Rust code for ROS interfaces[0m
[5.223s] [  4%] Built target ament_cmake_python_symlink_amr_interfaces
[5.783s] running egg_info
[5.785s] creating amr_interfaces.egg-info
[5.785s] writing amr_interfaces.egg-info/PKG-INFO
[5.785s] writing dependency_links to amr_interfaces.egg-info/dependency_links.txt
[5.786s] writing top-level names to amr_interfaces.egg-info/top_level.txt
[5.786s] writing manifest file 'amr_interfaces.egg-info/SOURCES.txt'
[5.790s] reading manifest file 'amr_interfaces.egg-info/SOURCES.txt'
[5.791s] writing manifest file 'amr_interfaces.egg-info/SOURCES.txt'
[5.861s] [  4%] Built target ament_cmake_python_build_amr_interfaces_egg
[5.992s] [  4%] Built target amr_interfaces__rs
[6.421s] [  4%] Built target amr_interfaces__cpp
[6.441s] [  7%] [34m[1mGenerating C++ introspection for ROS interfaces[0m
[6.441s] [  7%] [34m[1mGenerating C++ type support dispatch for ROS interfaces[0m
[6.446s] [  9%] [34m[1mGenerating C++ type support for eProsima Fast-RTPS[0m
[6.466s] [ 12%] [32mBuilding C object CMakeFiles/amr_interfaces__rosidl_generator_c.dir/rosidl_generator_c/amr_interfaces/msg/detail/ai_alert__functions.c.o[0m
[6.466s] [ 14%] [32mBuilding C object CMakeFiles/amr_interfaces__rosidl_generator_c.dir/rosidl_generator_c/amr_interfaces/msg/detail/ai_mode__functions.c.o[0m
[6.466s] [ 12%] [32mBuilding C object CMakeFiles/amr_interfaces__rosidl_generator_c.dir/rosidl_generator_c/amr_interfaces/msg/detail/person_target__functions.c.o[0m
[6.575s] [ 17%] [32mBuilding C object CMakeFiles/amr_interfaces__rosidl_generator_c.dir/rosidl_generator_c/amr_interfaces/srv/detail/select_zone__functions.c.o[0m
[6.575s] [ 17%] [32mBuilding C object CMakeFiles/amr_interfaces__rosidl_generator_c.dir/rosidl_generator_c/amr_interfaces/srv/detail/set_ai_mode__functions.c.o[0m
[6.698s] [ 18%] [32m[1mLinking C shared library libamr_interfaces__rosidl_generator_c.so[0m
[6.765s] [ 18%] Built target amr_interfaces__rosidl_generator_c
[6.785s] [ 23%] [34m[1mGenerating C type support for eProsima Fast-RTPS[0m
[6.786s] [ 23%] [34m[1mGenerating C introspection for ROS interfaces[0m
[6.786s] [ 23%] [34m[1mGenerating C type support dispatch for ROS interfaces[0m
[7.335s] [ 25%] [32mBuilding CXX object CMakeFiles/amr_interfaces__rosidl_typesupport_cpp.dir/rosidl_typesupport_cpp/amr_interfaces/msg/ai_alert__type_support.cpp.o[0m
[7.499s] [ 26%] [32mBuilding CXX object CMakeFiles/amr_interfaces__rosidl_typesupport_introspection_cpp.dir/rosidl_typesupport_introspection_cpp/amr_interfaces/msg/detail/ai_alert__type_support.cpp.o[0m
[7.575s] [ 28%] [32mBuilding CXX object CMakeFiles/amr_interfaces__rosidl_typesupport_fastrtps_cpp.dir/rosidl_typesupport_fastrtps_cpp/amr_interfaces/msg/detail/dds_fastrtps/ai_alert__type_support.cpp.o[0m
[7.664s] [ 29%] [32mBuilding CXX object CMakeFiles/amr_interfaces__rosidl_typesupport_c.dir/rosidl_typesupport_c/amr_interfaces/msg/ai_alert__type_support.cpp.o[0m
[7.730s] [ 31%] [32mBuilding CXX object CMakeFiles/amr_interfaces__rosidl_typesupport_c.dir/rosidl_typesupport_c/amr_interfaces/msg/ai_mode__type_support.cpp.o[0m
[7.794s] [ 32%] [32mBuilding CXX object CMakeFiles/amr_interfaces__rosidl_typesupport_c.dir/rosidl_typesupport_c/amr_interfaces/msg/person_target__type_support.cpp.o[0m
[7.859s] [ 34%] [32mBuilding CXX object CMakeFiles/amr_interfaces__rosidl_typesupport_c.dir/rosidl_typesupport_c/amr_interfaces/srv/set_ai_mode__type_support.cpp.o[0m
[7.884s] [ 35%] [32mBuilding CXX object CMakeFiles/amr_interfaces__rosidl_typesupport_cpp.dir/rosidl_typesupport_cpp/amr_interfaces/msg/ai_mode__type_support.cpp.o[0m
[7.894s] [ 37%] [32mBuilding C object CMakeFiles/amr_interfaces__rosidl_typesupport_introspection_c.dir/rosidl_typesupport_introspection_c/amr_interfaces/msg/detail/ai_alert__type_support.c.o[0m
[7.938s] [ 39%] [32mBuilding CXX object CMakeFiles/amr_interfaces__rosidl_typesupport_c.dir/rosidl_typesupport_c/amr_interfaces/srv/select_zone__type_support.cpp.o[0m
[7.940s] [ 40%] [32mBuilding CXX object CMakeFiles/amr_interfaces__rosidl_typesupport_fastrtps_c.dir/rosidl_typesupport_fastrtps_c/amr_interfaces/msg/detail/ai_alert__type_support_c.cpp.o[0m
[7.976s] [ 42%] [32mBuilding C object CMakeFiles/amr_interfaces__rosidl_typesupport_introspection_c.dir/rosidl_typesupport_introspection_c/amr_interfaces/msg/detail/ai_mode__type_support.c.o[0m
[8.007s] [ 43%] [32m[1mLinking CXX shared library libamr_interfaces__rosidl_typesupport_c.so[0m
[8.049s] [ 45%] [32mBuilding C object CMakeFiles/amr_interfaces__rosidl_typesupport_introspection_c.dir/rosidl_typesupport_introspection_c/amr_interfaces/msg/detail/person_target__type_support.c.o[0m
[8.093s] [ 45%] Built target amr_interfaces__rosidl_typesupport_c
[8.112s] [ 46%] [32mBuilding C object CMakeFiles/amr_interfaces__rosidl_typesupport_introspection_c.dir/rosidl_typesupport_introspection_c/amr_interfaces/srv/detail/set_ai_mode__type_support.c.o[0m
[8.125s] [ 48%] [32mBuilding C object CMakeFiles/amr_interfaces__rosidl_typesupport_introspection_c.dir/rosidl_typesupport_introspection_c/amr_interfaces/srv/detail/select_zone__type_support.c.o[0m
[8.194s] [ 50%] [32mBuilding CXX object CMakeFiles/amr_interfaces__rosidl_typesupport_fastrtps_c.dir/rosidl_typesupport_fastrtps_c/amr_interfaces/msg/detail/ai_mode__type_support_c.cpp.o[0m
[8.219s] [ 51%] [32m[1mLinking C shared library libamr_interfaces__rosidl_typesupport_introspection_c.so[0m
[8.291s] [ 51%] Built target amr_interfaces__rosidl_typesupport_introspection_c
[8.296s] [ 53%] [32mBuilding CXX object CMakeFiles/amr_interfaces__rosidl_typesupport_introspection_cpp.dir/rosidl_typesupport_introspection_cpp/amr_interfaces/msg/detail/ai_mode__type_support.cpp.o[0m
[8.309s] [ 54%] [32mBuilding CXX object CMakeFiles/amr_interfaces__rosidl_typesupport_fastrtps_c.dir/rosidl_typesupport_fastrtps_c/amr_interfaces/msg/detail/person_target__type_support_c.cpp.o[0m
[8.428s] [ 56%] [32mBuilding CXX object CMakeFiles/amr_interfaces__rosidl_typesupport_cpp.dir/rosidl_typesupport_cpp/amr_interfaces/msg/person_target__type_support.cpp.o[0m
[8.476s] [ 57%] [32mBuilding CXX object CMakeFiles/amr_interfaces__rosidl_typesupport_fastrtps_cpp.dir/rosidl_typesupport_fastrtps_cpp/amr_interfaces/msg/detail/dds_fastrtps/ai_mode__type_support.cpp.o[0m
[8.684s] [ 59%] [32mBuilding CXX object CMakeFiles/amr_interfaces__rosidl_typesupport_fastrtps_cpp.dir/rosidl_typesupport_fastrtps_cpp/amr_interfaces/msg/detail/dds_fastrtps/person_target__type_support.cpp.o[0m
[8.967s] [ 60%] [32mBuilding CXX object CMakeFiles/amr_interfaces__rosidl_typesupport_fastrtps_cpp.dir/rosidl_typesupport_fastrtps_cpp/amr_interfaces/srv/detail/dds_fastrtps/set_ai_mode__type_support.cpp.o[0m
[8.969s] [ 62%] [32mBuilding CXX object CMakeFiles/amr_interfaces__rosidl_typesupport_cpp.dir/rosidl_typesupport_cpp/amr_interfaces/srv/set_ai_mode__type_support.cpp.o[0m
[9.002s] [ 64%] [32mBuilding CXX object CMakeFiles/amr_interfaces__rosidl_typesupport_fastrtps_c.dir/rosidl_typesupport_fastrtps_c/amr_interfaces/srv/detail/set_ai_mode__type_support_c.cpp.o[0m
[9.126s] [ 65%] [32mBuilding CXX object CMakeFiles/amr_interfaces__rosidl_typesupport_introspection_cpp.dir/rosidl_typesupport_introspection_cpp/amr_interfaces/msg/detail/person_target__type_support.cpp.o[0m
[9.321s] [ 67%] [32mBuilding CXX object CMakeFiles/amr_interfaces__rosidl_typesupport_introspection_cpp.dir/rosidl_typesupport_introspection_cpp/amr_interfaces/srv/detail/set_ai_mode__type_support.cpp.o[0m
[9.529s] [ 68%] [32mBuilding CXX object CMakeFiles/amr_interfaces__rosidl_typesupport_cpp.dir/rosidl_typesupport_cpp/amr_interfaces/srv/select_zone__type_support.cpp.o[0m
[9.547s] [ 70%] [32mBuilding CXX object CMakeFiles/amr_interfaces__rosidl_typesupport_fastrtps_cpp.dir/rosidl_typesupport_fastrtps_cpp/amr_interfaces/srv/detail/dds_fastrtps/select_zone__type_support.cpp.o[0m
[9.781s] [ 71%] [32mBuilding CXX object CMakeFiles/amr_interfaces__rosidl_typesupport_fastrtps_c.dir/rosidl_typesupport_fastrtps_c/amr_interfaces/srv/detail/select_zone__type_support_c.cpp.o[0m
[9.787s] [ 73%] [32mBuilding CXX object CMakeFiles/amr_interfaces__rosidl_typesupport_introspection_cpp.dir/rosidl_typesupport_introspection_cpp/amr_interfaces/srv/detail/select_zone__type_support.cpp.o[0m
[10.079s] [ 75%] [32m[1mLinking CXX shared library libamr_interfaces__rosidl_typesupport_cpp.so[0m
[10.166s] [ 75%] Built target amr_interfaces__rosidl_typesupport_cpp
[10.421s] [ 76%] [32m[1mLinking CXX shared library libamr_interfaces__rosidl_typesupport_fastrtps_cpp.so[0m
[10.533s] [ 78%] [32m[1mLinking CXX shared library libamr_interfaces__rosidl_typesupport_fastrtps_c.so[0m
[10.582s] [ 79%] [32m[1mLinking CXX shared library libamr_interfaces__rosidl_typesupport_introspection_cpp.so[0m
[10.585s] [ 79%] Built target amr_interfaces__rosidl_typesupport_fastrtps_cpp
[10.694s] [ 79%] Built target amr_interfaces__rosidl_typesupport_fastrtps_c
[10.721s] [ 79%] Built target amr_interfaces__rosidl_typesupport_introspection_cpp
[10.778s] [ 79%] Built target amr_interfaces
[10.833s] [ 81%] [34m[1mGenerating Python code for ROS interfaces[0m
[12.616s] [ 81%] Built target amr_interfaces__py
[12.674s] [ 89%] [32mBuilding C object CMakeFiles/amr_interfaces__rosidl_generator_py.dir/rosidl_generator_py/amr_interfaces/msg/_ai_alert_s.c.o[0m
[12.675s] [ 89%] [32mBuilding C object CMakeFiles/amr_interfaces__rosidl_generator_py.dir/rosidl_generator_py/amr_interfaces/srv/_select_zone_s.c.o[0m
[12.675s] [ 89%] [32mBuilding C object CMakeFiles/amr_interfaces__rosidl_generator_py.dir/rosidl_generator_py/amr_interfaces/srv/_set_ai_mode_s.c.o[0m
[12.675s] [ 89%] [32mBuilding C object CMakeFiles/amr_interfaces__rosidl_generator_py.dir/rosidl_generator_py/amr_interfaces/msg/_ai_mode_s.c.o[0m
[12.676s] [ 89%] [32mBuilding C object CMakeFiles/amr_interfaces__rosidl_generator_py.dir/rosidl_generator_py/amr_interfaces/msg/_person_target_s.c.o[0m
[12.925s] [ 90%] [32m[1mLinking C shared library rosidl_generator_py/amr_interfaces/libamr_interfaces__rosidl_generator_py.so[0m
[13.033s] [ 90%] Built target amr_interfaces__rosidl_generator_py
[13.077s] [ 93%] [32mBuilding C object CMakeFiles/amr_interfaces__rosidl_typesupport_fastrtps_c__pyext.dir/rosidl_generator_py/amr_interfaces/_amr_interfaces_s.ep.rosidl_typesupport_fastrtps_c.c.o[0m
[13.077s] [ 93%] [32mBuilding C object CMakeFiles/amr_interfaces__rosidl_typesupport_c__pyext.dir/rosidl_generator_py/amr_interfaces/_amr_interfaces_s.ep.rosidl_typesupport_c.c.o[0m
[13.077s] [ 95%] [32mBuilding C object CMakeFiles/amr_interfaces__rosidl_typesupport_introspection_c__pyext.dir/rosidl_generator_py/amr_interfaces/_amr_interfaces_s.ep.rosidl_typesupport_introspection_c.c.o[0m
[13.306s] [ 96%] [32m[1mLinking C shared library rosidl_generator_py/amr_interfaces/amr_interfaces_s__rosidl_typesupport_c.cpython-310-aarch64-linux-gnu.so[0m
[13.306s] [100%] [32m[1mLinking C shared library rosidl_generator_py/amr_interfaces/amr_interfaces_s__rosidl_typesupport_fastrtps_c.cpython-310-aarch64-linux-gnu.so[0m
[13.307s] [100%] [32m[1mLinking C shared library rosidl_generator_py/amr_interfaces/amr_interfaces_s__rosidl_typesupport_introspection_c.cpython-310-aarch64-linux-gnu.so[0m
[13.399s] [100%] Built target amr_interfaces__rosidl_typesupport_fastrtps_c__pyext
[13.399s] [100%] Built target amr_interfaces__rosidl_typesupport_c__pyext
[13.401s] [100%] Built target amr_interfaces__rosidl_typesupport_introspection_c__pyext
[13.502s] Invoked command in '/home/huyjetson/mobile_robot/ros2_ws/build/amr_interfaces' returned '0': CMAKE_PREFIX_PATH=${CMAKE_PREFIX_PATH}:/home/huyjetson/mobile_robot/ros2_ws/install/amr_sensors:/home/huyjetson/mobile_robot/ros2_ws/install/amr_ai:/home/huyjetson/mobile_robot/ros2_ws/install/amr_bringup:/opt/ros/humble PS1=(ai_ros_venv) \[\e]0;\u@\h: \w\a\]${debian_chroot:+($debian_chroot)}\[\033[01;32m\]\u@\h\[\033[00m\]:\[\033[01;34m\]\w\[\033[00m\]\$ VIRTUAL_ENV_PROMPT=(ai_ros_venv) /usr/bin/cmake --build /home/huyjetson/mobile_robot/ros2_ws/build/amr_interfaces -- -j6 -l6
[13.536s] Invoking command in '/home/huyjetson/mobile_robot/ros2_ws/build/amr_interfaces': CMAKE_PREFIX_PATH=${CMAKE_PREFIX_PATH}:/home/huyjetson/mobile_robot/ros2_ws/install/amr_sensors:/home/huyjetson/mobile_robot/ros2_ws/install/amr_ai:/home/huyjetson/mobile_robot/ros2_ws/install/amr_bringup:/opt/ros/humble PS1=(ai_ros_venv) \[\e]0;\u@\h: \w\a\]${debian_chroot:+($debian_chroot)}\[\033[01;32m\]\u@\h\[\033[00m\]:\[\033[01;34m\]\w\[\033[00m\]\$ VIRTUAL_ENV_PROMPT=(ai_ros_venv) /usr/bin/cmake --install /home/huyjetson/mobile_robot/ros2_ws/build/amr_interfaces
[13.563s] -- Install configuration: ""
[13.564s] -- Execute custom install script
[13.565s] -- Symlinking: /home/huyjetson/mobile_robot/ros2_ws/install/amr_interfaces/share/ament_index/resource_index/rosidl_interfaces/amr_interfaces
[13.587s] -- Symlinking: /home/huyjetson/mobile_robot/ros2_ws/install/amr_interfaces/include/amr_interfaces/amr_interfaces/msg/ai_alert.h
[13.608s] -- Symlinking: /home/huyjetson/mobile_robot/ros2_ws/install/amr_interfaces/include/amr_interfaces/amr_interfaces/msg/ai_mode.h
[13.636s] -- Symlinking: /home/huyjetson/mobile_robot/ros2_ws/install/amr_interfaces/include/amr_interfaces/amr_interfaces/msg/detail/ai_alert__functions.h
[13.657s] -- Symlinking: /home/huyjetson/mobile_robot/ros2_ws/install/amr_interfaces/include/amr_interfaces/amr_interfaces/msg/detail/ai_alert__struct.h
[13.680s] -- Symlinking: /home/huyjetson/mobile_robot/ros2_ws/install/amr_interfaces/include/amr_interfaces/amr_interfaces/msg/detail/ai_alert__type_support.h
[13.703s] -- Symlinking: /home/huyjetson/mobile_robot/ros2_ws/install/amr_interfaces/include/amr_interfaces/amr_interfaces/msg/detail/ai_mode__functions.h
[13.732s] -- Symlinking: /home/huyjetson/mobile_robot/ros2_ws/install/amr_interfaces/include/amr_interfaces/amr_interfaces/msg/detail/ai_mode__struct.h
[13.897s] -- Symlinking: /home/huyjetson/mobile_robot/ros2_ws/install/amr_interfaces/include/amr_interfaces/amr_interfaces/msg/detail/ai_mode__type_support.h
[13.921s] -- Symlinking: /home/huyjetson/mobile_robot/ros2_ws/install/amr_interfaces/include/amr_interfaces/amr_interfaces/msg/detail/person_target__functions.h
[13.950s] -- Symlinking: /home/huyjetson/mobile_robot/ros2_ws/install/amr_interfaces/include/amr_interfaces/amr_interfaces/msg/detail/person_target__struct.h
[13.977s] -- Symlinking: /home/huyjetson/mobile_robot/ros2_ws/install/amr_interfaces/include/amr_interfaces/amr_interfaces/msg/detail/person_target__type_support.h
[14.001s] -- Symlinking: /home/huyjetson/mobile_robot/ros2_ws/install/amr_interfaces/include/amr_interfaces/amr_interfaces/msg/person_target.h
[14.025s] -- Symlinking: /home/huyjetson/mobile_robot/ros2_ws/install/amr_interfaces/include/amr_interfaces/amr_interfaces/msg/rosidl_generator_c__visibility_control.h
[14.048s] -- Symlinking: /home/huyjetson/mobile_robot/ros2_ws/install/amr_interfaces/include/amr_interfaces/amr_interfaces/srv/detail/select_zone__functions.h
[14.071s] -- Symlinking: /home/huyjetson/mobile_robot/ros2_ws/install/amr_interfaces/include/amr_interfaces/amr_interfaces/srv/detail/select_zone__struct.h
[14.099s] -- Symlinking: /home/huyjetson/mobile_robot/ros2_ws/install/amr_interfaces/include/amr_interfaces/amr_interfaces/srv/detail/select_zone__type_support.h
[14.122s] -- Symlinking: /home/huyjetson/mobile_robot/ros2_ws/install/amr_interfaces/include/amr_interfaces/amr_interfaces/srv/detail/set_ai_mode__functions.h
[14.147s] -- Symlinking: /home/huyjetson/mobile_robot/ros2_ws/install/amr_interfaces/include/amr_interfaces/amr_interfaces/srv/detail/set_ai_mode__struct.h
[14.176s] -- Symlinking: /home/huyjetson/mobile_robot/ros2_ws/install/amr_interfaces/include/amr_interfaces/amr_interfaces/srv/detail/set_ai_mode__type_support.h
[14.199s] -- Symlinking: /home/huyjetson/mobile_robot/ros2_ws/install/amr_interfaces/include/amr_interfaces/amr_interfaces/srv/select_zone.h
[14.221s] -- Symlinking: /home/huyjetson/mobile_robot/ros2_ws/install/amr_interfaces/include/amr_interfaces/amr_interfaces/srv/set_ai_mode.h
[14.244s] -- Symlinking: /home/huyjetson/mobile_robot/ros2_ws/install/amr_interfaces/share/amr_interfaces/environment/library_path.sh
[14.267s] -- Symlinking: /home/huyjetson/mobile_robot/ros2_ws/install/amr_interfaces/share/amr_interfaces/environment/library_path.dsv
[14.301s] -- Symlinking: /home/huyjetson/mobile_robot/ros2_ws/install/amr_interfaces/include/amr_interfaces/amr_interfaces/msg/detail/ai_alert__rosidl_typesupport_fastrtps_c.h
[14.330s] -- Symlinking: /home/huyjetson/mobile_robot/ros2_ws/install/amr_interfaces/include/amr_interfaces/amr_interfaces/msg/detail/ai_mode__rosidl_typesupport_fastrtps_c.h
[14.364s] -- Symlinking: /home/huyjetson/mobile_robot/ros2_ws/install/amr_interfaces/include/amr_interfaces/amr_interfaces/msg/detail/person_target__rosidl_typesupport_fastrtps_c.h
[14.388s] -- Symlinking: /home/huyjetson/mobile_robot/ros2_ws/install/amr_interfaces/include/amr_interfaces/amr_interfaces/msg/rosidl_typesupport_fastrtps_c__visibility_control.h
[14.412s] -- Symlinking: /home/huyjetson/mobile_robot/ros2_ws/install/amr_interfaces/include/amr_interfaces/amr_interfaces/srv/detail/select_zone__rosidl_typesupport_fastrtps_c.h
[14.433s] -- Symlinking: /home/huyjetson/mobile_robot/ros2_ws/install/amr_interfaces/include/amr_interfaces/amr_interfaces/srv/detail/set_ai_mode__rosidl_typesupport_fastrtps_c.h
[14.460s] -- Symlinking: /home/huyjetson/mobile_robot/ros2_ws/install/amr_interfaces/include/amr_interfaces/amr_interfaces/msg/detail/ai_alert__rosidl_typesupport_introspection_c.h
[14.490s] -- Symlinking: /home/huyjetson/mobile_robot/ros2_ws/install/amr_interfaces/include/amr_interfaces/amr_interfaces/msg/detail/ai_mode__rosidl_typesupport_introspection_c.h
[14.510s] -- Symlinking: /home/huyjetson/mobile_robot/ros2_ws/install/amr_interfaces/include/amr_interfaces/amr_interfaces/msg/detail/person_target__rosidl_typesupport_introspection_c.h
[14.532s] -- Symlinking: /home/huyjetson/mobile_robot/ros2_ws/install/amr_interfaces/include/amr_interfaces/amr_interfaces/msg/rosidl_typesupport_introspection_c__visibility_control.h
[14.556s] -- Symlinking: /home/huyjetson/mobile_robot/ros2_ws/install/amr_interfaces/include/amr_interfaces/amr_interfaces/srv/detail/select_zone__rosidl_typesupport_introspection_c.h
[14.579s] -- Symlinking: /home/huyjetson/mobile_robot/ros2_ws/install/amr_interfaces/include/amr_interfaces/amr_interfaces/srv/detail/set_ai_mode__rosidl_typesupport_introspection_c.h
[14.608s] -- Symlinking: /home/huyjetson/mobile_robot/ros2_ws/install/amr_interfaces/include/amr_interfaces/amr_interfaces/msg/ai_alert.hpp
[14.628s] -- Symlinking: /home/huyjetson/mobile_robot/ros2_ws/install/amr_interfaces/include/amr_interfaces/amr_interfaces/msg/ai_mode.hpp
[14.651s] -- Symlinking: /home/huyjetson/mobile_robot/ros2_ws/install/amr_interfaces/include/amr_interfaces/amr_interfaces/msg/detail/ai_alert__builder.hpp
[14.673s] -- Symlinking: /home/huyjetson/mobile_robot/ros2_ws/install/amr_interfaces/include/amr_interfaces/amr_interfaces/msg/detail/ai_alert__struct.hpp
[14.697s] -- Symlinking: /home/huyjetson/mobile_robot/ros2_ws/install/amr_interfaces/include/amr_interfaces/amr_interfaces/msg/detail/ai_alert__traits.hpp
[14.720s] -- Symlinking: /home/huyjetson/mobile_robot/ros2_ws/install/amr_interfaces/include/amr_interfaces/amr_interfaces/msg/detail/ai_alert__type_support.hpp
[14.744s] -- Symlinking: /home/huyjetson/mobile_robot/ros2_ws/install/amr_interfaces/include/amr_interfaces/amr_interfaces/msg/detail/ai_mode__builder.hpp
[14.771s] -- Symlinking: /home/huyjetson/mobile_robot/ros2_ws/install/amr_interfaces/include/amr_interfaces/amr_interfaces/msg/detail/ai_mode__struct.hpp
[14.799s] -- Symlinking: /home/huyjetson/mobile_robot/ros2_ws/install/amr_interfaces/include/amr_interfaces/amr_interfaces/msg/detail/ai_mode__traits.hpp
[14.827s] -- Symlinking: /home/huyjetson/mobile_robot/ros2_ws/install/amr_interfaces/include/amr_interfaces/amr_interfaces/msg/detail/ai_mode__type_support.hpp
[14.855s] -- Symlinking: /home/huyjetson/mobile_robot/ros2_ws/install/amr_interfaces/include/amr_interfaces/amr_interfaces/msg/detail/person_target__builder.hpp
[14.877s] -- Symlinking: /home/huyjetson/mobile_robot/ros2_ws/install/amr_interfaces/include/amr_interfaces/amr_interfaces/msg/detail/person_target__struct.hpp
[14.899s] -- Symlinking: /home/huyjetson/mobile_robot/ros2_ws/install/amr_interfaces/include/amr_interfaces/amr_interfaces/msg/detail/person_target__traits.hpp
[14.923s] -- Symlinking: /home/huyjetson/mobile_robot/ros2_ws/install/amr_interfaces/include/amr_interfaces/amr_interfaces/msg/detail/person_target__type_support.hpp
[14.948s] -- Symlinking: /home/huyjetson/mobile_robot/ros2_ws/install/amr_interfaces/include/amr_interfaces/amr_interfaces/msg/person_target.hpp
[14.971s] -- Symlinking: /home/huyjetson/mobile_robot/ros2_ws/install/amr_interfaces/include/amr_interfaces/amr_interfaces/msg/rosidl_generator_cpp__visibility_control.hpp
[14.993s] -- Symlinking: /home/huyjetson/mobile_robot/ros2_ws/install/amr_interfaces/include/amr_interfaces/amr_interfaces/srv/detail/select_zone__builder.hpp
[15.017s] -- Symlinking: /home/huyjetson/mobile_robot/ros2_ws/install/amr_interfaces/include/amr_interfaces/amr_interfaces/srv/detail/select_zone__struct.hpp
[15.041s] -- Symlinking: /home/huyjetson/mobile_robot/ros2_ws/install/amr_interfaces/include/amr_interfaces/amr_interfaces/srv/detail/select_zone__traits.hpp
[15.065s] -- Symlinking: /home/huyjetson/mobile_robot/ros2_ws/install/amr_interfaces/include/amr_interfaces/amr_interfaces/srv/detail/select_zone__type_support.hpp
[15.087s] -- Symlinking: /home/huyjetson/mobile_robot/ros2_ws/install/amr_interfaces/include/amr_interfaces/amr_interfaces/srv/detail/set_ai_mode__builder.hpp
[15.109s] -- Symlinking: /home/huyjetson/mobile_robot/ros2_ws/install/amr_interfaces/include/amr_interfaces/amr_interfaces/srv/detail/set_ai_mode__struct.hpp
[15.132s] -- Symlinking: /home/huyjetson/mobile_robot/ros2_ws/install/amr_interfaces/include/amr_interfaces/amr_interfaces/srv/detail/set_ai_mode__traits.hpp
[15.155s] -- Symlinking: /home/huyjetson/mobile_robot/ros2_ws/install/amr_interfaces/include/amr_interfaces/amr_interfaces/srv/detail/set_ai_mode__type_support.hpp
[15.177s] -- Symlinking: /home/huyjetson/mobile_robot/ros2_ws/install/amr_interfaces/include/amr_interfaces/amr_interfaces/srv/select_zone.hpp
[15.199s] -- Symlinking: /home/huyjetson/mobile_robot/ros2_ws/install/amr_interfaces/include/amr_interfaces/amr_interfaces/srv/set_ai_mode.hpp
[15.229s] -- Symlinking: /home/huyjetson/mobile_robot/ros2_ws/install/amr_interfaces/include/amr_interfaces/amr_interfaces/msg/detail/ai_alert__rosidl_typesupport_fastrtps_cpp.hpp
[15.257s] -- Symlinking: /home/huyjetson/mobile_robot/ros2_ws/install/amr_interfaces/include/amr_interfaces/amr_interfaces/msg/detail/ai_mode__rosidl_typesupport_fastrtps_cpp.hpp
[15.280s] -- Symlinking: /home/huyjetson/mobile_robot/ros2_ws/install/amr_interfaces/include/amr_interfaces/amr_interfaces/msg/detail/person_target__rosidl_typesupport_fastrtps_cpp.hpp
[15.302s] -- Symlinking: /home/huyjetson/mobile_robot/ros2_ws/install/amr_interfaces/include/amr_interfaces/amr_interfaces/msg/rosidl_typesupport_fastrtps_cpp__visibility_control.h
[15.325s] -- Symlinking: /home/huyjetson/mobile_robot/ros2_ws/install/amr_interfaces/include/amr_interfaces/amr_interfaces/srv/detail/select_zone__rosidl_typesupport_fastrtps_cpp.hpp
[15.349s] -- Symlinking: /home/huyjetson/mobile_robot/ros2_ws/install/amr_interfaces/include/amr_interfaces/amr_interfaces/srv/detail/set_ai_mode__rosidl_typesupport_fastrtps_cpp.hpp
[15.373s] -- Symlinking: /home/huyjetson/mobile_robot/ros2_ws/install/amr_interfaces/include/amr_interfaces/amr_interfaces/msg/detail/ai_alert__rosidl_typesupport_introspection_cpp.hpp
[15.396s] -- Symlinking: /home/huyjetson/mobile_robot/ros2_ws/install/amr_interfaces/include/amr_interfaces/amr_interfaces/msg/detail/ai_mode__rosidl_typesupport_introspection_cpp.hpp
[15.421s] -- Symlinking: /home/huyjetson/mobile_robot/ros2_ws/install/amr_interfaces/include/amr_interfaces/amr_interfaces/msg/detail/person_target__rosidl_typesupport_introspection_cpp.hpp
[15.444s] -- Symlinking: /home/huyjetson/mobile_robot/ros2_ws/install/amr_interfaces/include/amr_interfaces/amr_interfaces/srv/detail/select_zone__rosidl_typesupport_introspection_cpp.hpp
[15.466s] -- Symlinking: /home/huyjetson/mobile_robot/ros2_ws/install/amr_interfaces/include/amr_interfaces/amr_interfaces/srv/detail/set_ai_mode__rosidl_typesupport_introspection_cpp.hpp
[15.485s] -- Symlinking: /home/huyjetson/mobile_robot/ros2_ws/install/amr_interfaces/share/amr_interfaces/environment/pythonpath.sh
[15.513s] -- Symlinking: /home/huyjetson/mobile_robot/ros2_ws/install/amr_interfaces/share/amr_interfaces/environment/pythonpath.dsv
[15.537s] -- Symlinking: /home/huyjetson/mobile_robot/ros2_ws/install/amr_interfaces/lib/python3.10/site-packages/amr_interfaces-0.0.1-py3.10.egg-info/PKG-INFO
[15.566s] -- Symlinking: /home/huyjetson/mobile_robot/ros2_ws/install/amr_interfaces/lib/python3.10/site-packages/amr_interfaces-0.0.1-py3.10.egg-info/SOURCES.txt
[15.589s] -- Symlinking: /home/huyjetson/mobile_robot/ros2_ws/install/amr_interfaces/lib/python3.10/site-packages/amr_interfaces-0.0.1-py3.10.egg-info/dependency_links.txt
[15.611s] -- Symlinking: /home/huyjetson/mobile_robot/ros2_ws/install/amr_interfaces/lib/python3.10/site-packages/amr_interfaces-0.0.1-py3.10.egg-info/top_level.txt
[15.635s] -- Symlinking: /home/huyjetson/mobile_robot/ros2_ws/install/amr_interfaces/lib/python3.10/site-packages/amr_interfaces/__init__.py
[15.657s] -- Symlinking: /home/huyjetson/mobile_robot/ros2_ws/install/amr_interfaces/lib/python3.10/site-packages/amr_interfaces/_amr_interfaces_s.ep.rosidl_typesupport_c.c
[15.683s] -- Symlinking: /home/huyjetson/mobile_robot/ros2_ws/install/amr_interfaces/lib/python3.10/site-packages/amr_interfaces/_amr_interfaces_s.ep.rosidl_typesupport_fastrtps_c.c
[15.708s] -- Symlinking: /home/huyjetson/mobile_robot/ros2_ws/install/amr_interfaces/lib/python3.10/site-packages/amr_interfaces/_amr_interfaces_s.ep.rosidl_typesupport_introspection_c.c
[15.730s] -- Symlinking: /home/huyjetson/mobile_robot/ros2_ws/install/amr_interfaces/lib/python3.10/site-packages/amr_interfaces/amr_interfaces_s__rosidl_typesupport_c.cpython-310-aarch64-linux-gnu.so
[15.753s] -- Symlinking: /home/huyjetson/mobile_robot/ros2_ws/install/amr_interfaces/lib/python3.10/site-packages/amr_interfaces/amr_interfaces_s__rosidl_typesupport_fastrtps_c.cpython-310-aarch64-linux-gnu.so
[15.776s] -- Symlinking: /home/huyjetson/mobile_robot/ros2_ws/install/amr_interfaces/lib/python3.10/site-packages/amr_interfaces/amr_interfaces_s__rosidl_typesupport_introspection_c.cpython-310-aarch64-linux-gnu.so
[15.804s] -- Symlinking: /home/huyjetson/mobile_robot/ros2_ws/install/amr_interfaces/lib/python3.10/site-packages/amr_interfaces/libamr_interfaces__rosidl_generator_py.so
[15.828s] -- Symlinking: /home/huyjetson/mobile_robot/ros2_ws/install/amr_interfaces/lib/python3.10/site-packages/amr_interfaces/msg/__init__.py
[15.852s] -- Symlinking: /home/huyjetson/mobile_robot/ros2_ws/install/amr_interfaces/lib/python3.10/site-packages/amr_interfaces/msg/_ai_alert.py
[15.875s] -- Symlinking: /home/huyjetson/mobile_robot/ros2_ws/install/amr_interfaces/lib/python3.10/site-packages/amr_interfaces/msg/_ai_alert_s.c
[15.897s] -- Symlinking: /home/huyjetson/mobile_robot/ros2_ws/install/amr_interfaces/lib/python3.10/site-packages/amr_interfaces/msg/_ai_mode.py
[15.921s] -- Symlinking: /home/huyjetson/mobile_robot/ros2_ws/install/amr_interfaces/lib/python3.10/site-packages/amr_interfaces/msg/_ai_mode_s.c
[15.944s] -- Symlinking: /home/huyjetson/mobile_robot/ros2_ws/install/amr_interfaces/lib/python3.10/site-packages/amr_interfaces/msg/_person_target.py
[15.968s] -- Symlinking: /home/huyjetson/mobile_robot/ros2_ws/install/amr_interfaces/lib/python3.10/site-packages/amr_interfaces/msg/_person_target_s.c
[15.992s] -- Symlinking: /home/huyjetson/mobile_robot/ros2_ws/install/amr_interfaces/lib/python3.10/site-packages/amr_interfaces/srv/__init__.py
[16.017s] -- Symlinking: /home/huyjetson/mobile_robot/ros2_ws/install/amr_interfaces/lib/python3.10/site-packages/amr_interfaces/srv/_select_zone.py
[16.040s] -- Symlinking: /home/huyjetson/mobile_robot/ros2_ws/install/amr_interfaces/lib/python3.10/site-packages/amr_interfaces/srv/_select_zone_s.c
[16.062s] -- Symlinking: /home/huyjetson/mobile_robot/ros2_ws/install/amr_interfaces/lib/python3.10/site-packages/amr_interfaces/srv/_set_ai_mode.py
[16.085s] -- Symlinking: /home/huyjetson/mobile_robot/ros2_ws/install/amr_interfaces/lib/python3.10/site-packages/amr_interfaces/srv/_set_ai_mode_s.c
[16.108s] -- Up-to-date symlink: /home/huyjetson/mobile_robot/ros2_ws/install/amr_interfaces/lib/python3.10/site-packages/amr_interfaces/amr_interfaces_s__rosidl_typesupport_fastrtps_c.cpython-310-aarch64-linux-gnu.so
[16.108s] -- Up-to-date symlink: /home/huyjetson/mobile_robot/ros2_ws/install/amr_interfaces/lib/python3.10/site-packages/amr_interfaces/amr_interfaces_s__rosidl_typesupport_introspection_c.cpython-310-aarch64-linux-gnu.so
[16.109s] -- Up-to-date symlink: /home/huyjetson/mobile_robot/ros2_ws/install/amr_interfaces/lib/python3.10/site-packages/amr_interfaces/amr_interfaces_s__rosidl_typesupport_c.cpython-310-aarch64-linux-gnu.so
[16.109s] -- Symlinking: /home/huyjetson/mobile_robot/ros2_ws/install/amr_interfaces/share/ament_index/resource_index/rust_packages/amr_interfaces
[16.134s] -- Symlinking: /home/huyjetson/mobile_robot/ros2_ws/install/amr_interfaces/share/amr_interfaces/rust/Cargo.toml
[16.161s] -- Symlinking: /home/huyjetson/mobile_robot/ros2_ws/install/amr_interfaces/share/amr_interfaces/rust/build.rs
[16.181s] -- Symlinking: /home/huyjetson/mobile_robot/ros2_ws/install/amr_interfaces/share/amr_interfaces/rust/src/lib.rs
[16.205s] -- Symlinking: /home/huyjetson/mobile_robot/ros2_ws/install/amr_interfaces/share/amr_interfaces/rust/src/msg.rs
[16.227s] -- Symlinking: /home/huyjetson/mobile_robot/ros2_ws/install/amr_interfaces/share/amr_interfaces/rust/src/msg/rmw.rs
[16.255s] -- Symlinking: /home/huyjetson/mobile_robot/ros2_ws/install/amr_interfaces/share/amr_interfaces/rust/src/srv.rs
[16.277s] -- Symlinking: /home/huyjetson/mobile_robot/ros2_ws/install/amr_interfaces/share/amr_interfaces/rust/src/srv/rmw.rs
[16.301s] -- Symlinking: /home/huyjetson/mobile_robot/ros2_ws/install/amr_interfaces/share/amr_interfaces/msg/AiAlert.idl
[16.324s] -- Symlinking: /home/huyjetson/mobile_robot/ros2_ws/install/amr_interfaces/share/amr_interfaces/msg/AiMode.idl
[16.347s] -- Symlinking: /home/huyjetson/mobile_robot/ros2_ws/install/amr_interfaces/share/amr_interfaces/msg/PersonTarget.idl
[16.375s] -- Symlinking: /home/huyjetson/mobile_robot/ros2_ws/install/amr_interfaces/share/amr_interfaces/srv/SetAiMode.idl
[16.395s] -- Symlinking: /home/huyjetson/mobile_robot/ros2_ws/install/amr_interfaces/share/amr_interfaces/srv/SelectZone.idl
[16.418s] -- Symlinking: /home/huyjetson/mobile_robot/ros2_ws/install/amr_interfaces/share/amr_interfaces/msg/AiAlert.msg
[16.444s] -- Symlinking: /home/huyjetson/mobile_robot/ros2_ws/install/amr_interfaces/share/amr_interfaces/msg/AiMode.msg
[16.467s] -- Symlinking: /home/huyjetson/mobile_robot/ros2_ws/install/amr_interfaces/share/amr_interfaces/msg/PersonTarget.msg
[16.496s] -- Symlinking: /home/huyjetson/mobile_robot/ros2_ws/install/amr_interfaces/share/amr_interfaces/srv/SetAiMode.srv
[16.520s] -- Symlinking: /home/huyjetson/mobile_robot/ros2_ws/install/amr_interfaces/share/amr_interfaces/srv/SetAiMode_Request.msg
[16.544s] -- Symlinking: /home/huyjetson/mobile_robot/ros2_ws/install/amr_interfaces/share/amr_interfaces/srv/SetAiMode_Response.msg
[16.567s] -- Symlinking: /home/huyjetson/mobile_robot/ros2_ws/install/amr_interfaces/share/amr_interfaces/srv/SelectZone.srv
[16.596s] -- Symlinking: /home/huyjetson/mobile_robot/ros2_ws/install/amr_interfaces/share/amr_interfaces/srv/SelectZone_Request.msg
[16.620s] -- Symlinking: /home/huyjetson/mobile_robot/ros2_ws/install/amr_interfaces/share/amr_interfaces/srv/SelectZone_Response.msg
[16.643s] -- Symlinking: /home/huyjetson/mobile_robot/ros2_ws/install/amr_interfaces/share/ament_index/resource_index/package_run_dependencies/amr_interfaces
[16.672s] -- Symlinking: /home/huyjetson/mobile_robot/ros2_ws/install/amr_interfaces/share/ament_index/resource_index/parent_prefix_path/amr_interfaces
[16.694s] -- Symlinking: /home/huyjetson/mobile_robot/ros2_ws/install/amr_interfaces/share/amr_interfaces/environment/ament_prefix_path.sh
[16.716s] -- Symlinking: /home/huyjetson/mobile_robot/ros2_ws/install/amr_interfaces/share/amr_interfaces/environment/ament_prefix_path.dsv
[16.740s] -- Symlinking: /home/huyjetson/mobile_robot/ros2_ws/install/amr_interfaces/share/amr_interfaces/environment/path.sh
[16.762s] -- Symlinking: /home/huyjetson/mobile_robot/ros2_ws/install/amr_interfaces/share/amr_interfaces/environment/path.dsv
[16.785s] -- Symlinking: /home/huyjetson/mobile_robot/ros2_ws/install/amr_interfaces/share/amr_interfaces/local_setup.bash
[16.807s] -- Symlinking: /home/huyjetson/mobile_robot/ros2_ws/install/amr_interfaces/share/amr_interfaces/local_setup.sh
[16.829s] -- Symlinking: /home/huyjetson/mobile_robot/ros2_ws/install/amr_interfaces/share/amr_interfaces/local_setup.zsh
[16.853s] -- Symlinking: /home/huyjetson/mobile_robot/ros2_ws/install/amr_interfaces/share/amr_interfaces/local_setup.dsv
[16.881s] -- Symlinking: /home/huyjetson/mobile_robot/ros2_ws/install/amr_interfaces/share/amr_interfaces/package.dsv
[16.904s] -- Symlinking: /home/huyjetson/mobile_robot/ros2_ws/install/amr_interfaces/share/ament_index/resource_index/packages/amr_interfaces
[16.929s] -- Symlinking: /home/huyjetson/mobile_robot/ros2_ws/install/amr_interfaces/share/amr_interfaces/cmake/rosidl_cmake-extras.cmake
[16.958s] -- Symlinking: /home/huyjetson/mobile_robot/ros2_ws/install/amr_interfaces/share/amr_interfaces/cmake/ament_cmake_export_dependencies-extras.cmake
[16.981s] -- Symlinking: /home/huyjetson/mobile_robot/ros2_ws/install/amr_interfaces/share/amr_interfaces/cmake/ament_cmake_export_include_directories-extras.cmake
[17.004s] -- Symlinking: /home/huyjetson/mobile_robot/ros2_ws/install/amr_interfaces/share/amr_interfaces/cmake/ament_cmake_export_libraries-extras.cmake
[17.027s] -- Symlinking: /home/huyjetson/mobile_robot/ros2_ws/install/amr_interfaces/share/amr_interfaces/cmake/ament_cmake_export_targets-extras.cmake
[17.053s] -- Symlinking: /home/huyjetson/mobile_robot/ros2_ws/install/amr_interfaces/share/amr_interfaces/cmake/rosidl_cmake_export_typesupport_targets-extras.cmake
[17.082s] -- Symlinking: /home/huyjetson/mobile_robot/ros2_ws/install/amr_interfaces/share/amr_interfaces/cmake/rosidl_cmake_export_typesupport_libraries-extras.cmake
[17.103s] -- Symlinking: /home/huyjetson/mobile_robot/ros2_ws/install/amr_interfaces/share/amr_interfaces/cmake/amr_interfacesConfig.cmake
[17.125s] -- Symlinking: /home/huyjetson/mobile_robot/ros2_ws/install/amr_interfaces/share/amr_interfaces/cmake/amr_interfacesConfig-version.cmake
[17.148s] -- Symlinking: /home/huyjetson/mobile_robot/ros2_ws/install/amr_interfaces/share/amr_interfaces/package.xml
[17.172s] -- Installing: /home/huyjetson/mobile_robot/ros2_ws/install/amr_interfaces/lib/libamr_interfaces__rosidl_generator_c.so
[17.174s] -- Set runtime path of "/home/huyjetson/mobile_robot/ros2_ws/install/amr_interfaces/lib/libamr_interfaces__rosidl_generator_c.so" to ""
[17.175s] -- Installing: /home/huyjetson/mobile_robot/ros2_ws/install/amr_interfaces/lib/libamr_interfaces__rosidl_typesupport_fastrtps_c.so
[17.176s] -- Set runtime path of "/home/huyjetson/mobile_robot/ros2_ws/install/amr_interfaces/lib/libamr_interfaces__rosidl_typesupport_fastrtps_c.so" to ""
[17.176s] -- Installing: /home/huyjetson/mobile_robot/ros2_ws/install/amr_interfaces/lib/libamr_interfaces__rosidl_typesupport_introspection_c.so
[17.178s] -- Set runtime path of "/home/huyjetson/mobile_robot/ros2_ws/install/amr_interfaces/lib/libamr_interfaces__rosidl_typesupport_introspection_c.so" to ""
[17.178s] -- Installing: /home/huyjetson/mobile_robot/ros2_ws/install/amr_interfaces/lib/libamr_interfaces__rosidl_typesupport_c.so
[17.179s] -- Set runtime path of "/home/huyjetson/mobile_robot/ros2_ws/install/amr_interfaces/lib/libamr_interfaces__rosidl_typesupport_c.so" to ""
[17.179s] -- Installing: /home/huyjetson/mobile_robot/ros2_ws/install/amr_interfaces/lib/libamr_interfaces__rosidl_typesupport_fastrtps_cpp.so
[17.181s] -- Set runtime path of "/home/huyjetson/mobile_robot/ros2_ws/install/amr_interfaces/lib/libamr_interfaces__rosidl_typesupport_fastrtps_cpp.so" to ""
[17.182s] -- Installing: /home/huyjetson/mobile_robot/ros2_ws/install/amr_interfaces/lib/libamr_interfaces__rosidl_typesupport_introspection_cpp.so
[17.183s] -- Set runtime path of "/home/huyjetson/mobile_robot/ros2_ws/install/amr_interfaces/lib/libamr_interfaces__rosidl_typesupport_introspection_cpp.so" to ""
[17.183s] -- Installing: /home/huyjetson/mobile_robot/ros2_ws/install/amr_interfaces/lib/libamr_interfaces__rosidl_typesupport_cpp.so
[17.185s] -- Set runtime path of "/home/huyjetson/mobile_robot/ros2_ws/install/amr_interfaces/lib/libamr_interfaces__rosidl_typesupport_cpp.so" to ""
[17.283s] Listing '/home/huyjetson/mobile_robot/ros2_ws/install/amr_interfaces/lib/python3.10/site-packages/amr_interfaces'...
[17.283s] Compiling '/home/huyjetson/mobile_robot/ros2_ws/install/amr_interfaces/lib/python3.10/site-packages/amr_interfaces/__init__.py'...
[17.284s] Listing '/home/huyjetson/mobile_robot/ros2_ws/install/amr_interfaces/lib/python3.10/site-packages/amr_interfaces/msg'...
[17.284s] Compiling '/home/huyjetson/mobile_robot/ros2_ws/install/amr_interfaces/lib/python3.10/site-packages/amr_interfaces/msg/__init__.py'...
[17.284s] Compiling '/home/huyjetson/mobile_robot/ros2_ws/install/amr_interfaces/lib/python3.10/site-packages/amr_interfaces/msg/_ai_alert.py'...
[17.284s] Compiling '/home/huyjetson/mobile_robot/ros2_ws/install/amr_interfaces/lib/python3.10/site-packages/amr_interfaces/msg/_ai_mode.py'...
[17.284s] Compiling '/home/huyjetson/mobile_robot/ros2_ws/install/amr_interfaces/lib/python3.10/site-packages/amr_interfaces/msg/_person_target.py'...
[17.284s] Listing '/home/huyjetson/mobile_robot/ros2_ws/install/amr_interfaces/lib/python3.10/site-packages/amr_interfaces/srv'...
[17.284s] Compiling '/home/huyjetson/mobile_robot/ros2_ws/install/amr_interfaces/lib/python3.10/site-packages/amr_interfaces/srv/__init__.py'...
[17.285s] Compiling '/home/huyjetson/mobile_robot/ros2_ws/install/amr_interfaces/lib/python3.10/site-packages/amr_interfaces/srv/_select_zone.py'...
[17.285s] Compiling '/home/huyjetson/mobile_robot/ros2_ws/install/amr_interfaces/lib/python3.10/site-packages/amr_interfaces/srv/_set_ai_mode.py'...
[17.295s] -- Installing: /home/huyjetson/mobile_robot/ros2_ws/install/amr_interfaces/lib/libamr_interfaces__rosidl_generator_py.so
[17.295s] -- Set runtime path of "/home/huyjetson/mobile_robot/ros2_ws/install/amr_interfaces/lib/libamr_interfaces__rosidl_generator_py.so" to ""
[17.295s] -- Installing: /home/huyjetson/mobile_robot/ros2_ws/install/amr_interfaces/share/amr_interfaces/cmake/export_amr_interfaces__rosidl_generator_cExport.cmake
[17.296s] -- Installing: /home/huyjetson/mobile_robot/ros2_ws/install/amr_interfaces/share/amr_interfaces/cmake/export_amr_interfaces__rosidl_generator_cExport-noconfig.cmake
[17.296s] -- Installing: /home/huyjetson/mobile_robot/ros2_ws/install/amr_interfaces/share/amr_interfaces/cmake/export_amr_interfaces__rosidl_typesupport_fastrtps_cExport.cmake
[17.297s] -- Installing: /home/huyjetson/mobile_robot/ros2_ws/install/amr_interfaces/share/amr_interfaces/cmake/export_amr_interfaces__rosidl_typesupport_fastrtps_cExport-noconfig.cmake
[17.297s] -- Installing: /home/huyjetson/mobile_robot/ros2_ws/install/amr_interfaces/share/amr_interfaces/cmake/amr_interfaces__rosidl_typesupport_introspection_cExport.cmake
[17.298s] -- Installing: /home/huyjetson/mobile_robot/ros2_ws/install/amr_interfaces/share/amr_interfaces/cmake/amr_interfaces__rosidl_typesupport_introspection_cExport-noconfig.cmake
[17.298s] -- Installing: /home/huyjetson/mobile_robot/ros2_ws/install/amr_interfaces/share/amr_interfaces/cmake/amr_interfaces__rosidl_typesupport_cExport.cmake
[17.299s] -- Installing: /home/huyjetson/mobile_robot/ros2_ws/install/amr_interfaces/share/amr_interfaces/cmake/amr_interfaces__rosidl_typesupport_cExport-noconfig.cmake
[17.299s] -- Installing: /home/huyjetson/mobile_robot/ros2_ws/install/amr_interfaces/share/amr_interfaces/cmake/export_amr_interfaces__rosidl_generator_cppExport.cmake
[17.300s] -- Installing: /home/huyjetson/mobile_robot/ros2_ws/install/amr_interfaces/share/amr_interfaces/cmake/export_amr_interfaces__rosidl_typesupport_fastrtps_cppExport.cmake
[17.300s] -- Installing: /home/huyjetson/mobile_robot/ros2_ws/install/amr_interfaces/share/amr_interfaces/cmake/export_amr_interfaces__rosidl_typesupport_fastrtps_cppExport-noconfig.cmake
[17.301s] -- Installing: /home/huyjetson/mobile_robot/ros2_ws/install/amr_interfaces/share/amr_interfaces/cmake/amr_interfaces__rosidl_typesupport_introspection_cppExport.cmake
[17.301s] -- Installing: /home/huyjetson/mobile_robot/ros2_ws/install/amr_interfaces/share/amr_interfaces/cmake/amr_interfaces__rosidl_typesupport_introspection_cppExport-noconfig.cmake
[17.302s] -- Installing: /home/huyjetson/mobile_robot/ros2_ws/install/amr_interfaces/share/amr_interfaces/cmake/amr_interfaces__rosidl_typesupport_cppExport.cmake
[17.303s] -- Installing: /home/huyjetson/mobile_robot/ros2_ws/install/amr_interfaces/share/amr_interfaces/cmake/amr_interfaces__rosidl_typesupport_cppExport-noconfig.cmake
[17.303s] -- Installing: /home/huyjetson/mobile_robot/ros2_ws/install/amr_interfaces/share/amr_interfaces/cmake/export_amr_interfaces__rosidl_generator_pyExport.cmake
[17.304s] -- Installing: /home/huyjetson/mobile_robot/ros2_ws/install/amr_interfaces/share/amr_interfaces/cmake/export_amr_interfaces__rosidl_generator_pyExport-noconfig.cmake
[17.324s] Invoked command in '/home/huyjetson/mobile_robot/ros2_ws/build/amr_interfaces' returned '0': CMAKE_PREFIX_PATH=${CMAKE_PREFIX_PATH}:/home/huyjetson/mobile_robot/ros2_ws/install/amr_sensors:/home/huyjetson/mobile_robot/ros2_ws/install/amr_ai:/home/huyjetson/mobile_robot/ros2_ws/install/amr_bringup:/opt/ros/humble PS1=(ai_ros_venv) \[\e]0;\u@\h: \w\a\]${debian_chroot:+($debian_chroot)}\[\033[01;32m\]\u@\h\[\033[00m\]:\[\033[01;34m\]\w\[\033[00m\]\$ VIRTUAL_ENV_PROMPT=(ai_ros_venv) /usr/bin/cmake --install /home/huyjetson/mobile_robot/ros2_ws/build/amr_interfaces
