[1.263s] Invoking command in '/home/huyjetson/mobile_robot/ros2_ws/build/amr_ai': CMAKE_PREFIX_PATH=/home/huyjetson/mobile_robot/ros2_ws/install/amr_interfaces:/home/huyjetson/mobile_robot/ros2_ws/install/sllidar_ros2:/home/huyjetson/mobile_robot/ros2_ws/install/multirobot_map_merge:/home/huyjetson/mobile_robot/ros2_ws/install/explore_lite:/home/huyjetson/mobile_robot/ros2_ws/install/explore_lite_msgs:/home/huyjetson/mobile_robot/ros2_ws/install/astra_camera:/home/huyjetson/mobile_robot/ros2_ws/install/astra_camera_msgs:/home/huyjetson/mobile_robot/ros2_ws/install/amr_navigation:/home/huyjetson/mobile_robot/ros2_ws/install/amr_slam:/home/huyjetson/mobile_robot/ros2_ws/install/amr_pointcloud_filter:/home/huyjetson/mobile_robot/ros2_ws/install/amr_description:/home/huyjetson/mobile_robot/ros2_ws/install/amr_costmap_plugins:/home/huyjetson/mobile_robot/ros2_ws/install/amr_control LD_LIBRARY_PATH=/home/huyjetson/mobile_robot/ros2_ws/install/amr_interfaces/lib:/home/huyjetson/mobile_robot/ros2_ws/install/multirobot_map_merge/lib:/home/huyjetson/mobile_robot/ros2_ws/install/explore_lite_msgs/lib:/home/huyjetson/mobile_robot/ros2_ws/install/astra_camera/lib:/home/huyjetson/mobile_robot/ros2_ws/install/astra_camera_msgs/lib:/home/huyjetson/mobile_robot/ros2_ws/install/amr_costmap_plugins/lib:/opt/ros/humble/opt/rviz_ogre_vendor/lib:/opt/ros/humble/lib/aarch64-linux-gnu:/opt/ros/humble/opt/openvdb_vendor/lib:/opt/ros/humble/lib PS1=(ai_ros_venv) \[\e]0;\u@\h: \w\a\]${debian_chroot:+($debian_chroot)}\[\033[01;32m\]\u@\h\[\033[00m\]:\[\033[01;34m\]\w\[\033[00m\]\$ PYTHONPATH=/home/huyjetson/mobile_robot/ros2_ws/build/amr_ai/prefix_override:/usr/lib/python3/dist-packages/colcon_core/task/python/colcon_distutils_commands:/home/huyjetson/mobile_robot/ros2_ws/install/amr_ai/lib/python3.10/site-packages:/home/huyjetson/mobile_robot/ros2_ws/install/amr_interfaces/lib/python3.10/site-packages:${PYTHONPATH} VIRTUAL_ENV_PROMPT=(ai_ros_venv) /usr/bin/python3 -W ignore:setup.py install is deprecated -W ignore:easy_install command is deprecated setup.py develop --uninstall --editable --build-directory /home/huyjetson/mobile_robot/ros2_ws/build/amr_ai/build
[1.787s] running develop
[2.126s] Removing /home/huyjetson/mobile_robot/ros2_ws/install/amr_ai/lib/python3.10/site-packages/amr-ai.egg-link (link to .)
[2.201s] Invoked command in '/home/huyjetson/mobile_robot/ros2_ws/build/amr_ai' returned '0': CMAKE_PREFIX_PATH=/home/huyjetson/mobile_robot/ros2_ws/install/amr_interfaces:/home/huyjetson/mobile_robot/ros2_ws/install/sllidar_ros2:/home/huyjetson/mobile_robot/ros2_ws/install/multirobot_map_merge:/home/huyjetson/mobile_robot/ros2_ws/install/explore_lite:/home/huyjetson/mobile_robot/ros2_ws/install/explore_lite_msgs:/home/huyjetson/mobile_robot/ros2_ws/install/astra_camera:/home/huyjetson/mobile_robot/ros2_ws/install/astra_camera_msgs:/home/huyjetson/mobile_robot/ros2_ws/install/amr_navigation:/home/huyjetson/mobile_robot/ros2_ws/install/amr_slam:/home/huyjetson/mobile_robot/ros2_ws/install/amr_pointcloud_filter:/home/huyjetson/mobile_robot/ros2_ws/install/amr_description:/home/huyjetson/mobile_robot/ros2_ws/install/amr_costmap_plugins:/home/huyjetson/mobile_robot/ros2_ws/install/amr_control LD_LIBRARY_PATH=/home/huyjetson/mobile_robot/ros2_ws/install/amr_interfaces/lib:/home/huyjetson/mobile_robot/ros2_ws/install/multirobot_map_merge/lib:/home/huyjetson/mobile_robot/ros2_ws/install/explore_lite_msgs/lib:/home/huyjetson/mobile_robot/ros2_ws/install/astra_camera/lib:/home/huyjetson/mobile_robot/ros2_ws/install/astra_camera_msgs/lib:/home/huyjetson/mobile_robot/ros2_ws/install/amr_costmap_plugins/lib:/opt/ros/humble/opt/rviz_ogre_vendor/lib:/opt/ros/humble/lib/aarch64-linux-gnu:/opt/ros/humble/opt/openvdb_vendor/lib:/opt/ros/humble/lib PS1=(ai_ros_venv) \[\e]0;\u@\h: \w\a\]${debian_chroot:+($debian_chroot)}\[\033[01;32m\]\u@\h\[\033[00m\]:\[\033[01;34m\]\w\[\033[00m\]\$ PYTHONPATH=/home/huyjetson/mobile_robot/ros2_ws/build/amr_ai/prefix_override:/usr/lib/python3/dist-packages/colcon_core/task/python/colcon_distutils_commands:/home/huyjetson/mobile_robot/ros2_ws/install/amr_ai/lib/python3.10/site-packages:/home/huyjetson/mobile_robot/ros2_ws/install/amr_interfaces/lib/python3.10/site-packages:${PYTHONPATH} VIRTUAL_ENV_PROMPT=(ai_ros_venv) /usr/bin/python3 -W ignore:setup.py install is deprecated -W ignore:easy_install command is deprecated setup.py develop --uninstall --editable --build-directory /home/huyjetson/mobile_robot/ros2_ws/build/amr_ai/build
[2.206s] Invoking command in '/home/huyjetson/mobile_robot/ros2_ws/src/amr_ai': CMAKE_PREFIX_PATH=/home/huyjetson/mobile_robot/ros2_ws/install/amr_interfaces:/home/huyjetson/mobile_robot/ros2_ws/install/sllidar_ros2:/home/huyjetson/mobile_robot/ros2_ws/install/multirobot_map_merge:/home/huyjetson/mobile_robot/ros2_ws/install/explore_lite:/home/huyjetson/mobile_robot/ros2_ws/install/explore_lite_msgs:/home/huyjetson/mobile_robot/ros2_ws/install/astra_camera:/home/huyjetson/mobile_robot/ros2_ws/install/astra_camera_msgs:/home/huyjetson/mobile_robot/ros2_ws/install/amr_navigation:/home/huyjetson/mobile_robot/ros2_ws/install/amr_slam:/home/huyjetson/mobile_robot/ros2_ws/install/amr_pointcloud_filter:/home/huyjetson/mobile_robot/ros2_ws/install/amr_description:/home/huyjetson/mobile_robot/ros2_ws/install/amr_costmap_plugins:/home/huyjetson/mobile_robot/ros2_ws/install/amr_control LD_LIBRARY_PATH=/home/huyjetson/mobile_robot/ros2_ws/install/amr_interfaces/lib:/home/huyjetson/mobile_robot/ros2_ws/install/multirobot_map_merge/lib:/home/huyjetson/mobile_robot/ros2_ws/install/explore_lite_msgs/lib:/home/huyjetson/mobile_robot/ros2_ws/install/astra_camera/lib:/home/huyjetson/mobile_robot/ros2_ws/install/astra_camera_msgs/lib:/home/huyjetson/mobile_robot/ros2_ws/install/amr_costmap_plugins/lib:/opt/ros/humble/opt/rviz_ogre_vendor/lib:/opt/ros/humble/lib/aarch64-linux-gnu:/opt/ros/humble/opt/openvdb_vendor/lib:/opt/ros/humble/lib PS1=(ai_ros_venv) \[\e]0;\u@\h: \w\a\]${debian_chroot:+($debian_chroot)}\[\033[01;32m\]\u@\h\[\033[00m\]:\[\033[01;34m\]\w\[\033[00m\]\$ PYTHONPATH=/home/huyjetson/mobile_robot/ros2_ws/build/amr_ai/prefix_override:/usr/lib/python3/dist-packages/colcon_core/task/python/colcon_distutils_commands:/home/huyjetson/mobile_robot/ros2_ws/install/amr_ai/lib/python3.10/site-packages:/home/huyjetson/mobile_robot/ros2_ws/install/amr_interfaces/lib/python3.10/site-packages:${PYTHONPATH} VIRTUAL_ENV_PROMPT=(ai_ros_venv) /usr/bin/python3 -W ignore:setup.py install is deprecated -W ignore:easy_install command is deprecated setup.py egg_info --egg-base ../../build/amr_ai build --build-base /home/huyjetson/mobile_robot/ros2_ws/build/amr_ai/build install --record /home/huyjetson/mobile_robot/ros2_ws/build/amr_ai/install.log --single-version-externally-managed install_data --force
[2.689s] running egg_info
[2.690s] writing ../../build/amr_ai/amr_ai.egg-info/PKG-INFO
[2.691s] writing dependency_links to ../../build/amr_ai/amr_ai.egg-info/dependency_links.txt
[2.691s] writing entry points to ../../build/amr_ai/amr_ai.egg-info/entry_points.txt
[2.692s] writing requirements to ../../build/amr_ai/amr_ai.egg-info/requires.txt
[2.692s] writing top-level names to ../../build/amr_ai/amr_ai.egg-info/top_level.txt
[2.697s] reading manifest file '../../build/amr_ai/amr_ai.egg-info/SOURCES.txt'
[2.699s] writing manifest file '../../build/amr_ai/amr_ai.egg-info/SOURCES.txt'
[2.700s] running build
[2.700s] running build_py
[2.700s] copying amr_ai/esp32_alert_bridge_node.py -> /home/huyjetson/mobile_robot/ros2_ws/build/amr_ai/build/lib/amr_ai
[2.720s] copying amr_ai/tracking/person_tracker_node.py -> /home/huyjetson/mobile_robot/ros2_ws/build/amr_ai/build/lib/amr_ai/tracking
[2.720s] copying amr_ai/detectors/fire_smoke_detector.py -> /home/huyjetson/mobile_robot/ros2_ws/build/amr_ai/build/lib/amr_ai/detectors
[2.721s] copying amr_ai/detectors/ppe_detector.py -> /home/huyjetson/mobile_robot/ros2_ws/build/amr_ai/build/lib/amr_ai/detectors
[2.725s] copying amr_ai/detectors/ai_detector_node.py -> /home/huyjetson/mobile_robot/ros2_ws/build/amr_ai/build/lib/amr_ai/detectors
[2.737s] copying amr_ai/web/engineer_web_server.py -> /home/huyjetson/mobile_robot/ros2_ws/build/amr_ai/build/lib/amr_ai/web
[2.749s] copying amr_ai/web/web_control.py -> /home/huyjetson/mobile_robot/ros2_ws/build/amr_ai/build/lib/amr_ai/web
[2.750s] copying amr_ai/safety/cmd_vel_safety_mux_node.py -> /home/huyjetson/mobile_robot/ros2_ws/build/amr_ai/build/lib/amr_ai/safety
[2.751s] copying amr_ai/gui/gui_astra_jetson.py -> /home/huyjetson/mobile_robot/ros2_ws/build/amr_ai/build/lib/amr_ai/gui
[2.752s] copying amr_ai/gui/operator_gui_node.py -> /home/huyjetson/mobile_robot/ros2_ws/build/amr_ai/build/lib/amr_ai/gui
[2.755s] copying amr_ai/core/ai_mode_manager_node.py -> /home/huyjetson/mobile_robot/ros2_ws/build/amr_ai/build/lib/amr_ai/core
[2.756s] copying amr_ai/core/config.py -> /home/huyjetson/mobile_robot/ros2_ws/build/amr_ai/build/lib/amr_ai/core
[2.759s] running install
[2.760s] running install_lib
[2.764s] creating /home/huyjetson/mobile_robot/ros2_ws/install/amr_ai/lib/python3.10/site-packages/amr_ai/tracking
[2.764s] copying /home/huyjetson/mobile_robot/ros2_ws/build/amr_ai/build/lib/amr_ai/tracking/reid.py -> /home/huyjetson/mobile_robot/ros2_ws/install/amr_ai/lib/python3.10/site-packages/amr_ai/tracking
[2.769s] copying /home/huyjetson/mobile_robot/ros2_ws/build/amr_ai/build/lib/amr_ai/tracking/person_tracker_node.py -> /home/huyjetson/mobile_robot/ros2_ws/install/amr_ai/lib/python3.10/site-packages/amr_ai/tracking
[2.770s] copying /home/huyjetson/mobile_robot/ros2_ws/build/amr_ai/build/lib/amr_ai/tracking/__init__.py -> /home/huyjetson/mobile_robot/ros2_ws/install/amr_ai/lib/python3.10/site-packages/amr_ai/tracking
[2.770s] creating /home/huyjetson/mobile_robot/ros2_ws/install/amr_ai/lib/python3.10/site-packages/amr_ai/detectors
[2.771s] copying /home/huyjetson/mobile_robot/ros2_ws/build/amr_ai/build/lib/amr_ai/detectors/fire_smoke_detector.py -> /home/huyjetson/mobile_robot/ros2_ws/install/amr_ai/lib/python3.10/site-packages/amr_ai/detectors
[2.771s] copying /home/huyjetson/mobile_robot/ros2_ws/build/amr_ai/build/lib/amr_ai/detectors/fall_detector.py -> /home/huyjetson/mobile_robot/ros2_ws/install/amr_ai/lib/python3.10/site-packages/amr_ai/detectors
[2.772s] copying /home/huyjetson/mobile_robot/ros2_ws/build/amr_ai/build/lib/amr_ai/detectors/ppe_detector.py -> /home/huyjetson/mobile_robot/ros2_ws/install/amr_ai/lib/python3.10/site-packages/amr_ai/detectors
[2.773s] copying /home/huyjetson/mobile_robot/ros2_ws/build/amr_ai/build/lib/amr_ai/detectors/__init__.py -> /home/huyjetson/mobile_robot/ros2_ws/install/amr_ai/lib/python3.10/site-packages/amr_ai/detectors
[2.773s] copying /home/huyjetson/mobile_robot/ros2_ws/build/amr_ai/build/lib/amr_ai/detectors/ai_detector_node.py -> /home/huyjetson/mobile_robot/ros2_ws/install/amr_ai/lib/python3.10/site-packages/amr_ai/detectors
[2.774s] copying /home/huyjetson/mobile_robot/ros2_ws/build/amr_ai/build/lib/amr_ai/web/engineer_web_server.py -> /home/huyjetson/mobile_robot/ros2_ws/install/amr_ai/lib/python3.10/site-packages/amr_ai/web
[2.775s] copying /home/huyjetson/mobile_robot/ros2_ws/build/amr_ai/build/lib/amr_ai/web/web_control.py -> /home/huyjetson/mobile_robot/ros2_ws/install/amr_ai/lib/python3.10/site-packages/amr_ai/web
[2.776s] copying /home/huyjetson/mobile_robot/ros2_ws/build/amr_ai/build/lib/amr_ai/web/__init__.py -> /home/huyjetson/mobile_robot/ros2_ws/install/amr_ai/lib/python3.10/site-packages/amr_ai/web
[2.796s] creating /home/huyjetson/mobile_robot/ros2_ws/install/amr_ai/lib/python3.10/site-packages/amr_ai/safety
[2.797s] copying /home/huyjetson/mobile_robot/ros2_ws/build/amr_ai/build/lib/amr_ai/safety/ai_alert_node.py -> /home/huyjetson/mobile_robot/ros2_ws/install/amr_ai/lib/python3.10/site-packages/amr_ai/safety
[2.797s] copying /home/huyjetson/mobile_robot/ros2_ws/build/amr_ai/build/lib/amr_ai/safety/cmd_vel_safety_mux_node.py -> /home/huyjetson/mobile_robot/ros2_ws/install/amr_ai/lib/python3.10/site-packages/amr_ai/safety
[2.797s] copying /home/huyjetson/mobile_robot/ros2_ws/build/amr_ai/build/lib/amr_ai/safety/__init__.py -> /home/huyjetson/mobile_robot/ros2_ws/install/amr_ai/lib/python3.10/site-packages/amr_ai/safety
[2.798s] creating /home/huyjetson/mobile_robot/ros2_ws/install/amr_ai/lib/python3.10/site-packages/amr_ai/gui
[2.798s] copying /home/huyjetson/mobile_robot/ros2_ws/build/amr_ai/build/lib/amr_ai/gui/ai_gui_node.py -> /home/huyjetson/mobile_robot/ros2_ws/install/amr_ai/lib/python3.10/site-packages/amr_ai/gui
[2.798s] copying /home/huyjetson/mobile_robot/ros2_ws/build/amr_ai/build/lib/amr_ai/gui/gui_astra_jetson.py -> /home/huyjetson/mobile_robot/ros2_ws/install/amr_ai/lib/python3.10/site-packages/amr_ai/gui
[2.799s] copying /home/huyjetson/mobile_robot/ros2_ws/build/amr_ai/build/lib/amr_ai/gui/__init__.py -> /home/huyjetson/mobile_robot/ros2_ws/install/amr_ai/lib/python3.10/site-packages/amr_ai/gui
[2.799s] copying /home/huyjetson/mobile_robot/ros2_ws/build/amr_ai/build/lib/amr_ai/gui/operator_gui_node.py -> /home/huyjetson/mobile_robot/ros2_ws/install/amr_ai/lib/python3.10/site-packages/amr_ai/gui
[2.800s] creating /home/huyjetson/mobile_robot/ros2_ws/install/amr_ai/lib/python3.10/site-packages/amr_ai/core
[2.800s] copying /home/huyjetson/mobile_robot/ros2_ws/build/amr_ai/build/lib/amr_ai/core/image_probe_node.py -> /home/huyjetson/mobile_robot/ros2_ws/install/amr_ai/lib/python3.10/site-packages/amr_ai/core
[2.811s] copying /home/huyjetson/mobile_robot/ros2_ws/build/amr_ai/build/lib/amr_ai/core/auto_initial_pose_node.py -> /home/huyjetson/mobile_robot/ros2_ws/install/amr_ai/lib/python3.10/site-packages/amr_ai/core
[2.812s] copying /home/huyjetson/mobile_robot/ros2_ws/build/amr_ai/build/lib/amr_ai/core/ai_mode_manager_node.py -> /home/huyjetson/mobile_robot/ros2_ws/install/amr_ai/lib/python3.10/site-packages/amr_ai/core
[2.813s] copying /home/huyjetson/mobile_robot/ros2_ws/build/amr_ai/build/lib/amr_ai/core/auto_localizer_node.py -> /home/huyjetson/mobile_robot/ros2_ws/install/amr_ai/lib/python3.10/site-packages/amr_ai/core
[2.817s] copying /home/huyjetson/mobile_robot/ros2_ws/build/amr_ai/build/lib/amr_ai/core/original_ai_main_reference.py -> /home/huyjetson/mobile_robot/ros2_ws/install/amr_ai/lib/python3.10/site-packages/amr_ai/core
[2.818s] copying /home/huyjetson/mobile_robot/ros2_ws/build/amr_ai/build/lib/amr_ai/core/camera_openni.py -> /home/huyjetson/mobile_robot/ros2_ws/install/amr_ai/lib/python3.10/site-packages/amr_ai/core
[2.819s] copying /home/huyjetson/mobile_robot/ros2_ws/build/amr_ai/build/lib/amr_ai/core/__init__.py -> /home/huyjetson/mobile_robot/ros2_ws/install/amr_ai/lib/python3.10/site-packages/amr_ai/core
[2.819s] copying /home/huyjetson/mobile_robot/ros2_ws/build/amr_ai/build/lib/amr_ai/core/config.py -> /home/huyjetson/mobile_robot/ros2_ws/install/amr_ai/lib/python3.10/site-packages/amr_ai/core
[2.819s] copying /home/huyjetson/mobile_robot/ros2_ws/build/amr_ai/build/lib/amr_ai/core/utils.py -> /home/huyjetson/mobile_robot/ros2_ws/install/amr_ai/lib/python3.10/site-packages/amr_ai/core
[2.820s] copying /home/huyjetson/mobile_robot/ros2_ws/build/amr_ai/build/lib/amr_ai/__init__.py -> /home/huyjetson/mobile_robot/ros2_ws/install/amr_ai/lib/python3.10/site-packages/amr_ai
[2.821s] creating /home/huyjetson/mobile_robot/ros2_ws/install/amr_ai/lib/python3.10/site-packages/amr_ai/nav2
[2.821s] copying /home/huyjetson/mobile_robot/ros2_ws/build/amr_ai/build/lib/amr_ai/nav2/backup.py -> /home/huyjetson/mobile_robot/ros2_ws/install/amr_ai/lib/python3.10/site-packages/amr_ai/nav2
[2.822s] copying /home/huyjetson/mobile_robot/ros2_ws/build/amr_ai/build/lib/amr_ai/nav2/follow_servo_node.py -> /home/huyjetson/mobile_robot/ros2_ws/install/amr_ai/lib/python3.10/site-packages/amr_ai/nav2
[2.823s] copying /home/huyjetson/mobile_robot/ros2_ws/build/amr_ai/build/lib/amr_ai/nav2/follow_goal_node.py -> /home/huyjetson/mobile_robot/ros2_ws/install/amr_ai/lib/python3.10/site-packages/amr_ai/nav2
[2.824s] copying /home/huyjetson/mobile_robot/ros2_ws/build/amr_ai/build/lib/amr_ai/nav2/__init__.py -> /home/huyjetson/mobile_robot/ros2_ws/install/amr_ai/lib/python3.10/site-packages/amr_ai/nav2
[2.824s] copying /home/huyjetson/mobile_robot/ros2_ws/build/amr_ai/build/lib/amr_ai/esp32_alert_bridge_node.py -> /home/huyjetson/mobile_robot/ros2_ws/install/amr_ai/lib/python3.10/site-packages/amr_ai
[2.827s] byte-compiling /home/huyjetson/mobile_robot/ros2_ws/install/amr_ai/lib/python3.10/site-packages/amr_ai/tracking/reid.py to reid.cpython-310.pyc
[2.840s] byte-compiling /home/huyjetson/mobile_robot/ros2_ws/install/amr_ai/lib/python3.10/site-packages/amr_ai/tracking/person_tracker_node.py to person_tracker_node.cpython-310.pyc
[2.855s] byte-compiling /home/huyjetson/mobile_robot/ros2_ws/install/amr_ai/lib/python3.10/site-packages/amr_ai/tracking/__init__.py to __init__.cpython-310.pyc
[2.856s] byte-compiling /home/huyjetson/mobile_robot/ros2_ws/install/amr_ai/lib/python3.10/site-packages/amr_ai/detectors/fire_smoke_detector.py to fire_smoke_detector.cpython-310.pyc
[2.858s] byte-compiling /home/huyjetson/mobile_robot/ros2_ws/install/amr_ai/lib/python3.10/site-packages/amr_ai/detectors/fall_detector.py to fall_detector.cpython-310.pyc
[2.868s] byte-compiling /home/huyjetson/mobile_robot/ros2_ws/install/amr_ai/lib/python3.10/site-packages/amr_ai/detectors/ppe_detector.py to ppe_detector.cpython-310.pyc
[2.873s] byte-compiling /home/huyjetson/mobile_robot/ros2_ws/install/amr_ai/lib/python3.10/site-packages/amr_ai/detectors/__init__.py to __init__.cpython-310.pyc
[2.873s] byte-compiling /home/huyjetson/mobile_robot/ros2_ws/install/amr_ai/lib/python3.10/site-packages/amr_ai/detectors/ai_detector_node.py to ai_detector_node.cpython-310.pyc
[2.879s] byte-compiling /home/huyjetson/mobile_robot/ros2_ws/install/amr_ai/lib/python3.10/site-packages/amr_ai/web/engineer_web_server.py to engineer_web_server.cpython-310.pyc
[2.893s] byte-compiling /home/huyjetson/mobile_robot/ros2_ws/install/amr_ai/lib/python3.10/site-packages/amr_ai/web/web_control.py to web_control.cpython-310.pyc
[2.898s] byte-compiling /home/huyjetson/mobile_robot/ros2_ws/install/amr_ai/lib/python3.10/site-packages/amr_ai/web/__init__.py to __init__.cpython-310.pyc
[2.898s] byte-compiling /home/huyjetson/mobile_robot/ros2_ws/install/amr_ai/lib/python3.10/site-packages/amr_ai/safety/ai_alert_node.py to ai_alert_node.cpython-310.pyc
[2.899s] byte-compiling /home/huyjetson/mobile_robot/ros2_ws/install/amr_ai/lib/python3.10/site-packages/amr_ai/safety/cmd_vel_safety_mux_node.py to cmd_vel_safety_mux_node.cpython-310.pyc
[2.902s] byte-compiling /home/huyjetson/mobile_robot/ros2_ws/install/amr_ai/lib/python3.10/site-packages/amr_ai/safety/__init__.py to __init__.cpython-310.pyc
[2.902s] byte-compiling /home/huyjetson/mobile_robot/ros2_ws/install/amr_ai/lib/python3.10/site-packages/amr_ai/gui/ai_gui_node.py to ai_gui_node.cpython-310.pyc
[2.903s] byte-compiling /home/huyjetson/mobile_robot/ros2_ws/install/amr_ai/lib/python3.10/site-packages/amr_ai/gui/gui_astra_jetson.py to gui_astra_jetson.cpython-310.pyc
[2.909s] byte-compiling /home/huyjetson/mobile_robot/ros2_ws/install/amr_ai/lib/python3.10/site-packages/amr_ai/gui/__init__.py to __init__.cpython-310.pyc
[2.909s] byte-compiling /home/huyjetson/mobile_robot/ros2_ws/install/amr_ai/lib/python3.10/site-packages/amr_ai/gui/operator_gui_node.py to operator_gui_node.cpython-310.pyc
[2.915s] byte-compiling /home/huyjetson/mobile_robot/ros2_ws/install/amr_ai/lib/python3.10/site-packages/amr_ai/core/image_probe_node.py to image_probe_node.cpython-310.pyc
[2.917s] byte-compiling /home/huyjetson/mobile_robot/ros2_ws/install/amr_ai/lib/python3.10/site-packages/amr_ai/core/auto_initial_pose_node.py to auto_initial_pose_node.cpython-310.pyc
[2.918s] byte-compiling /home/huyjetson/mobile_robot/ros2_ws/install/amr_ai/lib/python3.10/site-packages/amr_ai/core/ai_mode_manager_node.py to ai_mode_manager_node.cpython-310.pyc
[2.923s] byte-compiling /home/huyjetson/mobile_robot/ros2_ws/install/amr_ai/lib/python3.10/site-packages/amr_ai/core/auto_localizer_node.py to auto_localizer_node.cpython-310.pyc
[2.925s] byte-compiling /home/huyjetson/mobile_robot/ros2_ws/install/amr_ai/lib/python3.10/site-packages/amr_ai/core/original_ai_main_reference.py to original_ai_main_reference.cpython-310.pyc
[2.927s] byte-compiling /home/huyjetson/mobile_robot/ros2_ws/install/amr_ai/lib/python3.10/site-packages/amr_ai/core/camera_openni.py to camera_openni.cpython-310.pyc
[2.928s] byte-compiling /home/huyjetson/mobile_robot/ros2_ws/install/amr_ai/lib/python3.10/site-packages/amr_ai/core/__init__.py to __init__.cpython-310.pyc
[2.928s] byte-compiling /home/huyjetson/mobile_robot/ros2_ws/install/amr_ai/lib/python3.10/site-packages/amr_ai/core/config.py to config.cpython-310.pyc
[2.929s] byte-compiling /home/huyjetson/mobile_robot/ros2_ws/install/amr_ai/lib/python3.10/site-packages/amr_ai/core/utils.py to utils.cpython-310.pyc
[2.932s] byte-compiling /home/huyjetson/mobile_robot/ros2_ws/install/amr_ai/lib/python3.10/site-packages/amr_ai/__init__.py to __init__.cpython-310.pyc
[2.932s] byte-compiling /home/huyjetson/mobile_robot/ros2_ws/install/amr_ai/lib/python3.10/site-packages/amr_ai/nav2/backup.py to backup.cpython-310.pyc
[2.935s] byte-compiling /home/huyjetson/mobile_robot/ros2_ws/install/amr_ai/lib/python3.10/site-packages/amr_ai/nav2/follow_servo_node.py to follow_servo_node.cpython-310.pyc
[2.938s] byte-compiling /home/huyjetson/mobile_robot/ros2_ws/install/amr_ai/lib/python3.10/site-packages/amr_ai/nav2/follow_goal_node.py to follow_goal_node.cpython-310.pyc
[2.941s] byte-compiling /home/huyjetson/mobile_robot/ros2_ws/install/amr_ai/lib/python3.10/site-packages/amr_ai/nav2/__init__.py to __init__.cpython-310.pyc
[2.941s] byte-compiling /home/huyjetson/mobile_robot/ros2_ws/install/amr_ai/lib/python3.10/site-packages/amr_ai/esp32_alert_bridge_node.py to esp32_alert_bridge_node.cpython-310.pyc
[2.944s] running install_data
[2.944s] copying resource/amr_ai -> /home/huyjetson/mobile_robot/ros2_ws/install/amr_ai/share/ament_index/resource_index/packages
[2.946s] copying package.xml -> /home/huyjetson/mobile_robot/ros2_ws/install/amr_ai/share/amr_ai
[2.947s] copying launch/amr_ai.launch.py -> /home/huyjetson/mobile_robot/ros2_ws/install/amr_ai/share/amr_ai/launch
[2.948s] copying config/ai_params.yaml -> /home/huyjetson/mobile_robot/ros2_ws/install/amr_ai/share/amr_ai/config
[2.949s] copying models/fire_smoke_s.engine -> /home/huyjetson/mobile_robot/ros2_ws/install/amr_ai/share/amr_ai/models
[3.042s] copying models/ppe_s.engine -> /home/huyjetson/mobile_robot/ros2_ws/install/amr_ai/share/amr_ai/models
[3.108s] copying models/yolo26n-pose.engine -> /home/huyjetson/mobile_robot/ros2_ws/install/amr_ai/share/amr_ai/models
[3.144s] copying models/yolo26n.engine -> /home/huyjetson/mobile_robot/ros2_ws/install/amr_ai/share/amr_ai/models
[3.299s] running install_egg_info
[3.313s] Copying ../../build/amr_ai/amr_ai.egg-info to /home/huyjetson/mobile_robot/ros2_ws/install/amr_ai/lib/python3.10/site-packages/amr_ai-0.0.1-py3.10.egg-info
[3.319s] running install_scripts
[3.382s] Installing ai_detector script to /home/huyjetson/mobile_robot/ros2_ws/install/amr_ai/lib/amr_ai
[3.382s] Installing ai_image_probe script to /home/huyjetson/mobile_robot/ros2_ws/install/amr_ai/lib/amr_ai
[3.382s] Installing ai_mode_manager script to /home/huyjetson/mobile_robot/ros2_ws/install/amr_ai/lib/amr_ai
[3.383s] Installing auto_initial_pose script to /home/huyjetson/mobile_robot/ros2_ws/install/amr_ai/lib/amr_ai
[3.383s] Installing auto_localizer script to /home/huyjetson/mobile_robot/ros2_ws/install/amr_ai/lib/amr_ai
[3.383s] Installing cmd_vel_safety_mux script to /home/huyjetson/mobile_robot/ros2_ws/install/amr_ai/lib/amr_ai
[3.384s] Installing engineer_web script to /home/huyjetson/mobile_robot/ros2_ws/install/amr_ai/lib/amr_ai
[3.384s] Installing esp32_alert_bridge script to /home/huyjetson/mobile_robot/ros2_ws/install/amr_ai/lib/amr_ai
[3.384s] Installing follow_goal script to /home/huyjetson/mobile_robot/ros2_ws/install/amr_ai/lib/amr_ai
[3.384s] Installing follow_servo script to /home/huyjetson/mobile_robot/ros2_ws/install/amr_ai/lib/amr_ai
[3.384s] Installing operator_gui script to /home/huyjetson/mobile_robot/ros2_ws/install/amr_ai/lib/amr_ai
[3.385s] Installing person_tracker script to /home/huyjetson/mobile_robot/ros2_ws/install/amr_ai/lib/amr_ai
[3.385s] Installing web_control script to /home/huyjetson/mobile_robot/ros2_ws/install/amr_ai/lib/amr_ai
[3.387s] writing list of installed files to '/home/huyjetson/mobile_robot/ros2_ws/build/amr_ai/install.log'
[3.462s] Invoked command in '/home/huyjetson/mobile_robot/ros2_ws/src/amr_ai' returned '0': CMAKE_PREFIX_PATH=/home/huyjetson/mobile_robot/ros2_ws/install/amr_interfaces:/home/huyjetson/mobile_robot/ros2_ws/install/sllidar_ros2:/home/huyjetson/mobile_robot/ros2_ws/install/multirobot_map_merge:/home/huyjetson/mobile_robot/ros2_ws/install/explore_lite:/home/huyjetson/mobile_robot/ros2_ws/install/explore_lite_msgs:/home/huyjetson/mobile_robot/ros2_ws/install/astra_camera:/home/huyjetson/mobile_robot/ros2_ws/install/astra_camera_msgs:/home/huyjetson/mobile_robot/ros2_ws/install/amr_navigation:/home/huyjetson/mobile_robot/ros2_ws/install/amr_slam:/home/huyjetson/mobile_robot/ros2_ws/install/amr_pointcloud_filter:/home/huyjetson/mobile_robot/ros2_ws/install/amr_description:/home/huyjetson/mobile_robot/ros2_ws/install/amr_costmap_plugins:/home/huyjetson/mobile_robot/ros2_ws/install/amr_control LD_LIBRARY_PATH=/home/huyjetson/mobile_robot/ros2_ws/install/amr_interfaces/lib:/home/huyjetson/mobile_robot/ros2_ws/install/multirobot_map_merge/lib:/home/huyjetson/mobile_robot/ros2_ws/install/explore_lite_msgs/lib:/home/huyjetson/mobile_robot/ros2_ws/install/astra_camera/lib:/home/huyjetson/mobile_robot/ros2_ws/install/astra_camera_msgs/lib:/home/huyjetson/mobile_robot/ros2_ws/install/amr_costmap_plugins/lib:/opt/ros/humble/opt/rviz_ogre_vendor/lib:/opt/ros/humble/lib/aarch64-linux-gnu:/opt/ros/humble/opt/openvdb_vendor/lib:/opt/ros/humble/lib PS1=(ai_ros_venv) \[\e]0;\u@\h: \w\a\]${debian_chroot:+($debian_chroot)}\[\033[01;32m\]\u@\h\[\033[00m\]:\[\033[01;34m\]\w\[\033[00m\]\$ PYTHONPATH=/home/huyjetson/mobile_robot/ros2_ws/build/amr_ai/prefix_override:/usr/lib/python3/dist-packages/colcon_core/task/python/colcon_distutils_commands:/home/huyjetson/mobile_robot/ros2_ws/install/amr_ai/lib/python3.10/site-packages:/home/huyjetson/mobile_robot/ros2_ws/install/amr_interfaces/lib/python3.10/site-packages:${PYTHONPATH} VIRTUAL_ENV_PROMPT=(ai_ros_venv) /usr/bin/python3 -W ignore:setup.py install is deprecated -W ignore:easy_install command is deprecated setup.py egg_info --egg-base ../../build/amr_ai build --build-base /home/huyjetson/mobile_robot/ros2_ws/build/amr_ai/build install --record /home/huyjetson/mobile_robot/ros2_ws/build/amr_ai/install.log --single-version-externally-managed install_data --force
