-- The C compiler identification is GNU 11.4.0
-- The CXX compiler identification is GNU 11.4.0
-- Detecting C compiler ABI info
-- Detecting C compiler ABI info - done
-- Check for working C compiler: /usr/bin/cc - skipped
-- Detecting C compile features
-- Detecting C compile features - done
-- Detecting CXX compiler ABI info
-- Detecting CXX compiler ABI info - done
-- Check for working CXX compiler: /usr/bin/c++ - skipped
-- Detecting CXX compile features
-- Detecting CXX compile features - done
-- Found ament_cmake: 1.3.14 (/opt/ros/humble/share/ament_cmake/cmake)
-- Found Python3: /home/huyjetson/mobile_robot/ai_ros_venv/bin/python3 (found version "3.10.12") found components: Interpreter 
-- Override CMake install command with custom implementation using symlinks instead of copying resources
-- Found rosidl_default_generators: 1.2.1 (/opt/ros/humble/share/rosidl_default_generators/cmake)
-- Using all available rosidl_typesupport_c: rosidl_typesupport_fastrtps_c;rosidl_typesupport_introspection_c
-- Found rosidl_adapter: 3.1.8 (/opt/ros/humble/share/rosidl_adapter/cmake)
-- Using all available rosidl_typesupport_cpp: rosidl_typesupport_fastrtps_cpp;rosidl_typesupport_introspection_cpp
-- Found std_msgs: 4.9.1 (/opt/ros/humble/share/std_msgs/cmake)
-- Found geometry_msgs: 4.9.1 (/opt/ros/humble/share/geometry_msgs/cmake)
-- Found sensor_msgs: 4.9.1 (/opt/ros/humble/share/sensor_msgs/cmake)
-- Found ament_cmake_ros: 0.10.0 (/opt/ros/humble/share/ament_cmake_ros/cmake)
-- Using all available rosidl_typesupport_c: rosidl_typesupport_fastrtps_c;rosidl_typesupport_introspection_c
-- Using all available rosidl_typesupport_cpp: rosidl_typesupport_fastrtps_cpp;rosidl_typesupport_introspection_cpp
-- Found PythonInterp: /home/huyjetson/mobile_robot/ai_ros_venv/bin/python3 (found suitable version "3.10.12", minimum required is "3.6") 
-- Found python_cmake_module: 0.10.0 (/opt/ros/humble/share/python_cmake_module/cmake)
-- Found PythonLibs: /usr/lib/aarch64-linux-gnu/libpython3.10.so (found suitable version "3.10.12", minimum required is "3.5") 
-- Using PYTHON_EXECUTABLE: /home/huyjetson/mobile_robot/ai_ros_venv/bin/python3
-- Using PYTHON_INCLUDE_DIRS: /usr/include/python3.10
-- Using PYTHON_LIBRARIES: /usr/lib/aarch64-linux-gnu/libpython3.10.so
-- Found PythonExtra: .so  
-- Configuring done
-- Generating done
-- Build files have been written to: /home/huyjetson/mobile_robot/ros2_ws/build/amr_interfaces
[  1%] [34m[1mGenerating C code for ROS interfaces[0m
[  3%] [34m[1mGenerating Rust code for ROS interfaces[0m
[  4%] [34m[1mGenerating C++ code for ROS interfaces[0m
[  4%] Built target ament_cmake_python_symlink_amr_interfaces
running egg_info
creating amr_interfaces.egg-info
writing amr_interfaces.egg-info/PKG-INFO
writing dependency_links to amr_interfaces.egg-info/dependency_links.txt
writing top-level names to amr_interfaces.egg-info/top_level.txt
writing manifest file 'amr_interfaces.egg-info/SOURCES.txt'
reading manifest file 'amr_interfaces.egg-info/SOURCES.txt'
writing manifest file 'amr_interfaces.egg-info/SOURCES.txt'
[  4%] Built target ament_cmake_python_build_amr_interfaces_egg
[  4%] Built target amr_interfaces__rs
[  6%] [32mBuilding C object CMakeFiles/amr_interfaces__rosidl_generator_c.dir/rosidl_generator_c/amr_interfaces/msg/detail/ai_alert__functions.c.o[0m
[  9%] [32mBuilding C object CMakeFiles/amr_interfaces__rosidl_generator_c.dir/rosidl_generator_c/amr_interfaces/msg/detail/person_target__functions.c.o[0m
[  9%] [32mBuilding C object CMakeFiles/amr_interfaces__rosidl_generator_c.dir/rosidl_generator_c/amr_interfaces/msg/detail/ai_mode__functions.c.o[0m
[ 10%] [32mBuilding C object CMakeFiles/amr_interfaces__rosidl_generator_c.dir/rosidl_generator_c/amr_interfaces/srv/detail/set_ai_mode__functions.c.o[0m
[ 12%] [32mBuilding C object CMakeFiles/amr_interfaces__rosidl_generator_c.dir/rosidl_generator_c/amr_interfaces/srv/detail/select_zone__functions.c.o[0m
[ 12%] Built target amr_interfaces__cpp
[ 14%] [34m[1mGenerating C++ type support for eProsima Fast-RTPS[0m
[ 15%] [34m[1mGenerating C++ introspection for ROS interfaces[0m
[ 18%] [32m[1mLinking C shared library libamr_interfaces__rosidl_generator_c.so[0m
[ 18%] [34m[1mGenerating C++ type support dispatch for ROS interfaces[0m
[ 18%] Built target amr_interfaces__rosidl_generator_c
[ 21%] [34m[1mGenerating C type support for eProsima Fast-RTPS[0m
[ 23%] [34m[1mGenerating C introspection for ROS interfaces[0m
[ 23%] [34m[1mGenerating C type support dispatch for ROS interfaces[0m
[ 25%] [32mBuilding CXX object CMakeFiles/amr_interfaces__rosidl_typesupport_cpp.dir/rosidl_typesupport_cpp/amr_interfaces/msg/ai_alert__type_support.cpp.o[0m
[ 26%] [32mBuilding CXX object CMakeFiles/amr_interfaces__rosidl_typesupport_c.dir/rosidl_typesupport_c/amr_interfaces/msg/ai_alert__type_support.cpp.o[0m
[ 28%] [32mBuilding CXX object CMakeFiles/amr_interfaces__rosidl_typesupport_introspection_cpp.dir/rosidl_typesupport_introspection_cpp/amr_interfaces/msg/detail/ai_alert__type_support.cpp.o[0m
[ 29%] [32mBuilding CXX object CMakeFiles/amr_interfaces__rosidl_typesupport_c.dir/rosidl_typesupport_c/amr_interfaces/msg/ai_mode__type_support.cpp.o[0m
[ 31%] [32mBuilding CXX object CMakeFiles/amr_interfaces__rosidl_typesupport_fastrtps_cpp.dir/rosidl_typesupport_fastrtps_cpp/amr_interfaces/msg/detail/dds_fastrtps/ai_alert__type_support.cpp.o[0m
[ 32%] [32mBuilding CXX object CMakeFiles/amr_interfaces__rosidl_typesupport_c.dir/rosidl_typesupport_c/amr_interfaces/msg/person_target__type_support.cpp.o[0m
[ 34%] [32mBuilding C object CMakeFiles/amr_interfaces__rosidl_typesupport_introspection_c.dir/rosidl_typesupport_introspection_c/amr_interfaces/msg/detail/ai_alert__type_support.c.o[0m
[ 35%] [32mBuilding CXX object CMakeFiles/amr_interfaces__rosidl_typesupport_c.dir/rosidl_typesupport_c/amr_interfaces/srv/set_ai_mode__type_support.cpp.o[0m
[ 37%] [32mBuilding CXX object CMakeFiles/amr_interfaces__rosidl_typesupport_fastrtps_c.dir/rosidl_typesupport_fastrtps_c/amr_interfaces/msg/detail/ai_alert__type_support_c.cpp.o[0m
[ 39%] [32mBuilding CXX object CMakeFiles/amr_interfaces__rosidl_typesupport_c.dir/rosidl_typesupport_c/amr_interfaces/srv/select_zone__type_support.cpp.o[0m
[ 40%] [32mBuilding C object CMakeFiles/amr_interfaces__rosidl_typesupport_introspection_c.dir/rosidl_typesupport_introspection_c/amr_interfaces/msg/detail/ai_mode__type_support.c.o[0m
[ 42%] [32m[1mLinking CXX shared library libamr_interfaces__rosidl_typesupport_c.so[0m
[ 43%] [32mBuilding C object CMakeFiles/amr_interfaces__rosidl_typesupport_introspection_c.dir/rosidl_typesupport_introspection_c/amr_interfaces/msg/detail/person_target__type_support.c.o[0m
[ 43%] Built target amr_interfaces__rosidl_typesupport_c
[ 45%] [32mBuilding C object CMakeFiles/amr_interfaces__rosidl_typesupport_introspection_c.dir/rosidl_typesupport_introspection_c/amr_interfaces/srv/detail/set_ai_mode__type_support.c.o[0m
[ 46%] [32mBuilding C object CMakeFiles/amr_interfaces__rosidl_typesupport_introspection_c.dir/rosidl_typesupport_introspection_c/amr_interfaces/srv/detail/select_zone__type_support.c.o[0m
[ 48%] [32mBuilding CXX object CMakeFiles/amr_interfaces__rosidl_typesupport_introspection_cpp.dir/rosidl_typesupport_introspection_cpp/amr_interfaces/msg/detail/ai_mode__type_support.cpp.o[0m
[ 50%] [32m[1mLinking C shared library libamr_interfaces__rosidl_typesupport_introspection_c.so[0m
[ 50%] Built target amr_interfaces__rosidl_typesupport_introspection_c
[ 51%] [32mBuilding CXX object CMakeFiles/amr_interfaces__rosidl_typesupport_introspection_cpp.dir/rosidl_typesupport_introspection_cpp/amr_interfaces/msg/detail/person_target__type_support.cpp.o[0m
[ 53%] [32mBuilding CXX object CMakeFiles/amr_interfaces__rosidl_typesupport_cpp.dir/rosidl_typesupport_cpp/amr_interfaces/msg/ai_mode__type_support.cpp.o[0m
[ 56%] [32mBuilding CXX object CMakeFiles/amr_interfaces__rosidl_typesupport_cpp.dir/rosidl_typesupport_cpp/amr_interfaces/msg/person_target__type_support.cpp.o[0m
[ 56%] [32mBuilding CXX object CMakeFiles/amr_interfaces__rosidl_typesupport_introspection_cpp.dir/rosidl_typesupport_introspection_cpp/amr_interfaces/srv/detail/set_ai_mode__type_support.cpp.o[0m
[ 57%] [32mBuilding CXX object CMakeFiles/amr_interfaces__rosidl_typesupport_introspection_cpp.dir/rosidl_typesupport_introspection_cpp/amr_interfaces/srv/detail/select_zone__type_support.cpp.o[0m
[ 59%] [32mBuilding CXX object CMakeFiles/amr_interfaces__rosidl_typesupport_fastrtps_cpp.dir/rosidl_typesupport_fastrtps_cpp/amr_interfaces/msg/detail/dds_fastrtps/ai_mode__type_support.cpp.o[0m
[ 60%] [32mBuilding CXX object CMakeFiles/amr_interfaces__rosidl_typesupport_fastrtps_c.dir/rosidl_typesupport_fastrtps_c/amr_interfaces/msg/detail/ai_mode__type_support_c.cpp.o[0m
[ 62%] [32mBuilding CXX object CMakeFiles/amr_interfaces__rosidl_typesupport_fastrtps_cpp.dir/rosidl_typesupport_fastrtps_cpp/amr_interfaces/msg/detail/dds_fastrtps/person_target__type_support.cpp.o[0m
[ 64%] [32mBuilding CXX object CMakeFiles/amr_interfaces__rosidl_typesupport_cpp.dir/rosidl_typesupport_cpp/amr_interfaces/srv/set_ai_mode__type_support.cpp.o[0m
[ 65%] [32mBuilding CXX object CMakeFiles/amr_interfaces__rosidl_typesupport_fastrtps_c.dir/rosidl_typesupport_fastrtps_c/amr_interfaces/msg/detail/person_target__type_support_c.cpp.o[0m
[ 67%] [32mBuilding CXX object CMakeFiles/amr_interfaces__rosidl_typesupport_fastrtps_c.dir/rosidl_typesupport_fastrtps_c/amr_interfaces/srv/detail/set_ai_mode__type_support_c.cpp.o[0m
[ 68%] [32m[1mLinking CXX shared library libamr_interfaces__rosidl_typesupport_introspection_cpp.so[0m
[ 70%] [32mBuilding CXX object CMakeFiles/amr_interfaces__rosidl_typesupport_fastrtps_cpp.dir/rosidl_typesupport_fastrtps_cpp/amr_interfaces/srv/detail/dds_fastrtps/set_ai_mode__type_support.cpp.o[0m
[ 70%] Built target amr_interfaces__rosidl_typesupport_introspection_cpp
[ 71%] [32mBuilding CXX object CMakeFiles/amr_interfaces__rosidl_typesupport_cpp.dir/rosidl_typesupport_cpp/amr_interfaces/srv/select_zone__type_support.cpp.o[0m
[ 73%] [32mBuilding CXX object CMakeFiles/amr_interfaces__rosidl_typesupport_fastrtps_cpp.dir/rosidl_typesupport_fastrtps_cpp/amr_interfaces/srv/detail/dds_fastrtps/select_zone__type_support.cpp.o[0m
[ 75%] [32mBuilding CXX object CMakeFiles/amr_interfaces__rosidl_typesupport_fastrtps_c.dir/rosidl_typesupport_fastrtps_c/amr_interfaces/srv/detail/select_zone__type_support_c.cpp.o[0m
[ 76%] [32m[1mLinking CXX shared library libamr_interfaces__rosidl_typesupport_cpp.so[0m
[ 76%] Built target amr_interfaces__rosidl_typesupport_cpp
[ 78%] [32m[1mLinking CXX shared library libamr_interfaces__rosidl_typesupport_fastrtps_cpp.so[0m
[ 79%] [32m[1mLinking CXX shared library libamr_interfaces__rosidl_typesupport_fastrtps_c.so[0m
[ 79%] Built target amr_interfaces__rosidl_typesupport_fastrtps_cpp
[ 79%] Built target amr_interfaces__rosidl_typesupport_fastrtps_c
[ 79%] Built target amr_interfaces
[ 81%] [34m[1mGenerating Python code for ROS interfaces[0m
[ 81%] Built target amr_interfaces__py
[ 85%] [32mBuilding C object CMakeFiles/amr_interfaces__rosidl_generator_py.dir/rosidl_generator_py/amr_interfaces/msg/_ai_mode_s.c.o[0m
[ 85%] [32mBuilding C object CMakeFiles/amr_interfaces__rosidl_generator_py.dir/rosidl_generator_py/amr_interfaces/srv/_select_zone_s.c.o[0m
[ 85%] [32mBuilding C object CMakeFiles/amr_interfaces__rosidl_generator_py.dir/rosidl_generator_py/amr_interfaces/msg/_ai_alert_s.c.o[0m
[ 87%] [32mBuilding C object CMakeFiles/amr_interfaces__rosidl_generator_py.dir/rosidl_generator_py/amr_interfaces/msg/_person_target_s.c.o[0m
[ 89%] [32mBuilding C object CMakeFiles/amr_interfaces__rosidl_generator_py.dir/rosidl_generator_py/amr_interfaces/srv/_set_ai_mode_s.c.o[0m
[ 90%] [32m[1mLinking C shared library rosidl_generator_py/amr_interfaces/libamr_interfaces__rosidl_generator_py.so[0m
[ 90%] Built target amr_interfaces__rosidl_generator_py
[ 95%] [32mBuilding C object CMakeFiles/amr_interfaces__rosidl_typesupport_fastrtps_c__pyext.dir/rosidl_generator_py/amr_interfaces/_amr_interfaces_s.ep.rosidl_typesupport_fastrtps_c.c.o[0m
[ 95%] [32mBuilding C object CMakeFiles/amr_interfaces__rosidl_typesupport_c__pyext.dir/rosidl_generator_py/amr_interfaces/_amr_interfaces_s.ep.rosidl_typesupport_c.c.o[0m
[ 95%] [32mBuilding C object CMakeFiles/amr_interfaces__rosidl_typesupport_introspection_c__pyext.dir/rosidl_generator_py/amr_interfaces/_amr_interfaces_s.ep.rosidl_typesupport_introspection_c.c.o[0m
[ 98%] [32m[1mLinking C shared library rosidl_generator_py/amr_interfaces/amr_interfaces_s__rosidl_typesupport_c.cpython-310-aarch64-linux-gnu.so[0m
[ 98%] [32m[1mLinking C shared library rosidl_generator_py/amr_interfaces/amr_interfaces_s__rosidl_typesupport_introspection_c.cpython-310-aarch64-linux-gnu.so[0m
[100%] [32m[1mLinking C shared library rosidl_generator_py/amr_interfaces/amr_interfaces_s__rosidl_typesupport_fastrtps_c.cpython-310-aarch64-linux-gnu.so[0m
[100%] Built target amr_interfaces__rosidl_typesupport_introspection_c__pyext
[100%] Built target amr_interfaces__rosidl_typesupport_c__pyext
[100%] Built target amr_interfaces__rosidl_typesupport_fastrtps_c__pyext
-- Install configuration: ""
-- Execute custom install script
-- Symlinking: /home/huyjetson/mobile_robot/ros2_ws/install/amr_interfaces/share/ament_index/resource_index/rosidl_interfaces/amr_interfaces
-- Symlinking: /home/huyjetson/mobile_robot/ros2_ws/install/amr_interfaces/include/amr_interfaces/amr_interfaces/msg/ai_alert.h
-- Symlinking: /home/huyjetson/mobile_robot/ros2_ws/install/amr_interfaces/include/amr_interfaces/amr_interfaces/msg/ai_mode.h
-- Symlinking: /home/huyjetson/mobile_robot/ros2_ws/install/amr_interfaces/include/amr_interfaces/amr_interfaces/msg/detail/ai_alert__functions.h
-- Symlinking: /home/huyjetson/mobile_robot/ros2_ws/install/amr_interfaces/include/amr_interfaces/amr_interfaces/msg/detail/ai_alert__struct.h
-- Symlinking: /home/huyjetson/mobile_robot/ros2_ws/install/amr_interfaces/include/amr_interfaces/amr_interfaces/msg/detail/ai_alert__type_support.h
-- Symlinking: /home/huyjetson/mobile_robot/ros2_ws/install/amr_interfaces/include/amr_interfaces/amr_interfaces/msg/detail/ai_mode__functions.h
-- Symlinking: /home/huyjetson/mobile_robot/ros2_ws/install/amr_interfaces/include/amr_interfaces/amr_interfaces/msg/detail/ai_mode__struct.h
-- Symlinking: /home/huyjetson/mobile_robot/ros2_ws/install/amr_interfaces/include/amr_interfaces/amr_interfaces/msg/detail/ai_mode__type_support.h
-- Symlinking: /home/huyjetson/mobile_robot/ros2_ws/install/amr_interfaces/include/amr_interfaces/amr_interfaces/msg/detail/person_target__functions.h
-- Symlinking: /home/huyjetson/mobile_robot/ros2_ws/install/amr_interfaces/include/amr_interfaces/amr_interfaces/msg/detail/person_target__struct.h
-- Symlinking: /home/huyjetson/mobile_robot/ros2_ws/install/amr_interfaces/include/amr_interfaces/amr_interfaces/msg/detail/person_target__type_support.h
-- Symlinking: /home/huyjetson/mobile_robot/ros2_ws/install/amr_interfaces/include/amr_interfaces/amr_interfaces/msg/person_target.h
-- Symlinking: /home/huyjetson/mobile_robot/ros2_ws/install/amr_interfaces/include/amr_interfaces/amr_interfaces/msg/rosidl_generator_c__visibility_control.h
-- Symlinking: /home/huyjetson/mobile_robot/ros2_ws/install/amr_interfaces/include/amr_interfaces/amr_interfaces/srv/detail/select_zone__functions.h
-- Symlinking: /home/huyjetson/mobile_robot/ros2_ws/install/amr_interfaces/include/amr_interfaces/amr_interfaces/srv/detail/select_zone__struct.h
-- Symlinking: /home/huyjetson/mobile_robot/ros2_ws/install/amr_interfaces/include/amr_interfaces/amr_interfaces/srv/detail/select_zone__type_support.h
-- Symlinking: /home/huyjetson/mobile_robot/ros2_ws/install/amr_interfaces/include/amr_interfaces/amr_interfaces/srv/detail/set_ai_mode__functions.h
-- Symlinking: /home/huyjetson/mobile_robot/ros2_ws/install/amr_interfaces/include/amr_interfaces/amr_interfaces/srv/detail/set_ai_mode__struct.h
-- Symlinking: /home/huyjetson/mobile_robot/ros2_ws/install/amr_interfaces/include/amr_interfaces/amr_interfaces/srv/detail/set_ai_mode__type_support.h
-- Symlinking: /home/huyjetson/mobile_robot/ros2_ws/install/amr_interfaces/include/amr_interfaces/amr_interfaces/srv/select_zone.h
-- Symlinking: /home/huyjetson/mobile_robot/ros2_ws/install/amr_interfaces/include/amr_interfaces/amr_interfaces/srv/set_ai_mode.h
-- Symlinking: /home/huyjetson/mobile_robot/ros2_ws/install/amr_interfaces/share/amr_interfaces/environment/library_path.sh
-- Symlinking: /home/huyjetson/mobile_robot/ros2_ws/install/amr_interfaces/share/amr_interfaces/environment/library_path.dsv
-- Symlinking: /home/huyjetson/mobile_robot/ros2_ws/install/amr_interfaces/include/amr_interfaces/amr_interfaces/msg/detail/ai_alert__rosidl_typesupport_fastrtps_c.h
-- Symlinking: /home/huyjetson/mobile_robot/ros2_ws/install/amr_interfaces/include/amr_interfaces/amr_interfaces/msg/detail/ai_mode__rosidl_typesupport_fastrtps_c.h
-- Symlinking: /home/huyjetson/mobile_robot/ros2_ws/install/amr_interfaces/include/amr_interfaces/amr_interfaces/msg/detail/person_target__rosidl_typesupport_fastrtps_c.h
-- Symlinking: /home/huyjetson/mobile_robot/ros2_ws/install/amr_interfaces/include/amr_interfaces/amr_interfaces/msg/rosidl_typesupport_fastrtps_c__visibility_control.h
-- Symlinking: /home/huyjetson/mobile_robot/ros2_ws/install/amr_interfaces/include/amr_interfaces/amr_interfaces/srv/detail/select_zone__rosidl_typesupport_fastrtps_c.h
-- Symlinking: /home/huyjetson/mobile_robot/ros2_ws/install/amr_interfaces/include/amr_interfaces/amr_interfaces/srv/detail/set_ai_mode__rosidl_typesupport_fastrtps_c.h
-- Symlinking: /home/huyjetson/mobile_robot/ros2_ws/install/amr_interfaces/include/amr_interfaces/amr_interfaces/msg/detail/ai_alert__rosidl_typesupport_introspection_c.h
-- Symlinking: /home/huyjetson/mobile_robot/ros2_ws/install/amr_interfaces/include/amr_interfaces/amr_interfaces/msg/detail/ai_mode__rosidl_typesupport_introspection_c.h
-- Symlinking: /home/huyjetson/mobile_robot/ros2_ws/install/amr_interfaces/include/amr_interfaces/amr_interfaces/msg/detail/person_target__rosidl_typesupport_introspection_c.h
-- Symlinking: /home/huyjetson/mobile_robot/ros2_ws/install/amr_interfaces/include/amr_interfaces/amr_interfaces/msg/rosidl_typesupport_introspection_c__visibility_control.h
-- Symlinking: /home/huyjetson/mobile_robot/ros2_ws/install/amr_interfaces/include/amr_interfaces/amr_interfaces/srv/detail/select_zone__rosidl_typesupport_introspection_c.h
-- Symlinking: /home/huyjetson/mobile_robot/ros2_ws/install/amr_interfaces/include/amr_interfaces/amr_interfaces/srv/detail/set_ai_mode__rosidl_typesupport_introspection_c.h
-- Symlinking: /home/huyjetson/mobile_robot/ros2_ws/install/amr_interfaces/include/amr_interfaces/amr_interfaces/msg/ai_alert.hpp
-- Symlinking: /home/huyjetson/mobile_robot/ros2_ws/install/amr_interfaces/include/amr_interfaces/amr_interfaces/msg/ai_mode.hpp
-- Symlinking: /home/huyjetson/mobile_robot/ros2_ws/install/amr_interfaces/include/amr_interfaces/amr_interfaces/msg/detail/ai_alert__builder.hpp
-- Symlinking: /home/huyjetson/mobile_robot/ros2_ws/install/amr_interfaces/include/amr_interfaces/amr_interfaces/msg/detail/ai_alert__struct.hpp
-- Symlinking: /home/huyjetson/mobile_robot/ros2_ws/install/amr_interfaces/include/amr_interfaces/amr_interfaces/msg/detail/ai_alert__traits.hpp
-- Symlinking: /home/huyjetson/mobile_robot/ros2_ws/install/amr_interfaces/include/amr_interfaces/amr_interfaces/msg/detail/ai_alert__type_support.hpp
-- Symlinking: /home/huyjetson/mobile_robot/ros2_ws/install/amr_interfaces/include/amr_interfaces/amr_interfaces/msg/detail/ai_mode__builder.hpp
-- Symlinking: /home/huyjetson/mobile_robot/ros2_ws/install/amr_interfaces/include/amr_interfaces/amr_interfaces/msg/detail/ai_mode__struct.hpp
-- Symlinking: /home/huyjetson/mobile_robot/ros2_ws/install/amr_interfaces/include/amr_interfaces/amr_interfaces/msg/detail/ai_mode__traits.hpp
-- Symlinking: /home/huyjetson/mobile_robot/ros2_ws/install/amr_interfaces/include/amr_interfaces/amr_interfaces/msg/detail/ai_mode__type_support.hpp
-- Symlinking: /home/huyjetson/mobile_robot/ros2_ws/install/amr_interfaces/include/amr_interfaces/amr_interfaces/msg/detail/person_target__builder.hpp
-- Symlinking: /home/huyjetson/mobile_robot/ros2_ws/install/amr_interfaces/include/amr_interfaces/amr_interfaces/msg/detail/person_target__struct.hpp
-- Symlinking: /home/huyjetson/mobile_robot/ros2_ws/install/amr_interfaces/include/amr_interfaces/amr_interfaces/msg/detail/person_target__traits.hpp
-- Symlinking: /home/huyjetson/mobile_robot/ros2_ws/install/amr_interfaces/include/amr_interfaces/amr_interfaces/msg/detail/person_target__type_support.hpp
-- Symlinking: /home/huyjetson/mobile_robot/ros2_ws/install/amr_interfaces/include/amr_interfaces/amr_interfaces/msg/person_target.hpp
-- Symlinking: /home/huyjetson/mobile_robot/ros2_ws/install/amr_interfaces/include/amr_interfaces/amr_interfaces/msg/rosidl_generator_cpp__visibility_control.hpp
-- Symlinking: /home/huyjetson/mobile_robot/ros2_ws/install/amr_interfaces/include/amr_interfaces/amr_interfaces/srv/detail/select_zone__builder.hpp
-- Symlinking: /home/huyjetson/mobile_robot/ros2_ws/install/amr_interfaces/include/amr_interfaces/amr_interfaces/srv/detail/select_zone__struct.hpp
-- Symlinking: /home/huyjetson/mobile_robot/ros2_ws/install/amr_interfaces/include/amr_interfaces/amr_interfaces/srv/detail/select_zone__traits.hpp
-- Symlinking: /home/huyjetson/mobile_robot/ros2_ws/install/amr_interfaces/include/amr_interfaces/amr_interfaces/srv/detail/select_zone__type_support.hpp
-- Symlinking: /home/huyjetson/mobile_robot/ros2_ws/install/amr_interfaces/include/amr_interfaces/amr_interfaces/srv/detail/set_ai_mode__builder.hpp
-- Symlinking: /home/huyjetson/mobile_robot/ros2_ws/install/amr_interfaces/include/amr_interfaces/amr_interfaces/srv/detail/set_ai_mode__struct.hpp
-- Symlinking: /home/huyjetson/mobile_robot/ros2_ws/install/amr_interfaces/include/amr_interfaces/amr_interfaces/srv/detail/set_ai_mode__traits.hpp
-- Symlinking: /home/huyjetson/mobile_robot/ros2_ws/install/amr_interfaces/include/amr_interfaces/amr_interfaces/srv/detail/set_ai_mode__type_support.hpp
-- Symlinking: /home/huyjetson/mobile_robot/ros2_ws/install/amr_interfaces/include/amr_interfaces/amr_interfaces/srv/select_zone.hpp
-- Symlinking: /home/huyjetson/mobile_robot/ros2_ws/install/amr_interfaces/include/amr_interfaces/amr_interfaces/srv/set_ai_mode.hpp
-- Symlinking: /home/huyjetson/mobile_robot/ros2_ws/install/amr_interfaces/include/amr_interfaces/amr_interfaces/msg/detail/ai_alert__rosidl_typesupport_fastrtps_cpp.hpp
-- Symlinking: /home/huyjetson/mobile_robot/ros2_ws/install/amr_interfaces/include/amr_interfaces/amr_interfaces/msg/detail/ai_mode__rosidl_typesupport_fastrtps_cpp.hpp
-- Symlinking: /home/huyjetson/mobile_robot/ros2_ws/install/amr_interfaces/include/amr_interfaces/amr_interfaces/msg/detail/person_target__rosidl_typesupport_fastrtps_cpp.hpp
-- Symlinking: /home/huyjetson/mobile_robot/ros2_ws/install/amr_interfaces/include/amr_interfaces/amr_interfaces/msg/rosidl_typesupport_fastrtps_cpp__visibility_control.h
-- Symlinking: /home/huyjetson/mobile_robot/ros2_ws/install/amr_interfaces/include/amr_interfaces/amr_interfaces/srv/detail/select_zone__rosidl_typesupport_fastrtps_cpp.hpp
-- Symlinking: /home/huyjetson/mobile_robot/ros2_ws/install/amr_interfaces/include/amr_interfaces/amr_interfaces/srv/detail/set_ai_mode__rosidl_typesupport_fastrtps_cpp.hpp
-- Symlinking: /home/huyjetson/mobile_robot/ros2_ws/install/amr_interfaces/include/amr_interfaces/amr_interfaces/msg/detail/ai_alert__rosidl_typesupport_introspection_cpp.hpp
-- Symlinking: /home/huyjetson/mobile_robot/ros2_ws/install/amr_interfaces/include/amr_interfaces/amr_interfaces/msg/detail/ai_mode__rosidl_typesupport_introspection_cpp.hpp
-- Symlinking: /home/huyjetson/mobile_robot/ros2_ws/install/amr_interfaces/include/amr_interfaces/amr_interfaces/msg/detail/person_target__rosidl_typesupport_introspection_cpp.hpp
-- Symlinking: /home/huyjetson/mobile_robot/ros2_ws/install/amr_interfaces/include/amr_interfaces/amr_interfaces/srv/detail/select_zone__rosidl_typesupport_introspection_cpp.hpp
-- Symlinking: /home/huyjetson/mobile_robot/ros2_ws/install/amr_interfaces/include/amr_interfaces/amr_interfaces/srv/detail/set_ai_mode__rosidl_typesupport_introspection_cpp.hpp
-- Symlinking: /home/huyjetson/mobile_robot/ros2_ws/install/amr_interfaces/share/amr_interfaces/environment/pythonpath.sh
-- Symlinking: /home/huyjetson/mobile_robot/ros2_ws/install/amr_interfaces/share/amr_interfaces/environment/pythonpath.dsv
-- Symlinking: /home/huyjetson/mobile_robot/ros2_ws/install/amr_interfaces/lib/python3.10/site-packages/amr_interfaces-0.0.1-py3.10.egg-info/PKG-INFO
-- Symlinking: /home/huyjetson/mobile_robot/ros2_ws/install/amr_interfaces/lib/python3.10/site-packages/amr_interfaces-0.0.1-py3.10.egg-info/SOURCES.txt
-- Symlinking: /home/huyjetson/mobile_robot/ros2_ws/install/amr_interfaces/lib/python3.10/site-packages/amr_interfaces-0.0.1-py3.10.egg-info/dependency_links.txt
-- Symlinking: /home/huyjetson/mobile_robot/ros2_ws/install/amr_interfaces/lib/python3.10/site-packages/amr_interfaces-0.0.1-py3.10.egg-info/top_level.txt
-- Symlinking: /home/huyjetson/mobile_robot/ros2_ws/install/amr_interfaces/lib/python3.10/site-packages/amr_interfaces/__init__.py
-- Symlinking: /home/huyjetson/mobile_robot/ros2_ws/install/amr_interfaces/lib/python3.10/site-packages/amr_interfaces/_amr_interfaces_s.ep.rosidl_typesupport_c.c
-- Symlinking: /home/huyjetson/mobile_robot/ros2_ws/install/amr_interfaces/lib/python3.10/site-packages/amr_interfaces/_amr_interfaces_s.ep.rosidl_typesupport_fastrtps_c.c
-- Symlinking: /home/huyjetson/mobile_robot/ros2_ws/install/amr_interfaces/lib/python3.10/site-packages/amr_interfaces/_amr_interfaces_s.ep.rosidl_typesupport_introspection_c.c
-- Symlinking: /home/huyjetson/mobile_robot/ros2_ws/install/amr_interfaces/lib/python3.10/site-packages/amr_interfaces/amr_interfaces_s__rosidl_typesupport_c.cpython-310-aarch64-linux-gnu.so
-- Symlinking: /home/huyjetson/mobile_robot/ros2_ws/install/amr_interfaces/lib/python3.10/site-packages/amr_interfaces/amr_interfaces_s__rosidl_typesupport_fastrtps_c.cpython-310-aarch64-linux-gnu.so
-- Symlinking: /home/huyjetson/mobile_robot/ros2_ws/install/amr_interfaces/lib/python3.10/site-packages/amr_interfaces/amr_interfaces_s__rosidl_typesupport_introspection_c.cpython-310-aarch64-linux-gnu.so
-- Symlinking: /home/huyjetson/mobile_robot/ros2_ws/install/amr_interfaces/lib/python3.10/site-packages/amr_interfaces/libamr_interfaces__rosidl_generator_py.so
-- Symlinking: /home/huyjetson/mobile_robot/ros2_ws/install/amr_interfaces/lib/python3.10/site-packages/amr_interfaces/msg/__init__.py
-- Symlinking: /home/huyjetson/mobile_robot/ros2_ws/install/amr_interfaces/lib/python3.10/site-packages/amr_interfaces/msg/_ai_alert.py
-- Symlinking: /home/huyjetson/mobile_robot/ros2_ws/install/amr_interfaces/lib/python3.10/site-packages/amr_interfaces/msg/_ai_alert_s.c
-- Symlinking: /home/huyjetson/mobile_robot/ros2_ws/install/amr_interfaces/lib/python3.10/site-packages/amr_interfaces/msg/_ai_mode.py
-- Symlinking: /home/huyjetson/mobile_robot/ros2_ws/install/amr_interfaces/lib/python3.10/site-packages/amr_interfaces/msg/_ai_mode_s.c
-- Symlinking: /home/huyjetson/mobile_robot/ros2_ws/install/amr_interfaces/lib/python3.10/site-packages/amr_interfaces/msg/_person_target.py
-- Symlinking: /home/huyjetson/mobile_robot/ros2_ws/install/amr_interfaces/lib/python3.10/site-packages/amr_interfaces/msg/_person_target_s.c
-- Symlinking: /home/huyjetson/mobile_robot/ros2_ws/install/amr_interfaces/lib/python3.10/site-packages/amr_interfaces/srv/__init__.py
-- Symlinking: /home/huyjetson/mobile_robot/ros2_ws/install/amr_interfaces/lib/python3.10/site-packages/amr_interfaces/srv/_select_zone.py
-- Symlinking: /home/huyjetson/mobile_robot/ros2_ws/install/amr_interfaces/lib/python3.10/site-packages/amr_interfaces/srv/_select_zone_s.c
-- Symlinking: /home/huyjetson/mobile_robot/ros2_ws/install/amr_interfaces/lib/python3.10/site-packages/amr_interfaces/srv/_set_ai_mode.py
-- Symlinking: /home/huyjetson/mobile_robot/ros2_ws/install/amr_interfaces/lib/python3.10/site-packages/amr_interfaces/srv/_set_ai_mode_s.c
-- Up-to-date symlink: /home/huyjetson/mobile_robot/ros2_ws/install/amr_interfaces/lib/python3.10/site-packages/amr_interfaces/amr_interfaces_s__rosidl_typesupport_fastrtps_c.cpython-310-aarch64-linux-gnu.so
-- Up-to-date symlink: /home/huyjetson/mobile_robot/ros2_ws/install/amr_interfaces/lib/python3.10/site-packages/amr_interfaces/amr_interfaces_s__rosidl_typesupport_introspection_c.cpython-310-aarch64-linux-gnu.so
-- Up-to-date symlink: /home/huyjetson/mobile_robot/ros2_ws/install/amr_interfaces/lib/python3.10/site-packages/amr_interfaces/amr_interfaces_s__rosidl_typesupport_c.cpython-310-aarch64-linux-gnu.so
-- Symlinking: /home/huyjetson/mobile_robot/ros2_ws/install/amr_interfaces/share/ament_index/resource_index/rust_packages/amr_interfaces
-- Symlinking: /home/huyjetson/mobile_robot/ros2_ws/install/amr_interfaces/share/amr_interfaces/rust/Cargo.toml
-- Symlinking: /home/huyjetson/mobile_robot/ros2_ws/install/amr_interfaces/share/amr_interfaces/rust/build.rs
-- Symlinking: /home/huyjetson/mobile_robot/ros2_ws/install/amr_interfaces/share/amr_interfaces/rust/src/lib.rs
-- Symlinking: /home/huyjetson/mobile_robot/ros2_ws/install/amr_interfaces/share/amr_interfaces/rust/src/msg.rs
-- Symlinking: /home/huyjetson/mobile_robot/ros2_ws/install/amr_interfaces/share/amr_interfaces/rust/src/msg/rmw.rs
-- Symlinking: /home/huyjetson/mobile_robot/ros2_ws/install/amr_interfaces/share/amr_interfaces/rust/src/srv.rs
-- Symlinking: /home/huyjetson/mobile_robot/ros2_ws/install/amr_interfaces/share/amr_interfaces/rust/src/srv/rmw.rs
-- Symlinking: /home/huyjetson/mobile_robot/ros2_ws/install/amr_interfaces/share/amr_interfaces/msg/AiAlert.idl
-- Symlinking: /home/huyjetson/mobile_robot/ros2_ws/install/amr_interfaces/share/amr_interfaces/msg/AiMode.idl
-- Symlinking: /home/huyjetson/mobile_robot/ros2_ws/install/amr_interfaces/share/amr_interfaces/msg/PersonTarget.idl
-- Symlinking: /home/huyjetson/mobile_robot/ros2_ws/install/amr_interfaces/share/amr_interfaces/srv/SetAiMode.idl
-- Symlinking: /home/huyjetson/mobile_robot/ros2_ws/install/amr_interfaces/share/amr_interfaces/srv/SelectZone.idl
-- Symlinking: /home/huyjetson/mobile_robot/ros2_ws/install/amr_interfaces/share/amr_interfaces/msg/AiAlert.msg
-- Symlinking: /home/huyjetson/mobile_robot/ros2_ws/install/amr_interfaces/share/amr_interfaces/msg/AiMode.msg
-- Symlinking: /home/huyjetson/mobile_robot/ros2_ws/install/amr_interfaces/share/amr_interfaces/msg/PersonTarget.msg
-- Symlinking: /home/huyjetson/mobile_robot/ros2_ws/install/amr_interfaces/share/amr_interfaces/srv/SetAiMode.srv
-- Symlinking: /home/huyjetson/mobile_robot/ros2_ws/install/amr_interfaces/share/amr_interfaces/srv/SetAiMode_Request.msg
-- Symlinking: /home/huyjetson/mobile_robot/ros2_ws/install/amr_interfaces/share/amr_interfaces/srv/SetAiMode_Response.msg
-- Symlinking: /home/huyjetson/mobile_robot/ros2_ws/install/amr_interfaces/share/amr_interfaces/srv/SelectZone.srv
-- Symlinking: /home/huyjetson/mobile_robot/ros2_ws/install/amr_interfaces/share/amr_interfaces/srv/SelectZone_Request.msg
-- Symlinking: /home/huyjetson/mobile_robot/ros2_ws/install/amr_interfaces/share/amr_interfaces/srv/SelectZone_Response.msg
-- Symlinking: /home/huyjetson/mobile_robot/ros2_ws/install/amr_interfaces/share/ament_index/resource_index/package_run_dependencies/amr_interfaces
-- Symlinking: /home/huyjetson/mobile_robot/ros2_ws/install/amr_interfaces/share/ament_index/resource_index/parent_prefix_path/amr_interfaces
-- Symlinking: /home/huyjetson/mobile_robot/ros2_ws/install/amr_interfaces/share/amr_interfaces/environment/ament_prefix_path.sh
-- Symlinking: /home/huyjetson/mobile_robot/ros2_ws/install/amr_interfaces/share/amr_interfaces/environment/ament_prefix_path.dsv
-- Symlinking: /home/huyjetson/mobile_robot/ros2_ws/install/amr_interfaces/share/amr_interfaces/environment/path.sh
-- Symlinking: /home/huyjetson/mobile_robot/ros2_ws/install/amr_interfaces/share/amr_interfaces/environment/path.dsv
-- Symlinking: /home/huyjetson/mobile_robot/ros2_ws/install/amr_interfaces/share/amr_interfaces/local_setup.bash
-- Symlinking: /home/huyjetson/mobile_robot/ros2_ws/install/amr_interfaces/share/amr_interfaces/local_setup.sh
-- Symlinking: /home/huyjetson/mobile_robot/ros2_ws/install/amr_interfaces/share/amr_interfaces/local_setup.zsh
-- Symlinking: /home/huyjetson/mobile_robot/ros2_ws/install/amr_interfaces/share/amr_interfaces/local_setup.dsv
-- Symlinking: /home/huyjetson/mobile_robot/ros2_ws/install/amr_interfaces/share/amr_interfaces/package.dsv
-- Symlinking: /home/huyjetson/mobile_robot/ros2_ws/install/amr_interfaces/share/ament_index/resource_index/packages/amr_interfaces
-- Symlinking: /home/huyjetson/mobile_robot/ros2_ws/install/amr_interfaces/share/amr_interfaces/cmake/rosidl_cmake-extras.cmake
-- Symlinking: /home/huyjetson/mobile_robot/ros2_ws/install/amr_interfaces/share/amr_interfaces/cmake/ament_cmake_export_dependencies-extras.cmake
-- Symlinking: /home/huyjetson/mobile_robot/ros2_ws/install/amr_interfaces/share/amr_interfaces/cmake/ament_cmake_export_include_directories-extras.cmake
-- Symlinking: /home/huyjetson/mobile_robot/ros2_ws/install/amr_interfaces/share/amr_interfaces/cmake/ament_cmake_export_libraries-extras.cmake
-- Symlinking: /home/huyjetson/mobile_robot/ros2_ws/install/amr_interfaces/share/amr_interfaces/cmake/ament_cmake_export_targets-extras.cmake
-- Symlinking: /home/huyjetson/mobile_robot/ros2_ws/install/amr_interfaces/share/amr_interfaces/cmake/rosidl_cmake_export_typesupport_targets-extras.cmake
-- Symlinking: /home/huyjetson/mobile_robot/ros2_ws/install/amr_interfaces/share/amr_interfaces/cmake/rosidl_cmake_export_typesupport_libraries-extras.cmake
-- Symlinking: /home/huyjetson/mobile_robot/ros2_ws/install/amr_interfaces/share/amr_interfaces/cmake/amr_interfacesConfig.cmake
-- Symlinking: /home/huyjetson/mobile_robot/ros2_ws/install/amr_interfaces/share/amr_interfaces/cmake/amr_interfacesConfig-version.cmake
-- Symlinking: /home/huyjetson/mobile_robot/ros2_ws/install/amr_interfaces/share/amr_interfaces/package.xml
-- Installing: /home/huyjetson/mobile_robot/ros2_ws/install/amr_interfaces/lib/libamr_interfaces__rosidl_generator_c.so
-- Set runtime path of "/home/huyjetson/mobile_robot/ros2_ws/install/amr_interfaces/lib/libamr_interfaces__rosidl_generator_c.so" to ""
-- Installing: /home/huyjetson/mobile_robot/ros2_ws/install/amr_interfaces/lib/libamr_interfaces__rosidl_typesupport_fastrtps_c.so
-- Set runtime path of "/home/huyjetson/mobile_robot/ros2_ws/install/amr_interfaces/lib/libamr_interfaces__rosidl_typesupport_fastrtps_c.so" to ""
-- Installing: /home/huyjetson/mobile_robot/ros2_ws/install/amr_interfaces/lib/libamr_interfaces__rosidl_typesupport_introspection_c.so
-- Set runtime path of "/home/huyjetson/mobile_robot/ros2_ws/install/amr_interfaces/lib/libamr_interfaces__rosidl_typesupport_introspection_c.so" to ""
-- Installing: /home/huyjetson/mobile_robot/ros2_ws/install/amr_interfaces/lib/libamr_interfaces__rosidl_typesupport_c.so
-- Set runtime path of "/home/huyjetson/mobile_robot/ros2_ws/install/amr_interfaces/lib/libamr_interfaces__rosidl_typesupport_c.so" to ""
-- Installing: /home/huyjetson/mobile_robot/ros2_ws/install/amr_interfaces/lib/libamr_interfaces__rosidl_typesupport_fastrtps_cpp.so
-- Set runtime path of "/home/huyjetson/mobile_robot/ros2_ws/install/amr_interfaces/lib/libamr_interfaces__rosidl_typesupport_fastrtps_cpp.so" to ""
-- Installing: /home/huyjetson/mobile_robot/ros2_ws/install/amr_interfaces/lib/libamr_interfaces__rosidl_typesupport_introspection_cpp.so
-- Set runtime path of "/home/huyjetson/mobile_robot/ros2_ws/install/amr_interfaces/lib/libamr_interfaces__rosidl_typesupport_introspection_cpp.so" to ""
-- Installing: /home/huyjetson/mobile_robot/ros2_ws/install/amr_interfaces/lib/libamr_interfaces__rosidl_typesupport_cpp.so
-- Set runtime path of "/home/huyjetson/mobile_robot/ros2_ws/install/amr_interfaces/lib/libamr_interfaces__rosidl_typesupport_cpp.so" to ""
Listing '/home/huyjetson/mobile_robot/ros2_ws/install/amr_interfaces/lib/python3.10/site-packages/amr_interfaces'...
Compiling '/home/huyjetson/mobile_robot/ros2_ws/install/amr_interfaces/lib/python3.10/site-packages/amr_interfaces/__init__.py'...
Listing '/home/huyjetson/mobile_robot/ros2_ws/install/amr_interfaces/lib/python3.10/site-packages/amr_interfaces/msg'...
Compiling '/home/huyjetson/mobile_robot/ros2_ws/install/amr_interfaces/lib/python3.10/site-packages/amr_interfaces/msg/__init__.py'...
Compiling '/home/huyjetson/mobile_robot/ros2_ws/install/amr_interfaces/lib/python3.10/site-packages/amr_interfaces/msg/_ai_alert.py'...
Compiling '/home/huyjetson/mobile_robot/ros2_ws/install/amr_interfaces/lib/python3.10/site-packages/amr_interfaces/msg/_ai_mode.py'...
Compiling '/home/huyjetson/mobile_robot/ros2_ws/install/amr_interfaces/lib/python3.10/site-packages/amr_interfaces/msg/_person_target.py'...
Listing '/home/huyjetson/mobile_robot/ros2_ws/install/amr_interfaces/lib/python3.10/site-packages/amr_interfaces/srv'...
Compiling '/home/huyjetson/mobile_robot/ros2_ws/install/amr_interfaces/lib/python3.10/site-packages/amr_interfaces/srv/__init__.py'...
Compiling '/home/huyjetson/mobile_robot/ros2_ws/install/amr_interfaces/lib/python3.10/site-packages/amr_interfaces/srv/_select_zone.py'...
Compiling '/home/huyjetson/mobile_robot/ros2_ws/install/amr_interfaces/lib/python3.10/site-packages/amr_interfaces/srv/_set_ai_mode.py'...
-- Installing: /home/huyjetson/mobile_robot/ros2_ws/install/amr_interfaces/lib/libamr_interfaces__rosidl_generator_py.so
-- Set runtime path of "/home/huyjetson/mobile_robot/ros2_ws/install/amr_interfaces/lib/libamr_interfaces__rosidl_generator_py.so" to ""
-- Installing: /home/huyjetson/mobile_robot/ros2_ws/install/amr_interfaces/share/amr_interfaces/cmake/export_amr_interfaces__rosidl_generator_cExport.cmake
-- Installing: /home/huyjetson/mobile_robot/ros2_ws/install/amr_interfaces/share/amr_interfaces/cmake/export_amr_interfaces__rosidl_generator_cExport-noconfig.cmake
-- Installing: /home/huyjetson/mobile_robot/ros2_ws/install/amr_interfaces/share/amr_interfaces/cmake/export_amr_interfaces__rosidl_typesupport_fastrtps_cExport.cmake
-- Installing: /home/huyjetson/mobile_robot/ros2_ws/install/amr_interfaces/share/amr_interfaces/cmake/export_amr_interfaces__rosidl_typesupport_fastrtps_cExport-noconfig.cmake
-- Installing: /home/huyjetson/mobile_robot/ros2_ws/install/amr_interfaces/share/amr_interfaces/cmake/amr_interfaces__rosidl_typesupport_introspection_cExport.cmake
-- Installing: /home/huyjetson/mobile_robot/ros2_ws/install/amr_interfaces/share/amr_interfaces/cmake/amr_interfaces__rosidl_typesupport_introspection_cExport-noconfig.cmake
-- Installing: /home/huyjetson/mobile_robot/ros2_ws/install/amr_interfaces/share/amr_interfaces/cmake/amr_interfaces__rosidl_typesupport_cExport.cmake
-- Installing: /home/huyjetson/mobile_robot/ros2_ws/install/amr_interfaces/share/amr_interfaces/cmake/amr_interfaces__rosidl_typesupport_cExport-noconfig.cmake
-- Installing: /home/huyjetson/mobile_robot/ros2_ws/install/amr_interfaces/share/amr_interfaces/cmake/export_amr_interfaces__rosidl_generator_cppExport.cmake
-- Installing: /home/huyjetson/mobile_robot/ros2_ws/install/amr_interfaces/share/amr_interfaces/cmake/export_amr_interfaces__rosidl_typesupport_fastrtps_cppExport.cmake
-- Installing: /home/huyjetson/mobile_robot/ros2_ws/install/amr_interfaces/share/amr_interfaces/cmake/export_amr_interfaces__rosidl_typesupport_fastrtps_cppExport-noconfig.cmake
-- Installing: /home/huyjetson/mobile_robot/ros2_ws/install/amr_interfaces/share/amr_interfaces/cmake/amr_interfaces__rosidl_typesupport_introspection_cppExport.cmake
-- Installing: /home/huyjetson/mobile_robot/ros2_ws/install/amr_interfaces/share/amr_interfaces/cmake/amr_interfaces__rosidl_typesupport_introspection_cppExport-noconfig.cmake
-- Installing: /home/huyjetson/mobile_robot/ros2_ws/install/amr_interfaces/share/amr_interfaces/cmake/amr_interfaces__rosidl_typesupport_cppExport.cmake
-- Installing: /home/huyjetson/mobile_robot/ros2_ws/install/amr_interfaces/share/amr_interfaces/cmake/amr_interfaces__rosidl_typesupport_cppExport-noconfig.cmake
-- Installing: /home/huyjetson/mobile_robot/ros2_ws/install/amr_interfaces/share/amr_interfaces/cmake/export_amr_interfaces__rosidl_generator_pyExport.cmake
-- Installing: /home/huyjetson/mobile_robot/ros2_ws/install/amr_interfaces/share/amr_interfaces/cmake/export_amr_interfaces__rosidl_generator_pyExport-noconfig.cmake
