[0.822s] Invoking command in '/home/huyjetson/mobile_robot/ros2_ws/build/amr_control': CMAKE_PREFIX_PATH=${CMAKE_PREFIX_PATH}:/home/huyjetson/mobile_robot/ros2_ws/install/amr_sensors:/home/huyjetson/mobile_robot/ros2_ws/install/amr_ai:/home/huyjetson/mobile_robot/ros2_ws/install/amr_bringup:/opt/ros/humble PS1=(ai_ros_venv) \[\e]0;\u@\h: \w\a\]${debian_chroot:+($debian_chroot)}\[\033[01;32m\]\u@\h\[\033[00m\]:\[\033[01;34m\]\w\[\033[00m\]\$ VIRTUAL_ENV_PROMPT=(ai_ros_venv) /usr/bin/cmake --build /home/huyjetson/mobile_robot/ros2_ws/build/amr_control -- -j6 -l6
[1.313s] [35m[1mConsolidate compiler generated dependencies of target arduino_bridge[0m
[1.366s] [ 50%] [32mBuilding CXX object CMakeFiles/arduino_bridge.dir/src/arduino_bridge.cpp.o[0m
[28.730s] [100%] [32m[1mLinking CXX executable arduino_bridge[0m
[30.131s] [100%] Built target arduino_bridge
[30.165s] Invoked command in '/home/huyjetson/mobile_robot/ros2_ws/build/amr_control' returned '0': CMAKE_PREFIX_PATH=${CMAKE_PREFIX_PATH}:/home/huyjetson/mobile_robot/ros2_ws/install/amr_sensors:/home/huyjetson/mobile_robot/ros2_ws/install/amr_ai:/home/huyjetson/mobile_robot/ros2_ws/install/amr_bringup:/opt/ros/humble PS1=(ai_ros_venv) \[\e]0;\u@\h: \w\a\]${debian_chroot:+($debian_chroot)}\[\033[01;32m\]\u@\h\[\033[00m\]:\[\033[01;34m\]\w\[\033[00m\]\$ VIRTUAL_ENV_PROMPT=(ai_ros_venv) /usr/bin/cmake --build /home/huyjetson/mobile_robot/ros2_ws/build/amr_control -- -j6 -l6
[30.173s] Invoking command in '/home/huyjetson/mobile_robot/ros2_ws/build/amr_control': CMAKE_PREFIX_PATH=${CMAKE_PREFIX_PATH}:/home/huyjetson/mobile_robot/ros2_ws/install/amr_sensors:/home/huyjetson/mobile_robot/ros2_ws/install/amr_ai:/home/huyjetson/mobile_robot/ros2_ws/install/amr_bringup:/opt/ros/humble PS1=(ai_ros_venv) \[\e]0;\u@\h: \w\a\]${debian_chroot:+($debian_chroot)}\[\033[01;32m\]\u@\h\[\033[00m\]:\[\033[01;34m\]\w\[\033[00m\]\$ VIRTUAL_ENV_PROMPT=(ai_ros_venv) /usr/bin/cmake --install /home/huyjetson/mobile_robot/ros2_ws/build/amr_control
[30.197s] -- Install configuration: ""
[30.198s] -- Execute custom install script
[30.198s] -- Up-to-date symlink: /home/huyjetson/mobile_robot/ros2_ws/install/amr_control/lib/amr_control/arduino_bridge
[30.199s] -- Up-to-date symlink: /home/huyjetson/mobile_robot/ros2_ws/install/amr_control/share/ament_index/resource_index/package_run_dependencies/amr_control
[30.199s] -- Up-to-date symlink: /home/huyjetson/mobile_robot/ros2_ws/install/amr_control/share/ament_index/resource_index/parent_prefix_path/amr_control
[30.200s] -- Up-to-date symlink: /home/huyjetson/mobile_robot/ros2_ws/install/amr_control/share/amr_control/environment/ament_prefix_path.sh
[30.200s] -- Up-to-date symlink: /home/huyjetson/mobile_robot/ros2_ws/install/amr_control/share/amr_control/environment/ament_prefix_path.dsv
[30.200s] -- Up-to-date symlink: /home/huyjetson/mobile_robot/ros2_ws/install/amr_control/share/amr_control/environment/path.sh
[30.201s] -- Up-to-date symlink: /home/huyjetson/mobile_robot/ros2_ws/install/amr_control/share/amr_control/environment/path.dsv
[30.201s] -- Up-to-date symlink: /home/huyjetson/mobile_robot/ros2_ws/install/amr_control/share/amr_control/local_setup.bash
[30.201s] -- Up-to-date symlink: /home/huyjetson/mobile_robot/ros2_ws/install/amr_control/share/amr_control/local_setup.sh
[30.202s] -- Up-to-date symlink: /home/huyjetson/mobile_robot/ros2_ws/install/amr_control/share/amr_control/local_setup.zsh
[30.202s] -- Up-to-date symlink: /home/huyjetson/mobile_robot/ros2_ws/install/amr_control/share/amr_control/local_setup.dsv
[30.202s] -- Symlinking: /home/huyjetson/mobile_robot/ros2_ws/install/amr_control/share/amr_control/package.dsv
[30.227s] -- Up-to-date symlink: /home/huyjetson/mobile_robot/ros2_ws/install/amr_control/share/ament_index/resource_index/packages/amr_control
[30.227s] -- Up-to-date symlink: /home/huyjetson/mobile_robot/ros2_ws/install/amr_control/share/amr_control/cmake/amr_controlConfig.cmake
[30.227s] -- Up-to-date symlink: /home/huyjetson/mobile_robot/ros2_ws/install/amr_control/share/amr_control/cmake/amr_controlConfig-version.cmake
[30.228s] -- Up-to-date symlink: /home/huyjetson/mobile_robot/ros2_ws/install/amr_control/share/amr_control/package.xml
[30.235s] Invoked command in '/home/huyjetson/mobile_robot/ros2_ws/build/amr_control' returned '0': CMAKE_PREFIX_PATH=${CMAKE_PREFIX_PATH}:/home/huyjetson/mobile_robot/ros2_ws/install/amr_sensors:/home/huyjetson/mobile_robot/ros2_ws/install/amr_ai:/home/huyjetson/mobile_robot/ros2_ws/install/amr_bringup:/opt/ros/humble PS1=(ai_ros_venv) \[\e]0;\u@\h: \w\a\]${debian_chroot:+($debian_chroot)}\[\033[01;32m\]\u@\h\[\033[00m\]:\[\033[01;34m\]\w\[\033[00m\]\$ VIRTUAL_ENV_PROMPT=(ai_ros_venv) /usr/bin/cmake --install /home/huyjetson/mobile_robot/ros2_ws/build/amr_control
