[0.032s] Invoking command in '/home/huyjetson/mobile_robot/ros2_ws/build/amr_navigation': CMAKE_PREFIX_PATH=/home/huyjetson/mobile_robot/ros2_ws/install/amr_slam:/home/huyjetson/mobile_robot/ros2_ws/install/sllidar_ros2:/home/huyjetson/mobile_robot/ros2_ws/install/multirobot_map_merge:/home/huyjetson/mobile_robot/ros2_ws/install/explore_lite:/home/huyjetson/mobile_robot/ros2_ws/install/explore_lite_msgs:/home/huyjetson/mobile_robot/ros2_ws/install/astra_camera:/home/huyjetson/mobile_robot/ros2_ws/install/astra_camera_msgs:/home/huyjetson/mobile_robot/ros2_ws/install/amr_navigation:/home/huyjetson/mobile_robot/ros2_ws/install/amr_pointcloud_filter:/home/huyjetson/mobile_robot/ros2_ws/install/amr_interfaces:/home/huyjetson/mobile_robot/ros2_ws/install/amr_description:/home/huyjetson/mobile_robot/ros2_ws/install/amr_control:/home/huyjetson/mobile_robot/ros2_ws/install/amr_sensors:/home/huyjetson/mobile_robot/ros2_ws/install/amr_ai:/home/huyjetson/mobile_robot/ros2_ws/install/amr_bringup:/opt/ros/humble PS1=(ai_ros_venv) \[\e]0;\u@\h: \w\a\]${debian_chroot:+($debian_chroot)}\[\033[01;32m\]\u@\h\[\033[00m\]:\[\033[01;34m\]\w\[\033[00m\]\$ VIRTUAL_ENV_PROMPT=(ai_ros_venv) /usr/bin/cmake /home/huyjetson/mobile_robot/ros2_ws/src/amr_navigation -DAMENT_CMAKE_SYMLINK_INSTALL=1 -DCMAKE_INSTALL_PREFIX=/home/huyjetson/mobile_robot/ros2_ws/install/amr_navigation
[0.782s] -- The C compiler identification is GNU 11.4.0
[1.273s] -- The CXX compiler identification is GNU 11.4.0
[1.309s] -- Detecting C compiler ABI info
[1.507s] -- Detecting C compiler ABI info - done
[1.534s] -- Check for working C compiler: /usr/bin/cc - skipped
[1.537s] -- Detecting C compile features
[1.541s] -- Detecting C compile features - done
[1.555s] -- Detecting CXX compiler ABI info
[1.779s] -- Detecting CXX compiler ABI info - done
[1.806s] -- Check for working CXX compiler: /usr/bin/c++ - skipped
[1.807s] -- Detecting CXX compile features
[1.809s] -- Detecting CXX compile features - done
[1.832s] -- Found ament_cmake: 1.3.14 (/opt/ros/humble/share/ament_cmake/cmake)
[2.258s] -- Found Python3: /home/huyjetson/mobile_robot/ai_ros_venv/bin/python3 (found version "3.10.12") found components: Interpreter 
[2.441s] -- Override CMake install command with custom implementation using symlinks instead of copying resources
[2.568s] -- Found ament_lint_auto: 0.12.15 (/opt/ros/humble/share/ament_lint_auto/cmake)
[2.807s] -- Added test 'flake8' to check Python code syntax and style conventions
[2.809s] -- Added test 'lint_cmake' to check CMake code style
[2.810s] -- Added test 'pep257' to check Python code against some of the docstring style conventions in PEP 257
[2.814s] -- Added test 'xmllint' to check XML markup files
[2.819s] -- Configuring done
[2.827s] -- Generating done
[2.832s] -- Build files have been written to: /home/huyjetson/mobile_robot/ros2_ws/build/amr_navigation
[2.847s] Invoked command in '/home/huyjetson/mobile_robot/ros2_ws/build/amr_navigation' returned '0': CMAKE_PREFIX_PATH=/home/huyjetson/mobile_robot/ros2_ws/install/amr_slam:/home/huyjetson/mobile_robot/ros2_ws/install/sllidar_ros2:/home/huyjetson/mobile_robot/ros2_ws/install/multirobot_map_merge:/home/huyjetson/mobile_robot/ros2_ws/install/explore_lite:/home/huyjetson/mobile_robot/ros2_ws/install/explore_lite_msgs:/home/huyjetson/mobile_robot/ros2_ws/install/astra_camera:/home/huyjetson/mobile_robot/ros2_ws/install/astra_camera_msgs:/home/huyjetson/mobile_robot/ros2_ws/install/amr_navigation:/home/huyjetson/mobile_robot/ros2_ws/install/amr_pointcloud_filter:/home/huyjetson/mobile_robot/ros2_ws/install/amr_interfaces:/home/huyjetson/mobile_robot/ros2_ws/install/amr_description:/home/huyjetson/mobile_robot/ros2_ws/install/amr_control:/home/huyjetson/mobile_robot/ros2_ws/install/amr_sensors:/home/huyjetson/mobile_robot/ros2_ws/install/amr_ai:/home/huyjetson/mobile_robot/ros2_ws/install/amr_bringup:/opt/ros/humble PS1=(ai_ros_venv) \[\e]0;\u@\h: \w\a\]${debian_chroot:+($debian_chroot)}\[\033[01;32m\]\u@\h\[\033[00m\]:\[\033[01;34m\]\w\[\033[00m\]\$ VIRTUAL_ENV_PROMPT=(ai_ros_venv) /usr/bin/cmake /home/huyjetson/mobile_robot/ros2_ws/src/amr_navigation -DAMENT_CMAKE_SYMLINK_INSTALL=1 -DCMAKE_INSTALL_PREFIX=/home/huyjetson/mobile_robot/ros2_ws/install/amr_navigation
[2.856s] Invoking command in '/home/huyjetson/mobile_robot/ros2_ws/build/amr_navigation': CMAKE_PREFIX_PATH=/home/huyjetson/mobile_robot/ros2_ws/install/amr_slam:/home/huyjetson/mobile_robot/ros2_ws/install/sllidar_ros2:/home/huyjetson/mobile_robot/ros2_ws/install/multirobot_map_merge:/home/huyjetson/mobile_robot/ros2_ws/install/explore_lite:/home/huyjetson/mobile_robot/ros2_ws/install/explore_lite_msgs:/home/huyjetson/mobile_robot/ros2_ws/install/astra_camera:/home/huyjetson/mobile_robot/ros2_ws/install/astra_camera_msgs:/home/huyjetson/mobile_robot/ros2_ws/install/amr_navigation:/home/huyjetson/mobile_robot/ros2_ws/install/amr_pointcloud_filter:/home/huyjetson/mobile_robot/ros2_ws/install/amr_interfaces:/home/huyjetson/mobile_robot/ros2_ws/install/amr_description:/home/huyjetson/mobile_robot/ros2_ws/install/amr_control:/home/huyjetson/mobile_robot/ros2_ws/install/amr_sensors:/home/huyjetson/mobile_robot/ros2_ws/install/amr_ai:/home/huyjetson/mobile_robot/ros2_ws/install/amr_bringup:/opt/ros/humble PS1=(ai_ros_venv) \[\e]0;\u@\h: \w\a\]${debian_chroot:+($debian_chroot)}\[\033[01;32m\]\u@\h\[\033[00m\]:\[\033[01;34m\]\w\[\033[00m\]\$ VIRTUAL_ENV_PROMPT=(ai_ros_venv) /usr/bin/cmake --build /home/huyjetson/mobile_robot/ros2_ws/build/amr_navigation -- -j6 -l6
[2.955s] Invoked command in '/home/huyjetson/mobile_robot/ros2_ws/build/amr_navigation' returned '0': CMAKE_PREFIX_PATH=/home/huyjetson/mobile_robot/ros2_ws/install/amr_slam:/home/huyjetson/mobile_robot/ros2_ws/install/sllidar_ros2:/home/huyjetson/mobile_robot/ros2_ws/install/multirobot_map_merge:/home/huyjetson/mobile_robot/ros2_ws/install/explore_lite:/home/huyjetson/mobile_robot/ros2_ws/install/explore_lite_msgs:/home/huyjetson/mobile_robot/ros2_ws/install/astra_camera:/home/huyjetson/mobile_robot/ros2_ws/install/astra_camera_msgs:/home/huyjetson/mobile_robot/ros2_ws/install/amr_navigation:/home/huyjetson/mobile_robot/ros2_ws/install/amr_pointcloud_filter:/home/huyjetson/mobile_robot/ros2_ws/install/amr_interfaces:/home/huyjetson/mobile_robot/ros2_ws/install/amr_description:/home/huyjetson/mobile_robot/ros2_ws/install/amr_control:/home/huyjetson/mobile_robot/ros2_ws/install/amr_sensors:/home/huyjetson/mobile_robot/ros2_ws/install/amr_ai:/home/huyjetson/mobile_robot/ros2_ws/install/amr_bringup:/opt/ros/humble PS1=(ai_ros_venv) \[\e]0;\u@\h: \w\a\]${debian_chroot:+($debian_chroot)}\[\033[01;32m\]\u@\h\[\033[00m\]:\[\033[01;34m\]\w\[\033[00m\]\$ VIRTUAL_ENV_PROMPT=(ai_ros_venv) /usr/bin/cmake --build /home/huyjetson/mobile_robot/ros2_ws/build/amr_navigation -- -j6 -l6
[2.988s] Invoking command in '/home/huyjetson/mobile_robot/ros2_ws/build/amr_navigation': CMAKE_PREFIX_PATH=/home/huyjetson/mobile_robot/ros2_ws/install/amr_slam:/home/huyjetson/mobile_robot/ros2_ws/install/sllidar_ros2:/home/huyjetson/mobile_robot/ros2_ws/install/multirobot_map_merge:/home/huyjetson/mobile_robot/ros2_ws/install/explore_lite:/home/huyjetson/mobile_robot/ros2_ws/install/explore_lite_msgs:/home/huyjetson/mobile_robot/ros2_ws/install/astra_camera:/home/huyjetson/mobile_robot/ros2_ws/install/astra_camera_msgs:/home/huyjetson/mobile_robot/ros2_ws/install/amr_navigation:/home/huyjetson/mobile_robot/ros2_ws/install/amr_pointcloud_filter:/home/huyjetson/mobile_robot/ros2_ws/install/amr_interfaces:/home/huyjetson/mobile_robot/ros2_ws/install/amr_description:/home/huyjetson/mobile_robot/ros2_ws/install/amr_control:/home/huyjetson/mobile_robot/ros2_ws/install/amr_sensors:/home/huyjetson/mobile_robot/ros2_ws/install/amr_ai:/home/huyjetson/mobile_robot/ros2_ws/install/amr_bringup:/opt/ros/humble PS1=(ai_ros_venv) \[\e]0;\u@\h: \w\a\]${debian_chroot:+($debian_chroot)}\[\033[01;32m\]\u@\h\[\033[00m\]:\[\033[01;34m\]\w\[\033[00m\]\$ VIRTUAL_ENV_PROMPT=(ai_ros_venv) /usr/bin/cmake --install /home/huyjetson/mobile_robot/ros2_ws/build/amr_navigation
[3.014s] -- Install configuration: ""
[3.015s] -- Execute custom install script
[3.016s] -- Symlinking: /home/huyjetson/mobile_robot/ros2_ws/install/amr_navigation/share/amr_navigation/config/explore.yaml
[3.039s] -- Symlinking: /home/huyjetson/mobile_robot/ros2_ws/install/amr_navigation/share/amr_navigation/config/nav2_params_MPPI.yaml
[3.062s] -- Symlinking: /home/huyjetson/mobile_robot/ros2_ws/install/amr_navigation/share/amr_navigation/config/nav2_params_fusion.yaml
[3.084s] -- Symlinking: /home/huyjetson/mobile_robot/ros2_ws/install/amr_navigation/share/amr_navigation/launch/__pycache__/nav_fusion.launch.cpython-310.pyc
[3.113s] -- Symlinking: /home/huyjetson/mobile_robot/ros2_ws/install/amr_navigation/share/amr_navigation/launch/explore.launch.py
[3.140s] -- Symlinking: /home/huyjetson/mobile_robot/ros2_ws/install/amr_navigation/share/amr_navigation/launch/nav_fusion.launch.py
[3.162s] -- Symlinking: /home/huyjetson/mobile_robot/ros2_ws/install/amr_navigation/share/amr_navigation/launch/navigation.launch.py
[3.186s] -- Symlinking: /home/huyjetson/mobile_robot/ros2_ws/install/amr_navigation/share/amr_navigation/rviz/view_robot.rviz
[3.214s] -- Symlinking: /home/huyjetson/mobile_robot/ros2_ws/install/amr_navigation/lib/amr_navigation/auto_map_saver.py
[3.237s] -- Symlinking: /home/huyjetson/mobile_robot/ros2_ws/install/amr_navigation/lib/amr_navigation/init_move.py
[3.258s] -- Symlinking: /home/huyjetson/mobile_robot/ros2_ws/install/amr_navigation/lib/amr_navigation/esp32_waypoint_server.py
[3.281s] [31mCMake Error at ament_cmake_symlink_install/ament_cmake_symlink_install.cmake:209 (message):
[3.281s]   ament_cmake_symlink_install_programs() can't find
[3.281s]   '/home/huyjetson/mobile_robot/ros2_ws/src/amr_navigation/scripts/live_octomap_reset.py'
[3.281s] Call Stack (most recent call first):
[3.282s]   ament_cmake_symlink_install/ament_cmake_symlink_install.cmake:322 (ament_cmake_symlink_install_programs)
[3.282s]   cmake_install.cmake:46 (include)
[3.282s] 
[3.282s] [0m
[3.286s] Invoked command in '/home/huyjetson/mobile_robot/ros2_ws/build/amr_navigation' returned '1': CMAKE_PREFIX_PATH=/home/huyjetson/mobile_robot/ros2_ws/install/amr_slam:/home/huyjetson/mobile_robot/ros2_ws/install/sllidar_ros2:/home/huyjetson/mobile_robot/ros2_ws/install/multirobot_map_merge:/home/huyjetson/mobile_robot/ros2_ws/install/explore_lite:/home/huyjetson/mobile_robot/ros2_ws/install/explore_lite_msgs:/home/huyjetson/mobile_robot/ros2_ws/install/astra_camera:/home/huyjetson/mobile_robot/ros2_ws/install/astra_camera_msgs:/home/huyjetson/mobile_robot/ros2_ws/install/amr_navigation:/home/huyjetson/mobile_robot/ros2_ws/install/amr_pointcloud_filter:/home/huyjetson/mobile_robot/ros2_ws/install/amr_interfaces:/home/huyjetson/mobile_robot/ros2_ws/install/amr_description:/home/huyjetson/mobile_robot/ros2_ws/install/amr_control:/home/huyjetson/mobile_robot/ros2_ws/install/amr_sensors:/home/huyjetson/mobile_robot/ros2_ws/install/amr_ai:/home/huyjetson/mobile_robot/ros2_ws/install/amr_bringup:/opt/ros/humble PS1=(ai_ros_venv) \[\e]0;\u@\h: \w\a\]${debian_chroot:+($debian_chroot)}\[\033[01;32m\]\u@\h\[\033[00m\]:\[\033[01;34m\]\w\[\033[00m\]\$ VIRTUAL_ENV_PROMPT=(ai_ros_venv) /usr/bin/cmake --install /home/huyjetson/mobile_robot/ros2_ws/build/amr_navigation
